<?xml version="1.0" encoding="ISO-8859-1" ?>
<link_info>
   <banner>TI ARM Clang Linker PC v4.0.0.LTS</banner>
   <copyright>Copyright (c) 1996-2018 Texas Instruments Incorporated</copyright>
   <command_line>E:\ti\CCS_THEIA\ccs\tools\compiler\ti-cgt-armllvm_4.0.0.LTS\bin\tiarmlnk -IE:\ti\CCS_THEIA\ccs\tools\compiler\ti-cgt-armllvm_4.0.0.LTS\lib -o 01_RF_Amplifier.out -m01_RF_Amplifier.map -iE:/ti/SDK/mspm0_sdk_2_04_00_06/source -iE:/ti/workspace/01_RF_Amplifier -iE:/ti/workspace/01_RF_Amplifier/Debug/syscfg -iE:/ti/CCS_THEIA/ccs/tools/compiler/ti-cgt-armllvm_4.0.0.LTS/lib --diag_wrap=off --display_error_number --warn_sections --xml_link_info=01_RF_Amplifier_linkInfo.xml --rom_model ./RF_Amplifier.o ./ti_msp_dl_config.o ./startup_mspm0g350x_ticlang.o ./HARDWARE/ADC/ADC.o ./HARDWARE/BTN/BTN.o ./HARDWARE/DAC/DAC.o ./HARDWARE/FREQ_DECODER/FREQ_DECODER.o ./HARDWARE/LCD/HMI_GUI.o ./HARDWARE/LCD/tjc_usart_hmi.o ./HARDWARE/ROTARY_ENCODER/ROTARY_ENCODER.o ./HARDWARE/TICK/Tick.o -l./device_linker.cmd -ldevice.cmd.genlibs -llibc.a --start-group -llibc++.a -llibc++abi.a -llibc.a -llibsys.a -llibsysbm.a -llibclang_rt.builtins.a -llibclang_rt.profile.a --end-group --cg_opt_level=0</command_line>
   <link_time>0x6811e919</link_time>
   <link_errors>0x0</link_errors>
   <output_file>E:\ti\workspace\01_RF_Amplifier\Debug\01_RF_Amplifier.out</output_file>
   <entry_point>
      <name>_c_int00_noargs</name>
      <address>0x3501</address>
   </entry_point>
   <input_file_list>
      <input_file id="fl-1">
         <path>E:\ti\workspace\01_RF_Amplifier\Debug\.\</path>
         <kind>object</kind>
         <file>RF_Amplifier.o</file>
         <name>RF_Amplifier.o</name>
      </input_file>
      <input_file id="fl-2">
         <path>E:\ti\workspace\01_RF_Amplifier\Debug\.\</path>
         <kind>object</kind>
         <file>ti_msp_dl_config.o</file>
         <name>ti_msp_dl_config.o</name>
      </input_file>
      <input_file id="fl-3">
         <path>E:\ti\workspace\01_RF_Amplifier\Debug\.\</path>
         <kind>object</kind>
         <file>startup_mspm0g350x_ticlang.o</file>
         <name>startup_mspm0g350x_ticlang.o</name>
      </input_file>
      <input_file id="fl-4">
         <path>E:\ti\workspace\01_RF_Amplifier\Debug\.\HARDWARE\ADC\</path>
         <kind>object</kind>
         <file>ADC.o</file>
         <name>ADC.o</name>
      </input_file>
      <input_file id="fl-5">
         <path>E:\ti\workspace\01_RF_Amplifier\Debug\.\HARDWARE\BTN\</path>
         <kind>object</kind>
         <file>BTN.o</file>
         <name>BTN.o</name>
      </input_file>
      <input_file id="fl-6">
         <path>E:\ti\workspace\01_RF_Amplifier\Debug\.\HARDWARE\DAC\</path>
         <kind>object</kind>
         <file>DAC.o</file>
         <name>DAC.o</name>
      </input_file>
      <input_file id="fl-7">
         <path>E:\ti\workspace\01_RF_Amplifier\Debug\.\HARDWARE\FREQ_DECODER\</path>
         <kind>object</kind>
         <file>FREQ_DECODER.o</file>
         <name>FREQ_DECODER.o</name>
      </input_file>
      <input_file id="fl-8">
         <path>E:\ti\workspace\01_RF_Amplifier\Debug\.\HARDWARE\LCD\</path>
         <kind>object</kind>
         <file>HMI_GUI.o</file>
         <name>HMI_GUI.o</name>
      </input_file>
      <input_file id="fl-9">
         <path>E:\ti\workspace\01_RF_Amplifier\Debug\.\HARDWARE\LCD\</path>
         <kind>object</kind>
         <file>tjc_usart_hmi.o</file>
         <name>tjc_usart_hmi.o</name>
      </input_file>
      <input_file id="fl-a">
         <path>E:\ti\workspace\01_RF_Amplifier\Debug\.\HARDWARE\ROTARY_ENCODER\</path>
         <kind>object</kind>
         <file>ROTARY_ENCODER.o</file>
         <name>ROTARY_ENCODER.o</name>
      </input_file>
      <input_file id="fl-b">
         <path>E:\ti\workspace\01_RF_Amplifier\Debug\.\HARDWARE\TICK\</path>
         <kind>object</kind>
         <file>Tick.o</file>
         <name>Tick.o</name>
      </input_file>
      <input_file id="fl-18">
         <path>E:\ti\workspace\01_RF_Amplifier\Debug\</path>
         <kind>object</kind>
         <file>&lt;internal&gt;</file>
         <name>&lt;internal&gt;</name>
      </input_file>
      <input_file id="fl-19">
         <path>E:\ti\SDK\mspm0_sdk_2_04_00_06\source\ti\driverlib\lib\ticlang\m0p\mspm0g1x0x_g3x0x\</path>
         <kind>archive</kind>
         <file>driverlib.a</file>
         <name>dl_adc12.o</name>
      </input_file>
      <input_file id="fl-1a">
         <path>E:\ti\SDK\mspm0_sdk_2_04_00_06\source\ti\driverlib\lib\ticlang\m0p\mspm0g1x0x_g3x0x\</path>
         <kind>archive</kind>
         <file>driverlib.a</file>
         <name>dl_common.o</name>
      </input_file>
      <input_file id="fl-1b">
         <path>E:\ti\SDK\mspm0_sdk_2_04_00_06\source\ti\driverlib\lib\ticlang\m0p\mspm0g1x0x_g3x0x\</path>
         <kind>archive</kind>
         <file>driverlib.a</file>
         <name>dl_dac12.o</name>
      </input_file>
      <input_file id="fl-1c">
         <path>E:\ti\SDK\mspm0_sdk_2_04_00_06\source\ti\driverlib\lib\ticlang\m0p\mspm0g1x0x_g3x0x\</path>
         <kind>archive</kind>
         <file>driverlib.a</file>
         <name>dl_uart.o</name>
      </input_file>
      <input_file id="fl-31">
         <path>E:\ti\CCS_THEIA\ccs\tools\compiler\ti-cgt-armllvm_4.0.0.LTS\lib\armv6m-ti-none-eabi\c\</path>
         <kind>archive</kind>
         <file>libc.a</file>
         <name>sprintf.c.obj</name>
      </input_file>
      <input_file id="fl-32">
         <path>E:\ti\CCS_THEIA\ccs\tools\compiler\ti-cgt-armllvm_4.0.0.LTS\lib\armv6m-ti-none-eabi\c\</path>
         <kind>archive</kind>
         <file>libc.a</file>
         <name>vsnprintf.c.obj</name>
      </input_file>
      <input_file id="fl-33">
         <path>E:\ti\CCS_THEIA\ccs\tools\compiler\ti-cgt-armllvm_4.0.0.LTS\lib\armv6m-ti-none-eabi\c\</path>
         <kind>archive</kind>
         <file>libc.a</file>
         <name>s_sin.c.obj</name>
      </input_file>
      <input_file id="fl-34">
         <path>E:\ti\CCS_THEIA\ccs\tools\compiler\ti-cgt-armllvm_4.0.0.LTS\lib\armv6m-ti-none-eabi\c\</path>
         <kind>archive</kind>
         <file>libc.a</file>
         <name>k_rem_pio2.c.obj</name>
      </input_file>
      <input_file id="fl-35">
         <path>E:\ti\CCS_THEIA\ccs\tools\compiler\ti-cgt-armllvm_4.0.0.LTS\lib\armv6m-ti-none-eabi\c\</path>
         <kind>archive</kind>
         <file>libc.a</file>
         <name>boot_cortex_m.c.obj</name>
      </input_file>
      <input_file id="fl-36">
         <path>E:\ti\CCS_THEIA\ccs\tools\compiler\ti-cgt-armllvm_4.0.0.LTS\lib\armv6m-ti-none-eabi\c\</path>
         <kind>archive</kind>
         <file>libc.a</file>
         <name>mathacl_init.c.obj</name>
      </input_file>
      <input_file id="fl-37">
         <path>E:\ti\CCS_THEIA\ccs\tools\compiler\ti-cgt-armllvm_4.0.0.LTS\lib\armv6m-ti-none-eabi\c\</path>
         <kind>archive</kind>
         <file>libc.a</file>
         <name>autoinit.c.obj</name>
      </input_file>
      <input_file id="fl-38">
         <path>E:\ti\CCS_THEIA\ccs\tools\compiler\ti-cgt-armllvm_4.0.0.LTS\lib\armv6m-ti-none-eabi\c\</path>
         <kind>archive</kind>
         <file>libc.a</file>
         <name>pre_init.c.obj</name>
      </input_file>
      <input_file id="fl-39">
         <path>E:\ti\CCS_THEIA\ccs\tools\compiler\ti-cgt-armllvm_4.0.0.LTS\lib\armv6m-ti-none-eabi\c\</path>
         <kind>archive</kind>
         <file>libc.a</file>
         <name>cpy_tbl.c.obj</name>
      </input_file>
      <input_file id="fl-3a">
         <path>E:\ti\CCS_THEIA\ccs\tools\compiler\ti-cgt-armllvm_4.0.0.LTS\lib\armv6m-ti-none-eabi\c\</path>
         <kind>archive</kind>
         <file>libc.a</file>
         <name>copy_zero_init.c.obj</name>
      </input_file>
      <input_file id="fl-3b">
         <path>E:\ti\CCS_THEIA\ccs\tools\compiler\ti-cgt-armllvm_4.0.0.LTS\lib\armv6m-ti-none-eabi\c\</path>
         <kind>archive</kind>
         <file>libc.a</file>
         <name>copy_decompress_none.c.obj</name>
      </input_file>
      <input_file id="fl-3c">
         <path>E:\ti\CCS_THEIA\ccs\tools\compiler\ti-cgt-armllvm_4.0.0.LTS\lib\armv6m-ti-none-eabi\c\</path>
         <kind>archive</kind>
         <file>libc.a</file>
         <name>copy_decompress_lzss.c.obj</name>
      </input_file>
      <input_file id="fl-3d">
         <path>E:\ti\CCS_THEIA\ccs\tools\compiler\ti-cgt-armllvm_4.0.0.LTS\lib\armv6m-ti-none-eabi\c\</path>
         <kind>archive</kind>
         <file>libc.a</file>
         <name>_printfi.c.obj</name>
      </input_file>
      <input_file id="fl-3e">
         <path>E:\ti\CCS_THEIA\ccs\tools\compiler\ti-cgt-armllvm_4.0.0.LTS\lib\armv6m-ti-none-eabi\c\</path>
         <kind>archive</kind>
         <file>libc.a</file>
         <name>wcslen.c.obj</name>
      </input_file>
      <input_file id="fl-3f">
         <path>E:\ti\CCS_THEIA\ccs\tools\compiler\ti-cgt-armllvm_4.0.0.LTS\lib\armv6m-ti-none-eabi\c\</path>
         <kind>archive</kind>
         <file>libc.a</file>
         <name>k_cos.c.obj</name>
      </input_file>
      <input_file id="fl-40">
         <path>E:\ti\CCS_THEIA\ccs\tools\compiler\ti-cgt-armllvm_4.0.0.LTS\lib\armv6m-ti-none-eabi\c\</path>
         <kind>archive</kind>
         <file>libc.a</file>
         <name>k_sin.c.obj</name>
      </input_file>
      <input_file id="fl-41">
         <path>E:\ti\CCS_THEIA\ccs\tools\compiler\ti-cgt-armllvm_4.0.0.LTS\lib\armv6m-ti-none-eabi\c\</path>
         <kind>archive</kind>
         <file>libc.a</file>
         <name>s_floor.c.obj</name>
      </input_file>
      <input_file id="fl-42">
         <path>E:\ti\CCS_THEIA\ccs\tools\compiler\ti-cgt-armllvm_4.0.0.LTS\lib\armv6m-ti-none-eabi\c\</path>
         <kind>archive</kind>
         <file>libc.a</file>
         <name>s_frexp.c.obj</name>
      </input_file>
      <input_file id="fl-43">
         <path>E:\ti\CCS_THEIA\ccs\tools\compiler\ti-cgt-armllvm_4.0.0.LTS\lib\armv6m-ti-none-eabi\c\</path>
         <kind>archive</kind>
         <file>libc.a</file>
         <name>s_scalbn.c.obj</name>
      </input_file>
      <input_file id="fl-44">
         <path>E:\ti\CCS_THEIA\ccs\tools\compiler\ti-cgt-armllvm_4.0.0.LTS\lib\armv6m-ti-none-eabi\c\</path>
         <kind>archive</kind>
         <file>libc.a</file>
         <name>aeabi_portable.c.obj</name>
      </input_file>
      <input_file id="fl-45">
         <path>E:\ti\CCS_THEIA\ccs\tools\compiler\ti-cgt-armllvm_4.0.0.LTS\lib\armv6m-ti-none-eabi\c\</path>
         <kind>archive</kind>
         <file>libc.a</file>
         <name>exit.c.obj</name>
      </input_file>
      <input_file id="fl-46">
         <path>E:\ti\CCS_THEIA\ccs\tools\compiler\ti-cgt-armllvm_4.0.0.LTS\lib\armv6m-ti-none-eabi\c\</path>
         <kind>archive</kind>
         <file>libc.a</file>
         <name>_lock.c.obj</name>
      </input_file>
      <input_file id="fl-47">
         <path>E:\ti\CCS_THEIA\ccs\tools\compiler\ti-cgt-armllvm_4.0.0.LTS\lib\armv6m-ti-none-eabi\c\</path>
         <kind>archive</kind>
         <file>libc.a</file>
         <name>_ltoa.c.obj</name>
      </input_file>
      <input_file id="fl-48">
         <path>E:\ti\CCS_THEIA\ccs\tools\compiler\ti-cgt-armllvm_4.0.0.LTS\lib\armv6m-ti-none-eabi\c\</path>
         <kind>archive</kind>
         <file>libc.a</file>
         <name>args_main.c.obj</name>
      </input_file>
      <input_file id="fl-49">
         <path>E:\ti\CCS_THEIA\ccs\tools\compiler\ti-cgt-armllvm_4.0.0.LTS\lib\armv6m-ti-none-eabi\c\</path>
         <kind>archive</kind>
         <file>libc.a</file>
         <name>assert.c.obj</name>
      </input_file>
      <input_file id="fl-4a">
         <path>E:\ti\CCS_THEIA\ccs\tools\compiler\ti-cgt-armllvm_4.0.0.LTS\lib\armv6m-ti-none-eabi\c\</path>
         <kind>archive</kind>
         <file>libc.a</file>
         <name>atoi.c.obj</name>
      </input_file>
      <input_file id="fl-4b">
         <path>E:\ti\CCS_THEIA\ccs\tools\compiler\ti-cgt-armllvm_4.0.0.LTS\lib\armv6m-ti-none-eabi\c\</path>
         <kind>archive</kind>
         <file>libc.a</file>
         <name>defs.c.obj</name>
      </input_file>
      <input_file id="fl-4c">
         <path>E:\ti\CCS_THEIA\ccs\tools\compiler\ti-cgt-armllvm_4.0.0.LTS\lib\armv6m-ti-none-eabi\c\</path>
         <kind>archive</kind>
         <file>libc.a</file>
         <name>memccpy.c.obj</name>
      </input_file>
      <input_file id="fl-4d">
         <path>E:\ti\CCS_THEIA\ccs\tools\compiler\ti-cgt-armllvm_4.0.0.LTS\lib\armv6m-ti-none-eabi\c\</path>
         <kind>archive</kind>
         <file>libc.a</file>
         <name>memory.c.obj</name>
      </input_file>
      <input_file id="fl-4e">
         <path>E:\ti\CCS_THEIA\ccs\tools\compiler\ti-cgt-armllvm_4.0.0.LTS\lib\armv6m-ti-none-eabi\c\</path>
         <kind>archive</kind>
         <file>libc.a</file>
         <name>fflush.c.obj</name>
      </input_file>
      <input_file id="fl-4f">
         <path>E:\ti\CCS_THEIA\ccs\tools\compiler\ti-cgt-armllvm_4.0.0.LTS\lib\armv6m-ti-none-eabi\c\</path>
         <kind>archive</kind>
         <file>libc.a</file>
         <name>fputs.c.obj</name>
      </input_file>
      <input_file id="fl-50">
         <path>E:\ti\CCS_THEIA\ccs\tools\compiler\ti-cgt-armllvm_4.0.0.LTS\lib\armv6m-ti-none-eabi\c\</path>
         <kind>archive</kind>
         <file>libc.a</file>
         <name>_io_perm.c.obj</name>
      </input_file>
      <input_file id="fl-51">
         <path>E:\ti\CCS_THEIA\ccs\tools\compiler\ti-cgt-armllvm_4.0.0.LTS\lib\armv6m-ti-none-eabi\c\</path>
         <kind>archive</kind>
         <file>libc.a</file>
         <name>setvbuf.c.obj</name>
      </input_file>
      <input_file id="fl-52">
         <path>E:\ti\CCS_THEIA\ccs\tools\compiler\ti-cgt-armllvm_4.0.0.LTS\lib\armv6m-ti-none-eabi\c\</path>
         <kind>archive</kind>
         <file>libc.a</file>
         <name>aeabi_ctype.S.obj</name>
      </input_file>
      <input_file id="fl-53">
         <path>E:\ti\CCS_THEIA\ccs\tools\compiler\ti-cgt-armllvm_4.0.0.LTS\lib\armv6m-ti-none-eabi\c\</path>
         <kind>archive</kind>
         <file>libc.a</file>
         <name>fopen.c.obj</name>
      </input_file>
      <input_file id="fl-54">
         <path>E:\ti\CCS_THEIA\ccs\tools\compiler\ti-cgt-armllvm_4.0.0.LTS\lib\armv6m-ti-none-eabi\c\</path>
         <kind>archive</kind>
         <file>libc.a</file>
         <name>fseek.c.obj</name>
      </input_file>
      <input_file id="fl-55">
         <path>E:\ti\CCS_THEIA\ccs\tools\compiler\ti-cgt-armllvm_4.0.0.LTS\lib\armv6m-ti-none-eabi\c\</path>
         <kind>archive</kind>
         <file>libc.a</file>
         <name>fclose.c.obj</name>
      </input_file>
      <input_file id="fl-eb">
         <path>E:\ti\CCS_THEIA\ccs\tools\compiler\ti-cgt-armllvm_4.0.0.LTS\lib\armv6m-ti-none-eabi\c\</path>
         <kind>archive</kind>
         <file>libsysbm.a</file>
         <name>write.c.obj</name>
      </input_file>
      <input_file id="fl-ec">
         <path>E:\ti\CCS_THEIA\ccs\tools\compiler\ti-cgt-armllvm_4.0.0.LTS\lib\armv6m-ti-none-eabi\c\</path>
         <kind>archive</kind>
         <file>libsysbm.a</file>
         <name>host_device.c.obj</name>
      </input_file>
      <input_file id="fl-ed">
         <path>E:\ti\CCS_THEIA\ccs\tools\compiler\ti-cgt-armllvm_4.0.0.LTS\lib\armv6m-ti-none-eabi\c\</path>
         <kind>archive</kind>
         <file>libsysbm.a</file>
         <name>remove.c.obj</name>
      </input_file>
      <input_file id="fl-ee">
         <path>E:\ti\CCS_THEIA\ccs\tools\compiler\ti-cgt-armllvm_4.0.0.LTS\lib\armv6m-ti-none-eabi\c\</path>
         <kind>archive</kind>
         <file>libsysbm.a</file>
         <name>open.c.obj</name>
      </input_file>
      <input_file id="fl-ef">
         <path>E:\ti\CCS_THEIA\ccs\tools\compiler\ti-cgt-armllvm_4.0.0.LTS\lib\armv6m-ti-none-eabi\c\</path>
         <kind>archive</kind>
         <file>libsysbm.a</file>
         <name>lseek.c.obj</name>
      </input_file>
      <input_file id="fl-f0">
         <path>E:\ti\CCS_THEIA\ccs\tools\compiler\ti-cgt-armllvm_4.0.0.LTS\lib\armv6m-ti-none-eabi\c\</path>
         <kind>archive</kind>
         <file>libsysbm.a</file>
         <name>close.c.obj</name>
      </input_file>
      <input_file id="fl-f1">
         <path>E:\ti\CCS_THEIA\ccs\tools\compiler\ti-cgt-armllvm_4.0.0.LTS\lib\armv6m-ti-none-eabi\c\</path>
         <kind>archive</kind>
         <file>libsysbm.a</file>
         <name>unlink.c.obj</name>
      </input_file>
      <input_file id="fl-f2">
         <path>E:\ti\CCS_THEIA\ccs\tools\compiler\ti-cgt-armllvm_4.0.0.LTS\lib\armv6m-ti-none-eabi\c\</path>
         <kind>archive</kind>
         <file>libsysbm.a</file>
         <name>hostclose.c.obj</name>
      </input_file>
      <input_file id="fl-f3">
         <path>E:\ti\CCS_THEIA\ccs\tools\compiler\ti-cgt-armllvm_4.0.0.LTS\lib\armv6m-ti-none-eabi\c\</path>
         <kind>archive</kind>
         <file>libsysbm.a</file>
         <name>hostlseek.c.obj</name>
      </input_file>
      <input_file id="fl-f4">
         <path>E:\ti\CCS_THEIA\ccs\tools\compiler\ti-cgt-armllvm_4.0.0.LTS\lib\armv6m-ti-none-eabi\c\</path>
         <kind>archive</kind>
         <file>libsysbm.a</file>
         <name>hostopen.c.obj</name>
      </input_file>
      <input_file id="fl-f5">
         <path>E:\ti\CCS_THEIA\ccs\tools\compiler\ti-cgt-armllvm_4.0.0.LTS\lib\armv6m-ti-none-eabi\c\</path>
         <kind>archive</kind>
         <file>libsysbm.a</file>
         <name>hostread.c.obj</name>
      </input_file>
      <input_file id="fl-f6">
         <path>E:\ti\CCS_THEIA\ccs\tools\compiler\ti-cgt-armllvm_4.0.0.LTS\lib\armv6m-ti-none-eabi\c\</path>
         <kind>archive</kind>
         <file>libsysbm.a</file>
         <name>hostrename.c.obj</name>
      </input_file>
      <input_file id="fl-f7">
         <path>E:\ti\CCS_THEIA\ccs\tools\compiler\ti-cgt-armllvm_4.0.0.LTS\lib\armv6m-ti-none-eabi\c\</path>
         <kind>archive</kind>
         <file>libsysbm.a</file>
         <name>hostunlink.c.obj</name>
      </input_file>
      <input_file id="fl-f8">
         <path>E:\ti\CCS_THEIA\ccs\tools\compiler\ti-cgt-armllvm_4.0.0.LTS\lib\armv6m-ti-none-eabi\c\</path>
         <kind>archive</kind>
         <file>libsysbm.a</file>
         <name>hostwrite.c.obj</name>
      </input_file>
      <input_file id="fl-f9">
         <path>E:\ti\CCS_THEIA\ccs\tools\compiler\ti-cgt-armllvm_4.0.0.LTS\lib\armv6m-ti-none-eabi\c\</path>
         <kind>archive</kind>
         <file>libsysbm.a</file>
         <name>trgmsg.c.obj</name>
      </input_file>
      <input_file id="fl-fa">
         <path>E:\ti\CCS_THEIA\ccs\tools\compiler\ti-cgt-armllvm_4.0.0.LTS\lib\armv6m-ti-none-eabi\</path>
         <kind>archive</kind>
         <file>libclang_rt.builtins.a</file>
         <name>addsf3.S.obj</name>
      </input_file>
      <input_file id="fl-fb">
         <path>E:\ti\CCS_THEIA\ccs\tools\compiler\ti-cgt-armllvm_4.0.0.LTS\lib\armv6m-ti-none-eabi\</path>
         <kind>archive</kind>
         <file>libclang_rt.builtins.a</file>
         <name>adddf3.S.obj</name>
      </input_file>
      <input_file id="fl-fc">
         <path>E:\ti\CCS_THEIA\ccs\tools\compiler\ti-cgt-armllvm_4.0.0.LTS\lib\armv6m-ti-none-eabi\</path>
         <kind>archive</kind>
         <file>libclang_rt.builtins.a</file>
         <name>muldf3.S.obj</name>
      </input_file>
      <input_file id="fl-fd">
         <path>E:\ti\CCS_THEIA\ccs\tools\compiler\ti-cgt-armllvm_4.0.0.LTS\lib\armv6m-ti-none-eabi\</path>
         <kind>archive</kind>
         <file>libclang_rt.builtins.a</file>
         <name>muldsi3.S.obj</name>
      </input_file>
      <input_file id="fl-fe">
         <path>E:\ti\CCS_THEIA\ccs\tools\compiler\ti-cgt-armllvm_4.0.0.LTS\lib\armv6m-ti-none-eabi\</path>
         <kind>archive</kind>
         <file>libclang_rt.builtins.a</file>
         <name>mulsf3.S.obj</name>
      </input_file>
      <input_file id="fl-ff">
         <path>E:\ti\CCS_THEIA\ccs\tools\compiler\ti-cgt-armllvm_4.0.0.LTS\lib\armv6m-ti-none-eabi\</path>
         <kind>archive</kind>
         <file>libclang_rt.builtins.a</file>
         <name>divsf3.S.obj</name>
      </input_file>
      <input_file id="fl-100">
         <path>E:\ti\CCS_THEIA\ccs\tools\compiler\ti-cgt-armllvm_4.0.0.LTS\lib\armv6m-ti-none-eabi\</path>
         <kind>archive</kind>
         <file>libclang_rt.builtins.a</file>
         <name>divdf3.S.obj</name>
      </input_file>
      <input_file id="fl-101">
         <path>E:\ti\CCS_THEIA\ccs\tools\compiler\ti-cgt-armllvm_4.0.0.LTS\lib\armv6m-ti-none-eabi\</path>
         <kind>archive</kind>
         <file>libclang_rt.builtins.a</file>
         <name>extendsfdf2.S.obj</name>
      </input_file>
      <input_file id="fl-102">
         <path>E:\ti\CCS_THEIA\ccs\tools\compiler\ti-cgt-armllvm_4.0.0.LTS\lib\armv6m-ti-none-eabi\</path>
         <kind>archive</kind>
         <file>libclang_rt.builtins.a</file>
         <name>fixdfsi.S.obj</name>
      </input_file>
      <input_file id="fl-103">
         <path>E:\ti\CCS_THEIA\ccs\tools\compiler\ti-cgt-armllvm_4.0.0.LTS\lib\armv6m-ti-none-eabi\</path>
         <kind>archive</kind>
         <file>libclang_rt.builtins.a</file>
         <name>fixsfsi.S.obj</name>
      </input_file>
      <input_file id="fl-104">
         <path>E:\ti\CCS_THEIA\ccs\tools\compiler\ti-cgt-armllvm_4.0.0.LTS\lib\armv6m-ti-none-eabi\</path>
         <kind>archive</kind>
         <file>libclang_rt.builtins.a</file>
         <name>floatsidf.S.obj</name>
      </input_file>
      <input_file id="fl-105">
         <path>E:\ti\CCS_THEIA\ccs\tools\compiler\ti-cgt-armllvm_4.0.0.LTS\lib\armv6m-ti-none-eabi\</path>
         <kind>archive</kind>
         <file>libclang_rt.builtins.a</file>
         <name>floatsisf.S.obj</name>
      </input_file>
      <input_file id="fl-106">
         <path>E:\ti\CCS_THEIA\ccs\tools\compiler\ti-cgt-armllvm_4.0.0.LTS\lib\armv6m-ti-none-eabi\</path>
         <kind>archive</kind>
         <file>libclang_rt.builtins.a</file>
         <name>floatunsidf.S.obj</name>
      </input_file>
      <input_file id="fl-107">
         <path>E:\ti\CCS_THEIA\ccs\tools\compiler\ti-cgt-armllvm_4.0.0.LTS\lib\armv6m-ti-none-eabi\</path>
         <kind>archive</kind>
         <file>libclang_rt.builtins.a</file>
         <name>floatunsisf.S.obj</name>
      </input_file>
      <input_file id="fl-108">
         <path>E:\ti\CCS_THEIA\ccs\tools\compiler\ti-cgt-armllvm_4.0.0.LTS\lib\armv6m-ti-none-eabi\</path>
         <kind>archive</kind>
         <file>libclang_rt.builtins.a</file>
         <name>muldi3.S.obj</name>
      </input_file>
      <input_file id="fl-109">
         <path>E:\ti\CCS_THEIA\ccs\tools\compiler\ti-cgt-armllvm_4.0.0.LTS\lib\armv6m-ti-none-eabi\</path>
         <kind>archive</kind>
         <file>libclang_rt.builtins.a</file>
         <name>truncdfsf2.S.obj</name>
      </input_file>
      <input_file id="fl-10a">
         <path>E:\ti\CCS_THEIA\ccs\tools\compiler\ti-cgt-armllvm_4.0.0.LTS\lib\armv6m-ti-none-eabi\</path>
         <kind>archive</kind>
         <file>libclang_rt.builtins.a</file>
         <name>aeabi_dcmp.S.obj</name>
      </input_file>
      <input_file id="fl-10b">
         <path>E:\ti\CCS_THEIA\ccs\tools\compiler\ti-cgt-armllvm_4.0.0.LTS\lib\armv6m-ti-none-eabi\</path>
         <kind>archive</kind>
         <file>libclang_rt.builtins.a</file>
         <name>aeabi_idivmod.S.obj</name>
      </input_file>
      <input_file id="fl-10c">
         <path>E:\ti\CCS_THEIA\ccs\tools\compiler\ti-cgt-armllvm_4.0.0.LTS\lib\armv6m-ti-none-eabi\</path>
         <kind>archive</kind>
         <file>libclang_rt.builtins.a</file>
         <name>aeabi_memcpy.S.obj</name>
      </input_file>
      <input_file id="fl-10d">
         <path>E:\ti\CCS_THEIA\ccs\tools\compiler\ti-cgt-armllvm_4.0.0.LTS\lib\armv6m-ti-none-eabi\</path>
         <kind>archive</kind>
         <file>libclang_rt.builtins.a</file>
         <name>aeabi_memset.S.obj</name>
      </input_file>
      <input_file id="fl-10e">
         <path>E:\ti\CCS_THEIA\ccs\tools\compiler\ti-cgt-armllvm_4.0.0.LTS\lib\armv6m-ti-none-eabi\</path>
         <kind>archive</kind>
         <file>libclang_rt.builtins.a</file>
         <name>aeabi_uidivmod.S.obj</name>
      </input_file>
      <input_file id="fl-10f">
         <path>E:\ti\CCS_THEIA\ccs\tools\compiler\ti-cgt-armllvm_4.0.0.LTS\lib\armv6m-ti-none-eabi\</path>
         <kind>archive</kind>
         <file>libclang_rt.builtins.a</file>
         <name>aeabi_uldivmod.S.obj</name>
      </input_file>
      <input_file id="fl-110">
         <path>E:\ti\CCS_THEIA\ccs\tools\compiler\ti-cgt-armllvm_4.0.0.LTS\lib\armv6m-ti-none-eabi\</path>
         <kind>archive</kind>
         <file>libclang_rt.builtins.a</file>
         <name>udivmoddi4.S.obj</name>
      </input_file>
      <input_file id="fl-111">
         <path>E:\ti\CCS_THEIA\ccs\tools\compiler\ti-cgt-armllvm_4.0.0.LTS\lib\armv6m-ti-none-eabi\</path>
         <kind>archive</kind>
         <file>libclang_rt.builtins.a</file>
         <name>ashldi3.S.obj</name>
      </input_file>
      <input_file id="fl-112">
         <path>E:\ti\CCS_THEIA\ccs\tools\compiler\ti-cgt-armllvm_4.0.0.LTS\lib\armv6m-ti-none-eabi\</path>
         <kind>archive</kind>
         <file>libclang_rt.builtins.a</file>
         <name>comparedf2.c.obj</name>
      </input_file>
      <input_file id="fl-113">
         <path>E:\ti\CCS_THEIA\ccs\tools\compiler\ti-cgt-armllvm_4.0.0.LTS\lib\armv6m-ti-none-eabi\</path>
         <kind>archive</kind>
         <file>libclang_rt.builtins.a</file>
         <name>aeabi_div0.c.obj</name>
      </input_file>
      <input_file id="fl-114">
         <path>E:\ti\CCS_THEIA\ccs\tools\compiler\ti-cgt-armllvm_4.0.0.LTS\lib\armv6m-ti-none-eabi\c\</path>
         <kind>archive</kind>
         <file>libc.a</file>
         <name>getdevice.c.obj</name>
      </input_file>
      <input_file id="fl-115">
         <path>E:\ti\CCS_THEIA\ccs\tools\compiler\ti-cgt-armllvm_4.0.0.LTS\lib\armv6m-ti-none-eabi\c\</path>
         <kind>archive</kind>
         <file>libc.a</file>
         <name>memcpy16.S.obj</name>
      </input_file>
      <input_file id="fl-116">
         <path>E:\ti\CCS_THEIA\ccs\tools\compiler\ti-cgt-armllvm_4.0.0.LTS\lib\armv6m-ti-none-eabi\c\</path>
         <kind>archive</kind>
         <file>libc.a</file>
         <name>memset16.S.obj</name>
      </input_file>
      <input_file id="fl-117">
         <path>E:\ti\CCS_THEIA\ccs\tools\compiler\ti-cgt-armllvm_4.0.0.LTS\lib\armv6m-ti-none-eabi\c\</path>
         <kind>archive</kind>
         <file>libc.a</file>
         <name>strcmp-armv6m.S.obj</name>
      </input_file>
   </input_file_list>
   <object_component_list>
      <object_component id="oc-18">
         <name>.intvecs</name>
         <load_address>0x0</load_address>
         <readonly>true</readonly>
         <run_address>0x0</run_address>
         <size>0xc0</size>
         <alignment>0x4</alignment>
         <input_file_ref idref="fl-3"/>
      </object_component>
      <object_component id="oc-16b">
         <name>.text:__TI_printfi</name>
         <load_address>0xc0</load_address>
         <readonly>true</readonly>
         <executable>true</executable>
         <run_address>0xc0</run_address>
         <size>0x9d0</size>
         <alignment>0x4</alignment>
         <input_file_ref idref="fl-3d"/>
      </object_component>
      <object_component id="oc-76">
         <name>.text.freq_fetch</name>
         <load_address>0xa90</load_address>
         <readonly>true</readonly>
         <executable>true</executable>
         <run_address>0xa90</run_address>
         <size>0x2ac</size>
         <alignment>0x4</alignment>
         <input_file_ref idref="fl-7"/>
      </object_component>
      <object_component id="oc-211">
         <name>.text._pconv_a</name>
         <load_address>0xd3c</load_address>
         <readonly>true</readonly>
         <executable>true</executable>
         <run_address>0xd3c</run_address>
         <size>0x220</size>
         <alignment>0x4</alignment>
         <input_file_ref idref="fl-3d"/>
      </object_component>
      <object_component id="oc-212">
         <name>.text._pconv_g</name>
         <load_address>0xf5c</load_address>
         <readonly>true</readonly>
         <executable>true</executable>
         <run_address>0xf5c</run_address>
         <size>0x1dc</size>
         <alignment>0x4</alignment>
         <input_file_ref idref="fl-3d"/>
      </object_component>
      <object_component id="oc-1c3">
         <name>.text.adddf3_subdf3</name>
         <load_address>0x1138</load_address>
         <readonly>true</readonly>
         <executable>true</executable>
         <run_address>0x1138</run_address>
         <size>0x192</size>
         <alignment>0x4</alignment>
         <input_file_ref idref="fl-fb"/>
      </object_component>
      <object_component id="oc-108">
         <name>.text.__aeabi_idiv0</name>
         <load_address>0x12ca</load_address>
         <readonly>true</readonly>
         <executable>true</executable>
         <run_address>0x12ca</run_address>
         <size>0x2</size>
         <alignment>0x2</alignment>
         <input_file_ref idref="fl-113"/>
      </object_component>
      <object_component id="oc-ec">
         <name>.text.data_samplepoints_conversion</name>
         <load_address>0x12cc</load_address>
         <readonly>true</readonly>
         <executable>true</executable>
         <run_address>0x12cc</run_address>
         <size>0x168</size>
         <alignment>0x4</alignment>
         <input_file_ref idref="fl-4"/>
      </object_component>
      <object_component id="oc-121">
         <name>.text.SYSCFG_DL_GPIO_init</name>
         <load_address>0x1434</load_address>
         <readonly>true</readonly>
         <executable>true</executable>
         <run_address>0x1434</run_address>
         <size>0x13c</size>
         <alignment>0x4</alignment>
         <input_file_ref idref="fl-2"/>
      </object_component>
      <object_component id="oc-25f">
         <name>.text.fcvt</name>
         <load_address>0x1570</load_address>
         <readonly>true</readonly>
         <executable>true</executable>
         <run_address>0x1570</run_address>
         <size>0x13c</size>
         <alignment>0x4</alignment>
         <input_file_ref idref="fl-3d"/>
      </object_component>
      <object_component id="oc-214">
         <name>.text._pconv_e</name>
         <load_address>0x16ac</load_address>
         <readonly>true</readonly>
         <executable>true</executable>
         <run_address>0x16ac</run_address>
         <size>0x120</size>
         <alignment>0x4</alignment>
         <input_file_ref idref="fl-3d"/>
      </object_component>
      <object_component id="oc-1c7">
         <name>.text.__divdf3</name>
         <load_address>0x17cc</load_address>
         <readonly>true</readonly>
         <executable>true</executable>
         <run_address>0x17cc</run_address>
         <size>0x10c</size>
         <alignment>0x4</alignment>
         <input_file_ref idref="fl-100"/>
      </object_component>
      <object_component id="oc-12e">
         <name>.text.BTN_getData</name>
         <load_address>0x18d8</load_address>
         <readonly>true</readonly>
         <executable>true</executable>
         <run_address>0x18d8</run_address>
         <size>0x100</size>
         <alignment>0x4</alignment>
         <input_file_ref idref="fl-5"/>
      </object_component>
      <object_component id="oc-1be">
         <name>.text.findFloat</name>
         <load_address>0x19d8</load_address>
         <readonly>true</readonly>
         <executable>true</executable>
         <run_address>0x19d8</run_address>
         <size>0xec</size>
         <alignment>0x4</alignment>
         <input_file_ref idref="fl-7"/>
      </object_component>
      <object_component id="oc-1b7">
         <name>.text.__muldf3</name>
         <load_address>0x1ac4</load_address>
         <readonly>true</readonly>
         <executable>true</executable>
         <run_address>0x1ac4</run_address>
         <size>0xe4</size>
         <alignment>0x4</alignment>
         <input_file_ref idref="fl-fc"/>
      </object_component>
      <object_component id="oc-34">
         <name>.text.SysTick_Handler</name>
         <load_address>0x1ba8</load_address>
         <readonly>true</readonly>
         <executable>true</executable>
         <run_address>0x1ba8</run_address>
         <size>0xe0</size>
         <alignment>0x4</alignment>
         <input_file_ref idref="fl-b"/>
      </object_component>
      <object_component id="oc-252">
         <name>.text.scalbn</name>
         <load_address>0x1c88</load_address>
         <readonly>true</readonly>
         <executable>true</executable>
         <run_address>0x1c88</run_address>
         <size>0xd8</size>
         <alignment>0x4</alignment>
         <input_file_ref idref="fl-43"/>
      </object_component>
      <object_component id="oc-1d6">
         <name>.text</name>
         <load_address>0x1d60</load_address>
         <readonly>true</readonly>
         <executable>true</executable>
         <run_address>0x1d60</run_address>
         <size>0xd8</size>
         <alignment>0x4</alignment>
         <input_file_ref idref="fl-fa"/>
      </object_component>
      <object_component id="oc-147">
         <name>.text.sendNum</name>
         <load_address>0x1e38</load_address>
         <readonly>true</readonly>
         <executable>true</executable>
         <run_address>0x1e38</run_address>
         <size>0xb8</size>
         <alignment>0x4</alignment>
         <input_file_ref idref="fl-7"/>
      </object_component>
      <object_component id="oc-130">
         <name>.text.DAC_OUTPUT</name>
         <load_address>0x1ef0</load_address>
         <readonly>true</readonly>
         <executable>true</executable>
         <run_address>0x1ef0</run_address>
         <size>0xb0</size>
         <alignment>0x4</alignment>
         <input_file_ref idref="fl-6"/>
      </object_component>
      <object_component id="oc-151">
         <name>.text.show_curve</name>
         <load_address>0x1fa0</load_address>
         <readonly>true</readonly>
         <executable>true</executable>
         <run_address>0x1fa0</run_address>
         <size>0xa8</size>
         <alignment>0x4</alignment>
         <input_file_ref idref="fl-8"/>
      </object_component>
      <object_component id="oc-249">
         <name>.text</name>
         <load_address>0x2048</load_address>
         <readonly>true</readonly>
         <executable>true</executable>
         <run_address>0x2048</run_address>
         <size>0xa2</size>
         <alignment>0x4</alignment>
         <input_file_ref idref="fl-110"/>
      </object_component>
      <object_component id="oc-265">
         <name>.text.__aeabi_ldiv0</name>
         <load_address>0x20ea</load_address>
         <readonly>true</readonly>
         <executable>true</executable>
         <run_address>0x20ea</run_address>
         <size>0x2</size>
         <alignment>0x2</alignment>
         <input_file_ref idref="fl-113"/>
      </object_component>
      <object_component id="oc-125">
         <name>.text.SYSCFG_DL_ADC12_0_init</name>
         <load_address>0x20ec</load_address>
         <readonly>true</readonly>
         <executable>true</executable>
         <run_address>0x20ec</run_address>
         <size>0x8c</size>
         <alignment>0x4</alignment>
         <input_file_ref idref="fl-2"/>
      </object_component>
      <object_component id="oc-13d">
         <name>.text.__mulsf3</name>
         <load_address>0x2178</load_address>
         <readonly>true</readonly>
         <executable>true</executable>
         <run_address>0x2178</run_address>
         <size>0x8c</size>
         <alignment>0x4</alignment>
         <input_file_ref idref="fl-fe"/>
      </object_component>
      <object_component id="oc-6f">
         <name>.text.cursor_move</name>
         <load_address>0x2204</load_address>
         <readonly>true</readonly>
         <executable>true</executable>
         <run_address>0x2204</run_address>
         <size>0x8c</size>
         <alignment>0x4</alignment>
         <input_file_ref idref="fl-8"/>
      </object_component>
      <object_component id="oc-1aa">
         <name>.text.DL_DAC12_init</name>
         <load_address>0x2290</load_address>
         <readonly>true</readonly>
         <executable>true</executable>
         <run_address>0x2290</run_address>
         <size>0x88</size>
         <alignment>0x4</alignment>
         <input_file_ref idref="fl-1b"/>
      </object_component>
      <object_component id="oc-18c">
         <name>.text.__NVIC_SetPriority</name>
         <load_address>0x2318</load_address>
         <readonly>true</readonly>
         <executable>true</executable>
         <run_address>0x2318</run_address>
         <size>0x84</size>
         <alignment>0x4</alignment>
         <input_file_ref idref="fl-2"/>
      </object_component>
      <object_component id="oc-141">
         <name>.text.__divsf3</name>
         <load_address>0x239c</load_address>
         <readonly>true</readonly>
         <executable>true</executable>
         <run_address>0x239c</run_address>
         <size>0x82</size>
         <alignment>0x4</alignment>
         <input_file_ref idref="fl-ff"/>
      </object_component>
      <object_component id="oc-148">
         <name>.text.coordinate_conversion</name>
         <load_address>0x2420</load_address>
         <readonly>true</readonly>
         <executable>true</executable>
         <run_address>0x2420</run_address>
         <size>0x7c</size>
         <alignment>0x4</alignment>
         <input_file_ref idref="fl-8"/>
      </object_component>
      <object_component id="oc-1c">
         <name>.text:decompress:lzss</name>
         <load_address>0x249c</load_address>
         <readonly>true</readonly>
         <executable>true</executable>
         <run_address>0x249c</run_address>
         <size>0x7c</size>
         <alignment>0x4</alignment>
         <input_file_ref idref="fl-3c"/>
      </object_component>
      <object_component id="oc-120">
         <name>.text.SYSCFG_DL_initPower</name>
         <load_address>0x2518</load_address>
         <readonly>true</readonly>
         <executable>true</executable>
         <run_address>0x2518</run_address>
         <size>0x78</size>
         <alignment>0x4</alignment>
         <input_file_ref idref="fl-2"/>
      </object_component>
      <object_component id="oc-74">
         <name>.text.cursor_value</name>
         <load_address>0x2590</load_address>
         <readonly>true</readonly>
         <executable>true</executable>
         <run_address>0x2590</run_address>
         <size>0x78</size>
         <alignment>0x4</alignment>
         <input_file_ref idref="fl-8"/>
      </object_component>
      <object_component id="oc-137">
         <name>.text.freq2index</name>
         <load_address>0x2608</load_address>
         <readonly>true</readonly>
         <executable>true</executable>
         <run_address>0x2608</run_address>
         <size>0x78</size>
         <alignment>0x4</alignment>
         <input_file_ref idref="fl-7"/>
      </object_component>
      <object_component id="oc-39">
         <name>.text.GROUP1_IRQHandler</name>
         <load_address>0x2680</load_address>
         <readonly>true</readonly>
         <executable>true</executable>
         <run_address>0x2680</run_address>
         <size>0x74</size>
         <alignment>0x4</alignment>
         <input_file_ref idref="fl-1"/>
      </object_component>
      <object_component id="oc-22f">
         <name>.text.__gedf2</name>
         <load_address>0x26f4</load_address>
         <readonly>true</readonly>
         <executable>true</executable>
         <run_address>0x26f4</run_address>
         <size>0x74</size>
         <alignment>0x4</alignment>
         <input_file_ref idref="fl-112"/>
      </object_component>
      <object_component id="oc-203">
         <name>.text.__aeabi_errno_addr</name>
         <load_address>0x2768</load_address>
         <readonly>true</readonly>
         <executable>true</executable>
         <run_address>0x2768</run_address>
         <size>0x8</size>
         <alignment>0x4</alignment>
         <input_file_ref idref="fl-44"/>
      </object_component>
      <object_component id="oc-225">
         <name>.text.__truncdfsf2</name>
         <load_address>0x2770</load_address>
         <readonly>true</readonly>
         <executable>true</executable>
         <run_address>0x2770</run_address>
         <size>0x74</size>
         <alignment>0x10</alignment>
         <input_file_ref idref="fl-109"/>
      </object_component>
      <object_component id="oc-ea">
         <name>.text.BTN_act</name>
         <load_address>0x27e4</load_address>
         <readonly>true</readonly>
         <executable>true</executable>
         <run_address>0x27e4</run_address>
         <size>0x6c</size>
         <alignment>0x4</alignment>
         <input_file_ref idref="fl-5"/>
      </object_component>
      <object_component id="oc-229">
         <name>.text.__ledf2</name>
         <load_address>0x2850</load_address>
         <readonly>true</readonly>
         <executable>true</executable>
         <run_address>0x2850</run_address>
         <size>0x68</size>
         <alignment>0x4</alignment>
         <input_file_ref idref="fl-112"/>
      </object_component>
      <object_component id="oc-25e">
         <name>.text._mcpy</name>
         <load_address>0x28b8</load_address>
         <readonly>true</readonly>
         <executable>true</executable>
         <run_address>0x28b8</run_address>
         <size>0x66</size>
         <alignment>0x2</alignment>
         <input_file_ref idref="fl-3d"/>
      </object_component>
      <object_component id="oc-1bf">
         <name>.text.__aeabi_dcmp</name>
         <load_address>0x2920</load_address>
         <readonly>true</readonly>
         <executable>true</executable>
         <run_address>0x2920</run_address>
         <size>0x62</size>
         <alignment>0x4</alignment>
         <input_file_ref idref="fl-10a"/>
      </object_component>
      <object_component id="oc-1a2">
         <name>.text.DL_ADC12_initSeqSample</name>
         <load_address>0x2984</load_address>
         <readonly>true</readonly>
         <executable>true</executable>
         <run_address>0x2984</run_address>
         <size>0x60</size>
         <alignment>0x4</alignment>
         <input_file_ref idref="fl-2"/>
      </object_component>
      <object_component id="oc-6a">
         <name>.text.get_rotate_dir</name>
         <load_address>0x29e4</load_address>
         <readonly>true</readonly>
         <executable>true</executable>
         <run_address>0x29e4</run_address>
         <size>0x60</size>
         <alignment>0x4</alignment>
         <input_file_ref idref="fl-a"/>
      </object_component>
      <object_component id="oc-24e">
         <name>.text.frexp</name>
         <load_address>0x2a44</load_address>
         <readonly>true</readonly>
         <executable>true</executable>
         <run_address>0x2a44</run_address>
         <size>0x5c</size>
         <alignment>0x4</alignment>
         <input_file_ref idref="fl-42"/>
      </object_component>
      <object_component id="oc-256">
         <name>.text.__TI_ltoa</name>
         <load_address>0x2aa0</load_address>
         <readonly>true</readonly>
         <executable>true</executable>
         <run_address>0x2aa0</run_address>
         <size>0x58</size>
         <alignment>0x2</alignment>
         <input_file_ref idref="fl-47"/>
      </object_component>
      <object_component id="oc-213">
         <name>.text._pconv_f</name>
         <load_address>0x2af8</load_address>
         <readonly>true</readonly>
         <executable>true</executable>
         <run_address>0x2af8</run_address>
         <size>0x58</size>
         <alignment>0x2</alignment>
         <input_file_ref idref="fl-3d"/>
      </object_component>
      <object_component id="oc-271">
         <name>.text.__aeabi_idivmod</name>
         <load_address>0x2b50</load_address>
         <readonly>true</readonly>
         <executable>true</executable>
         <run_address>0x2b50</run_address>
         <size>0x56</size>
         <alignment>0x4</alignment>
         <input_file_ref idref="fl-10b"/>
      </object_component>
      <object_component id="oc-25c">
         <name>.text._ecpy</name>
         <load_address>0x2ba6</load_address>
         <readonly>true</readonly>
         <executable>true</executable>
         <run_address>0x2ba6</run_address>
         <size>0x52</size>
         <alignment>0x2</alignment>
         <input_file_ref idref="fl-3d"/>
      </object_component>
      <object_component id="oc-1a9">
         <name>.text.SysTick_Config</name>
         <load_address>0x2bf8</load_address>
         <readonly>true</readonly>
         <executable>true</executable>
         <run_address>0x2bf8</run_address>
         <size>0x50</size>
         <alignment>0x4</alignment>
         <input_file_ref idref="fl-2"/>
      </object_component>
      <object_component id="oc-bc">
         <name>.text.tjc_send_string</name>
         <load_address>0x2c48</load_address>
         <readonly>true</readonly>
         <executable>true</executable>
         <run_address>0x2c48</run_address>
         <size>0x50</size>
         <alignment>0x2</alignment>
         <input_file_ref idref="fl-9"/>
      </object_component>
      <object_component id="oc-e6">
         <name>.text.DAC_OUTPUT0</name>
         <load_address>0x2c98</load_address>
         <readonly>true</readonly>
         <executable>true</executable>
         <run_address>0x2c98</run_address>
         <size>0x4c</size>
         <alignment>0x4</alignment>
         <input_file_ref idref="fl-6"/>
      </object_component>
      <object_component id="oc-195">
         <name>.text.DL_UART_setBaudRateDivisor</name>
         <load_address>0x2ce4</load_address>
         <readonly>true</readonly>
         <executable>true</executable>
         <run_address>0x2ce4</run_address>
         <size>0x4c</size>
         <alignment>0x4</alignment>
         <input_file_ref idref="fl-2"/>
      </object_component>
      <object_component id="oc-99">
         <name>.text.main</name>
         <load_address>0x2d30</load_address>
         <readonly>true</readonly>
         <executable>true</executable>
         <run_address>0x2d30</run_address>
         <size>0x4c</size>
         <alignment>0x4</alignment>
         <input_file_ref idref="fl-1"/>
      </object_component>
      <object_component id="oc-1a3">
         <name>.text.DL_ADC12_configConversionMem</name>
         <load_address>0x2d7c</load_address>
         <readonly>true</readonly>
         <executable>true</executable>
         <run_address>0x2d7c</run_address>
         <size>0x4a</size>
         <alignment>0x2</alignment>
         <input_file_ref idref="fl-2"/>
      </object_component>
      <object_component id="oc-1cb">
         <name>.text.__fixdfsi</name>
         <load_address>0x2dc8</load_address>
         <readonly>true</readonly>
         <executable>true</executable>
         <run_address>0x2dc8</run_address>
         <size>0x4a</size>
         <alignment>0x4</alignment>
         <input_file_ref idref="fl-102"/>
      </object_component>
      <object_component id="oc-193">
         <name>.text.DL_UART_init</name>
         <load_address>0x2e14</load_address>
         <readonly>true</readonly>
         <executable>true</executable>
         <run_address>0x2e14</run_address>
         <size>0x48</size>
         <alignment>0x4</alignment>
         <input_file_ref idref="fl-1c"/>
      </object_component>
      <object_component id="oc-123">
         <name>.text.SYSCFG_DL_UART_0_init</name>
         <load_address>0x2e5c</load_address>
         <readonly>true</readonly>
         <executable>true</executable>
         <run_address>0x2e5c</run_address>
         <size>0x48</size>
         <alignment>0x4</alignment>
         <input_file_ref idref="fl-2"/>
      </object_component>
      <object_component id="oc-86">
         <name>.text.writeRingBuff</name>
         <load_address>0x2ea4</load_address>
         <readonly>true</readonly>
         <executable>true</executable>
         <run_address>0x2ea4</run_address>
         <size>0x48</size>
         <alignment>0x4</alignment>
         <input_file_ref idref="fl-9"/>
      </object_component>
      <object_component id="oc-152">
         <name>.text.clear_scr</name>
         <load_address>0x2eec</load_address>
         <readonly>true</readonly>
         <executable>true</executable>
         <run_address>0x2eec</run_address>
         <size>0x44</size>
         <alignment>0x4</alignment>
         <input_file_ref idref="fl-8"/>
      </object_component>
      <object_component id="oc-154">
         <name>.text.cursor_present</name>
         <load_address>0x2f30</load_address>
         <readonly>true</readonly>
         <executable>true</executable>
         <run_address>0x2f30</run_address>
         <size>0x44</size>
         <alignment>0x4</alignment>
         <input_file_ref idref="fl-8"/>
      </object_component>
      <object_component id="oc-19c">
         <name>.text.DL_ADC12_setClockConfig</name>
         <load_address>0x2f74</load_address>
         <readonly>true</readonly>
         <executable>true</executable>
         <run_address>0x2f74</run_address>
         <size>0x40</size>
         <alignment>0x4</alignment>
         <input_file_ref idref="fl-19"/>
      </object_component>
      <object_component id="oc-124">
         <name>.text.SYSCFG_DL_UART_1_init</name>
         <load_address>0x2fb4</load_address>
         <readonly>true</readonly>
         <executable>true</executable>
         <run_address>0x2fb4</run_address>
         <size>0x40</size>
         <alignment>0x4</alignment>
         <input_file_ref idref="fl-2"/>
      </object_component>
      <object_component id="oc-ab">
         <name>.text.__aeabi_uidivmod</name>
         <load_address>0x2ff4</load_address>
         <readonly>true</readonly>
         <executable>true</executable>
         <run_address>0x2ff4</run_address>
         <size>0x40</size>
         <alignment>0x4</alignment>
         <input_file_ref idref="fl-10e"/>
      </object_component>
      <object_component id="oc-b2">
         <name>.text.__extendsfdf2</name>
         <load_address>0x3034</load_address>
         <readonly>true</readonly>
         <executable>true</executable>
         <run_address>0x3034</run_address>
         <size>0x40</size>
         <alignment>0x4</alignment>
         <input_file_ref idref="fl-101"/>
      </object_component>
      <object_component id="oc-1fb">
         <name>.text.atoi</name>
         <load_address>0x3074</load_address>
         <readonly>true</readonly>
         <executable>true</executable>
         <run_address>0x3074</run_address>
         <size>0x40</size>
         <alignment>0x4</alignment>
         <input_file_ref idref="fl-4a"/>
      </object_component>
      <object_component id="oc-1de">
         <name>.text.__floatsisf</name>
         <load_address>0x30b4</load_address>
         <readonly>true</readonly>
         <executable>true</executable>
         <run_address>0x30b4</run_address>
         <size>0x3c</size>
         <alignment>0x4</alignment>
         <input_file_ref idref="fl-105"/>
      </object_component>
      <object_component id="oc-1e5">
         <name>.text.draw_line</name>
         <load_address>0x30f0</load_address>
         <readonly>true</readonly>
         <executable>true</executable>
         <run_address>0x30f0</run_address>
         <size>0x3c</size>
         <alignment>0x4</alignment>
         <input_file_ref idref="fl-8"/>
      </object_component>
      <object_component id="oc-f6">
         <name>.text:__TI_auto_init_nobinit_nopinit</name>
         <load_address>0x312c</load_address>
         <readonly>true</readonly>
         <executable>true</executable>
         <run_address>0x312c</run_address>
         <size>0x3c</size>
         <alignment>0x4</alignment>
         <input_file_ref idref="fl-37"/>
      </object_component>
      <object_component id="oc-1d0">
         <name>.text.__muldsi3</name>
         <load_address>0x3168</load_address>
         <readonly>true</readonly>
         <executable>true</executable>
         <run_address>0x3168</run_address>
         <size>0x3a</size>
         <alignment>0x4</alignment>
         <input_file_ref idref="fl-fd"/>
      </object_component>
      <object_component id="oc-3e">
         <name>.text.ADC0_IRQHandler</name>
         <load_address>0x31a4</load_address>
         <readonly>true</readonly>
         <executable>true</executable>
         <run_address>0x31a4</run_address>
         <size>0x38</size>
         <alignment>0x4</alignment>
         <input_file_ref idref="fl-1"/>
      </object_component>
      <object_component id="oc-1da">
         <name>.text.__fixsfsi</name>
         <load_address>0x31dc</load_address>
         <readonly>true</readonly>
         <executable>true</executable>
         <run_address>0x31dc</run_address>
         <size>0x38</size>
         <alignment>0x4</alignment>
         <input_file_ref idref="fl-103"/>
      </object_component>
      <object_component id="oc-b6">
         <name>.text.sprintf</name>
         <load_address>0x3214</load_address>
         <readonly>true</readonly>
         <executable>true</executable>
         <run_address>0x3214</run_address>
         <size>0x38</size>
         <alignment>0x4</alignment>
         <input_file_ref idref="fl-31"/>
      </object_component>
      <object_component id="oc-17e">
         <name>.text.DL_GPIO_initDigitalInputFeatures</name>
         <load_address>0x324c</load_address>
         <readonly>true</readonly>
         <executable>true</executable>
         <run_address>0x324c</run_address>
         <size>0x34</size>
         <alignment>0x4</alignment>
         <input_file_ref idref="fl-2"/>
      </object_component>
      <object_component id="oc-133">
         <name>.text.__NVIC_DisableIRQ</name>
         <load_address>0x3280</load_address>
         <readonly>true</readonly>
         <executable>true</executable>
         <run_address>0x3280</run_address>
         <size>0x34</size>
         <alignment>0x4</alignment>
         <input_file_ref idref="fl-4"/>
      </object_component>
      <object_component id="oc-1e4">
         <name>.text.draw_dot</name>
         <load_address>0x32b4</load_address>
         <readonly>true</readonly>
         <executable>true</executable>
         <run_address>0x32b4</run_address>
         <size>0x34</size>
         <alignment>0x4</alignment>
         <input_file_ref idref="fl-8"/>
      </object_component>
      <object_component id="oc-138">
         <name>.text.DL_ADC12_getMemResult</name>
         <load_address>0x32e8</load_address>
         <readonly>true</readonly>
         <executable>true</executable>
         <run_address>0x32e8</run_address>
         <size>0x30</size>
         <alignment>0x4</alignment>
         <input_file_ref idref="fl-4"/>
      </object_component>
      <object_component id="oc-122">
         <name>.text.SYSCFG_DL_SYSCTL_init</name>
         <load_address>0x3318</load_address>
         <readonly>true</readonly>
         <executable>true</executable>
         <run_address>0x3318</run_address>
         <size>0x30</size>
         <alignment>0x2</alignment>
         <input_file_ref idref="fl-2"/>
      </object_component>
      <object_component id="oc-3f">
         <name>.text.UART2_IRQHandler</name>
         <load_address>0x3348</load_address>
         <readonly>true</readonly>
         <executable>true</executable>
         <run_address>0x3348</run_address>
         <size>0x30</size>
         <alignment>0x4</alignment>
         <input_file_ref idref="fl-1"/>
      </object_component>
      <object_component id="oc-25d">
         <name>.text._fcpy</name>
         <load_address>0x3378</load_address>
         <readonly>true</readonly>
         <executable>true</executable>
         <run_address>0x3378</run_address>
         <size>0x30</size>
         <alignment>0x2</alignment>
         <input_file_ref idref="fl-3d"/>
      </object_component>
      <object_component id="oc-e3">
         <name>.text.__NVIC_ClearPendingIRQ</name>
         <load_address>0x33a8</load_address>
         <readonly>true</readonly>
         <executable>true</executable>
         <run_address>0x33a8</run_address>
         <size>0x2c</size>
         <alignment>0x4</alignment>
         <input_file_ref idref="fl-1"/>
      </object_component>
      <object_component id="oc-149">
         <name>.text.__NVIC_EnableIRQ</name>
         <load_address>0x33d4</load_address>
         <readonly>true</readonly>
         <executable>true</executable>
         <run_address>0x33d4</run_address>
         <size>0x2c</size>
         <alignment>0x4</alignment>
         <input_file_ref idref="fl-4"/>
      </object_component>
      <object_component id="oc-e5">
         <name>.text.__NVIC_EnableIRQ</name>
         <load_address>0x3400</load_address>
         <readonly>true</readonly>
         <executable>true</executable>
         <run_address>0x3400</run_address>
         <size>0x2c</size>
         <alignment>0x4</alignment>
         <input_file_ref idref="fl-1"/>
      </object_component>
      <object_component id="oc-221">
         <name>.text.__floatsidf</name>
         <load_address>0x342c</load_address>
         <readonly>true</readonly>
         <executable>true</executable>
         <run_address>0x342c</run_address>
         <size>0x2c</size>
         <alignment>0x4</alignment>
         <input_file_ref idref="fl-104"/>
      </object_component>
      <object_component id="oc-cc">
         <name>.text.sendData</name>
         <load_address>0x3458</load_address>
         <readonly>true</readonly>
         <executable>true</executable>
         <run_address>0x3458</run_address>
         <size>0x2c</size>
         <alignment>0x4</alignment>
         <input_file_ref idref="fl-7"/>
      </object_component>
      <object_component id="oc-114">
         <name>.text.uart0_send_char</name>
         <load_address>0x3484</load_address>
         <readonly>true</readonly>
         <executable>true</executable>
         <run_address>0x3484</run_address>
         <size>0x2c</size>
         <alignment>0x4</alignment>
         <input_file_ref idref="fl-9"/>
      </object_component>
      <object_component id="oc-218">
         <name>.text.DL_Common_updateReg</name>
         <load_address>0x34b0</load_address>
         <readonly>true</readonly>
         <executable>true</executable>
         <run_address>0x34b0</run_address>
         <size>0x28</size>
         <alignment>0x2</alignment>
         <input_file_ref idref="fl-2"/>
      </object_component>
      <object_component id="oc-139">
         <name>.text.__floatunsisf</name>
         <load_address>0x34d8</load_address>
         <readonly>true</readonly>
         <executable>true</executable>
         <run_address>0x34d8</run_address>
         <size>0x28</size>
         <alignment>0x4</alignment>
         <input_file_ref idref="fl-107"/>
      </object_component>
      <object_component id="oc-5b">
         <name>.text:_c_int00_noargs</name>
         <load_address>0x3500</load_address>
         <readonly>true</readonly>
         <executable>true</executable>
         <run_address>0x3500</run_address>
         <size>0x28</size>
         <alignment>0x4</alignment>
         <input_file_ref idref="fl-35"/>
      </object_component>
      <object_component id="oc-80">
         <name>.text.sendString</name>
         <load_address>0x3528</load_address>
         <readonly>true</readonly>
         <executable>true</executable>
         <run_address>0x3528</run_address>
         <size>0x26</size>
         <alignment>0x2</alignment>
         <input_file_ref idref="fl-7"/>
      </object_component>
      <object_component id="oc-de">
         <name>.text.SYSCFG_DL_init</name>
         <load_address>0x354e</load_address>
         <readonly>true</readonly>
         <executable>true</executable>
         <run_address>0x354e</run_address>
         <size>0x24</size>
         <alignment>0x2</alignment>
         <input_file_ref idref="fl-2"/>
      </object_component>
      <object_component id="oc-1b3">
         <name>.text.__floatunsidf</name>
         <load_address>0x3574</load_address>
         <readonly>true</readonly>
         <executable>true</executable>
         <run_address>0x3574</run_address>
         <size>0x24</size>
         <alignment>0x4</alignment>
         <input_file_ref idref="fl-106"/>
      </object_component>
      <object_component id="oc-208">
         <name>.text.__muldi3</name>
         <load_address>0x3598</load_address>
         <readonly>true</readonly>
         <executable>true</executable>
         <run_address>0x3598</run_address>
         <size>0x24</size>
         <alignment>0x4</alignment>
         <input_file_ref idref="fl-108"/>
      </object_component>
      <object_component id="oc-153">
         <name>.text.delay_ms</name>
         <load_address>0x35bc</load_address>
         <readonly>true</readonly>
         <executable>true</executable>
         <run_address>0x35bc</run_address>
         <size>0x24</size>
         <alignment>0x4</alignment>
         <input_file_ref idref="fl-b"/>
      </object_component>
      <object_component id="oc-1f4">
         <name>.text.memccpy</name>
         <load_address>0x35e0</load_address>
         <readonly>true</readonly>
         <executable>true</executable>
         <run_address>0x35e0</run_address>
         <size>0x22</size>
         <alignment>0x2</alignment>
         <input_file_ref idref="fl-4c"/>
      </object_component>
      <object_component id="oc-17c">
         <name>.text.DL_GPIO_initPeripheralInputFunction</name>
         <load_address>0x3604</load_address>
         <readonly>true</readonly>
         <executable>true</executable>
         <run_address>0x3604</run_address>
         <size>0x20</size>
         <alignment>0x4</alignment>
         <input_file_ref idref="fl-2"/>
      </object_component>
      <object_component id="oc-18b">
         <name>.text.DL_SYSCTL_setMFPCLKSource</name>
         <load_address>0x3624</load_address>
         <readonly>true</readonly>
         <executable>true</executable>
         <run_address>0x3624</run_address>
         <size>0x20</size>
         <alignment>0x4</alignment>
         <input_file_ref idref="fl-2"/>
      </object_component>
      <object_component id="oc-127">
         <name>.text.SYSCFG_DL_DAC12_init</name>
         <load_address>0x3644</load_address>
         <readonly>true</readonly>
         <executable>true</executable>
         <run_address>0x3644</run_address>
         <size>0x20</size>
         <alignment>0x4</alignment>
         <input_file_ref idref="fl-2"/>
      </object_component>
      <object_component id="oc-146">
         <name>.text.vol2deg</name>
         <load_address>0x3664</load_address>
         <readonly>true</readonly>
         <executable>true</executable>
         <run_address>0x3664</run_address>
         <size>0x20</size>
         <alignment>0x4</alignment>
         <input_file_ref idref="fl-7"/>
      </object_component>
      <object_component id="oc-145">
         <name>.text.vol2gain</name>
         <load_address>0x3684</load_address>
         <readonly>true</readonly>
         <executable>true</executable>
         <run_address>0x3684</run_address>
         <size>0x20</size>
         <alignment>0x4</alignment>
         <input_file_ref idref="fl-7"/>
      </object_component>
      <object_component id="oc-194">
         <name>.text.DL_UART_setOversampling</name>
         <load_address>0x36a4</load_address>
         <readonly>true</readonly>
         <executable>true</executable>
         <run_address>0x36a4</run_address>
         <size>0x1e</size>
         <alignment>0x2</alignment>
         <input_file_ref idref="fl-2"/>
      </object_component>
      <object_component id="oc-266">
         <name>.text.__ashldi3</name>
         <load_address>0x36c4</load_address>
         <readonly>true</readonly>
         <executable>true</executable>
         <run_address>0x36c4</run_address>
         <size>0x1e</size>
         <alignment>0x4</alignment>
         <input_file_ref idref="fl-111"/>
      </object_component>
      <object_component id="oc-ee">
         <name>.text.show_scope</name>
         <load_address>0x36e2</load_address>
         <readonly>true</readonly>
         <executable>true</executable>
         <run_address>0x36e2</run_address>
         <size>0x1e</size>
         <alignment>0x2</alignment>
         <input_file_ref idref="fl-8"/>
      </object_component>
      <object_component id="oc-1a5">
         <name>.text.DL_ADC12_clearInterruptStatus</name>
         <load_address>0x3700</load_address>
         <readonly>true</readonly>
         <executable>true</executable>
         <run_address>0x3700</run_address>
         <size>0x1c</size>
         <alignment>0x4</alignment>
         <input_file_ref idref="fl-2"/>
      </object_component>
      <object_component id="oc-1a6">
         <name>.text.DL_ADC12_enableInterrupt</name>
         <load_address>0x371c</load_address>
         <readonly>true</readonly>
         <executable>true</executable>
         <run_address>0x371c</run_address>
         <size>0x1c</size>
         <alignment>0x4</alignment>
         <input_file_ref idref="fl-2"/>
      </object_component>
      <object_component id="oc-135">
         <name>.text.DL_ADC12_startConversion</name>
         <load_address>0x3738</load_address>
         <readonly>true</readonly>
         <executable>true</executable>
         <run_address>0x3738</run_address>
         <size>0x1c</size>
         <alignment>0x4</alignment>
         <input_file_ref idref="fl-4"/>
      </object_component>
      <object_component id="oc-12a">
         <name>.text.DL_DAC12_output12</name>
         <load_address>0x3754</load_address>
         <readonly>true</readonly>
         <executable>true</executable>
         <run_address>0x3754</run_address>
         <size>0x1c</size>
         <alignment>0x4</alignment>
         <input_file_ref idref="fl-6"/>
      </object_component>
      <object_component id="oc-7b">
         <name>.text.DL_GPIO_clearInterruptStatus</name>
         <load_address>0x3770</load_address>
         <readonly>true</readonly>
         <executable>true</executable>
         <run_address>0x3770</run_address>
         <size>0x1c</size>
         <alignment>0x4</alignment>
         <input_file_ref idref="fl-1"/>
      </object_component>
      <object_component id="oc-183">
         <name>.text.DL_GPIO_clearInterruptStatus</name>
         <load_address>0x378c</load_address>
         <readonly>true</readonly>
         <executable>true</executable>
         <run_address>0x378c</run_address>
         <size>0x1c</size>
         <alignment>0x4</alignment>
         <input_file_ref idref="fl-2"/>
      </object_component>
      <object_component id="oc-184">
         <name>.text.DL_GPIO_enableInterrupt</name>
         <load_address>0x37a8</load_address>
         <readonly>true</readonly>
         <executable>true</executable>
         <run_address>0x37a8</run_address>
         <size>0x1c</size>
         <alignment>0x4</alignment>
         <input_file_ref idref="fl-2"/>
      </object_component>
      <object_component id="oc-17f">
         <name>.text.DL_GPIO_initDigitalInput</name>
         <load_address>0x37c4</load_address>
         <readonly>true</readonly>
         <executable>true</executable>
         <run_address>0x37c4</run_address>
         <size>0x1c</size>
         <alignment>0x4</alignment>
         <input_file_ref idref="fl-2"/>
      </object_component>
      <object_component id="oc-17b">
         <name>.text.DL_GPIO_initPeripheralOutputFunction</name>
         <load_address>0x37e0</load_address>
         <readonly>true</readonly>
         <executable>true</executable>
         <run_address>0x37e0</run_address>
         <size>0x1c</size>
         <alignment>0x4</alignment>
         <input_file_ref idref="fl-2"/>
      </object_component>
      <object_component id="oc-182">
         <name>.text.DL_GPIO_setLowerPinsPolarity</name>
         <load_address>0x37fc</load_address>
         <readonly>true</readonly>
         <executable>true</executable>
         <run_address>0x37fc</run_address>
         <size>0x1c</size>
         <alignment>0x4</alignment>
         <input_file_ref idref="fl-2"/>
      </object_component>
      <object_component id="oc-69">
         <name>.text.DL_Interrupt_getPendingGroup</name>
         <load_address>0x3818</load_address>
         <readonly>true</readonly>
         <executable>true</executable>
         <run_address>0x3818</run_address>
         <size>0x1c</size>
         <alignment>0x4</alignment>
         <input_file_ref idref="fl-1"/>
      </object_component>
      <object_component id="oc-187">
         <name>.text.DL_SYSCTL_setSYSOSCFreq</name>
         <load_address>0x3834</load_address>
         <readonly>true</readonly>
         <executable>true</executable>
         <run_address>0x3834</run_address>
         <size>0x1c</size>
         <alignment>0x4</alignment>
         <input_file_ref idref="fl-2"/>
      </object_component>
      <object_component id="oc-196">
         <name>.text.DL_UART_enableInterrupt</name>
         <load_address>0x3850</load_address>
         <readonly>true</readonly>
         <executable>true</executable>
         <run_address>0x3850</run_address>
         <size>0x1c</size>
         <alignment>0x4</alignment>
         <input_file_ref idref="fl-2"/>
      </object_component>
      <object_component id="oc-175">
         <name>.text.DL_ADC12_enablePower</name>
         <load_address>0x386c</load_address>
         <readonly>true</readonly>
         <executable>true</executable>
         <run_address>0x386c</run_address>
         <size>0x18</size>
         <alignment>0x4</alignment>
         <input_file_ref idref="fl-2"/>
      </object_component>
      <object_component id="oc-171">
         <name>.text.DL_ADC12_reset</name>
         <load_address>0x3884</load_address>
         <readonly>true</readonly>
         <executable>true</executable>
         <run_address>0x3884</run_address>
         <size>0x18</size>
         <alignment>0x4</alignment>
         <input_file_ref idref="fl-2"/>
      </object_component>
      <object_component id="oc-1a4">
         <name>.text.DL_ADC12_setSampleTime0</name>
         <load_address>0x389c</load_address>
         <readonly>true</readonly>
         <executable>true</executable>
         <run_address>0x389c</run_address>
         <size>0x18</size>
         <alignment>0x4</alignment>
         <input_file_ref idref="fl-2"/>
      </object_component>
      <object_component id="oc-176">
         <name>.text.DL_DAC12_enablePower</name>
         <load_address>0x38b4</load_address>
         <readonly>true</readonly>
         <executable>true</executable>
         <run_address>0x38b4</run_address>
         <size>0x18</size>
         <alignment>0x4</alignment>
         <input_file_ref idref="fl-2"/>
      </object_component>
      <object_component id="oc-172">
         <name>.text.DL_DAC12_reset</name>
         <load_address>0x38cc</load_address>
         <readonly>true</readonly>
         <executable>true</executable>
         <run_address>0x38cc</run_address>
         <size>0x18</size>
         <alignment>0x4</alignment>
         <input_file_ref idref="fl-2"/>
      </object_component>
      <object_component id="oc-181">
         <name>.text.DL_GPIO_enableOutput</name>
         <load_address>0x38e4</load_address>
         <readonly>true</readonly>
         <executable>true</executable>
         <run_address>0x38e4</run_address>
         <size>0x18</size>
         <alignment>0x4</alignment>
         <input_file_ref idref="fl-2"/>
      </object_component>
      <object_component id="oc-173">
         <name>.text.DL_GPIO_enablePower</name>
         <load_address>0x38fc</load_address>
         <readonly>true</readonly>
         <executable>true</executable>
         <run_address>0x38fc</run_address>
         <size>0x18</size>
         <alignment>0x4</alignment>
         <input_file_ref idref="fl-2"/>
      </object_component>
      <object_component id="oc-17d">
         <name>.text.DL_GPIO_initDigitalOutput</name>
         <load_address>0x3914</load_address>
         <readonly>true</readonly>
         <executable>true</executable>
         <run_address>0x3914</run_address>
         <size>0x18</size>
         <alignment>0x4</alignment>
         <input_file_ref idref="fl-2"/>
      </object_component>
      <object_component id="oc-16f">
         <name>.text.DL_GPIO_reset</name>
         <load_address>0x392c</load_address>
         <readonly>true</readonly>
         <executable>true</executable>
         <run_address>0x392c</run_address>
         <size>0x18</size>
         <alignment>0x4</alignment>
         <input_file_ref idref="fl-2"/>
      </object_component>
      <object_component id="oc-185">
         <name>.text.DL_GPIO_setUpperPinsPolarity</name>
         <load_address>0x3944</load_address>
         <readonly>true</readonly>
         <executable>true</executable>
         <run_address>0x3944</run_address>
         <size>0x18</size>
         <alignment>0x2</alignment>
         <input_file_ref idref="fl-2"/>
      </object_component>
      <object_component id="oc-12f">
         <name>.text.DL_GPIO_togglePins</name>
         <load_address>0x395c</load_address>
         <readonly>true</readonly>
         <executable>true</executable>
         <run_address>0x395c</run_address>
         <size>0x18</size>
         <alignment>0x4</alignment>
         <input_file_ref idref="fl-5"/>
      </object_component>
      <object_component id="oc-75">
         <name>.text.DL_GPIO_togglePins</name>
         <load_address>0x3974</load_address>
         <readonly>true</readonly>
         <executable>true</executable>
         <run_address>0x3974</run_address>
         <size>0x18</size>
         <alignment>0x4</alignment>
         <input_file_ref idref="fl-1"/>
      </object_component>
      <object_component id="oc-186">
         <name>.text.DL_SYSCTL_setBORThreshold</name>
         <load_address>0x398c</load_address>
         <readonly>true</readonly>
         <executable>true</executable>
         <run_address>0x398c</run_address>
         <size>0x18</size>
         <alignment>0x4</alignment>
         <input_file_ref idref="fl-2"/>
      </object_component>
      <object_component id="oc-174">
         <name>.text.DL_UART_enablePower</name>
         <load_address>0x39a4</load_address>
         <readonly>true</readonly>
         <executable>true</executable>
         <run_address>0x39a4</run_address>
         <size>0x18</size>
         <alignment>0x4</alignment>
         <input_file_ref idref="fl-2"/>
      </object_component>
      <object_component id="oc-117">
         <name>.text.DL_UART_isBusy</name>
         <load_address>0x39bc</load_address>
         <readonly>true</readonly>
         <executable>true</executable>
         <run_address>0x39bc</run_address>
         <size>0x18</size>
         <alignment>0x4</alignment>
         <input_file_ref idref="fl-7"/>
      </object_component>
      <object_component id="oc-16c">
         <name>.text.DL_UART_isBusy</name>
         <load_address>0x39d4</load_address>
         <readonly>true</readonly>
         <executable>true</executable>
         <run_address>0x39d4</run_address>
         <size>0x18</size>
         <alignment>0x4</alignment>
         <input_file_ref idref="fl-9"/>
      </object_component>
      <object_component id="oc-170">
         <name>.text.DL_UART_reset</name>
         <load_address>0x39ec</load_address>
         <readonly>true</readonly>
         <executable>true</executable>
         <run_address>0x39ec</run_address>
         <size>0x18</size>
         <alignment>0x4</alignment>
         <input_file_ref idref="fl-2"/>
      </object_component>
      <object_component id="oc-110">
         <name>.text._outs</name>
         <load_address>0x3a04</load_address>
         <readonly>true</readonly>
         <executable>true</executable>
         <run_address>0x3a04</run_address>
         <size>0x18</size>
         <alignment>0x2</alignment>
         <input_file_ref idref="fl-31"/>
      </object_component>
      <object_component id="oc-134">
         <name>.text.DL_ADC12_enableConversions</name>
         <load_address>0x3a1c</load_address>
         <readonly>true</readonly>
         <executable>true</executable>
         <run_address>0x3a1c</run_address>
         <size>0x16</size>
         <alignment>0x2</alignment>
         <input_file_ref idref="fl-4"/>
      </object_component>
      <object_component id="oc-1a7">
         <name>.text.DL_ADC12_enableConversions</name>
         <load_address>0x3a32</load_address>
         <readonly>true</readonly>
         <executable>true</executable>
         <run_address>0x3a32</run_address>
         <size>0x16</size>
         <alignment>0x2</alignment>
         <input_file_ref idref="fl-2"/>
      </object_component>
      <object_component id="oc-e4">
         <name>.text.DL_DAC12_enable</name>
         <load_address>0x3a48</load_address>
         <readonly>true</readonly>
         <executable>true</executable>
         <run_address>0x3a48</run_address>
         <size>0x16</size>
         <alignment>0x2</alignment>
         <input_file_ref idref="fl-1"/>
      </object_component>
      <object_component id="oc-1b0">
         <name>.text.DL_DAC12_enable</name>
         <load_address>0x3a5e</load_address>
         <readonly>true</readonly>
         <executable>true</executable>
         <run_address>0x3a5e</run_address>
         <size>0x16</size>
         <alignment>0x2</alignment>
         <input_file_ref idref="fl-2"/>
      </object_component>
      <object_component id="oc-1b2">
         <name>.text.DL_GPIO_readPins</name>
         <load_address>0x3a74</load_address>
         <readonly>true</readonly>
         <executable>true</executable>
         <run_address>0x3a74</run_address>
         <size>0x16</size>
         <alignment>0x2</alignment>
         <input_file_ref idref="fl-5"/>
      </object_component>
      <object_component id="oc-c2">
         <name>.text.DL_GPIO_readPins</name>
         <load_address>0x3a8a</load_address>
         <readonly>true</readonly>
         <executable>true</executable>
         <run_address>0x3a8a</run_address>
         <size>0x16</size>
         <alignment>0x2</alignment>
         <input_file_ref idref="fl-7"/>
      </object_component>
      <object_component id="oc-a8">
         <name>.text.DL_GPIO_readPins</name>
         <load_address>0x3aa0</load_address>
         <readonly>true</readonly>
         <executable>true</executable>
         <run_address>0x3aa0</run_address>
         <size>0x16</size>
         <alignment>0x2</alignment>
         <input_file_ref idref="fl-a"/>
      </object_component>
      <object_component id="oc-62">
         <name>.text.DL_GPIO_readPins</name>
         <load_address>0x3ab6</load_address>
         <readonly>true</readonly>
         <executable>true</executable>
         <run_address>0x3ab6</run_address>
         <size>0x16</size>
         <alignment>0x2</alignment>
         <input_file_ref idref="fl-b"/>
      </object_component>
      <object_component id="oc-197">
         <name>.text.DL_UART_enable</name>
         <load_address>0x3acc</load_address>
         <readonly>true</readonly>
         <executable>true</executable>
         <run_address>0x3acc</run_address>
         <size>0x16</size>
         <alignment>0x2</alignment>
         <input_file_ref idref="fl-2"/>
      </object_component>
      <object_component id="oc-118">
         <name>.text.DL_UART_transmitData</name>
         <load_address>0x3ae2</load_address>
         <readonly>true</readonly>
         <executable>true</executable>
[...]
         <value>0x2eed</value>
         <object_component_ref idref="oc-152"/>
      </symbol>
      <symbol id="sm-213">
         <name>draw_dot</name>
         <value>0x32b5</value>
         <object_component_ref idref="oc-1e4"/>
      </symbol>
      <symbol id="sm-214">
         <name>draw_line</name>
         <value>0x30f1</value>
         <object_component_ref idref="oc-1e5"/>
      </symbol>
      <symbol id="sm-215">
         <name>cursor_move</name>
         <value>0x2205</value>
         <object_component_ref idref="oc-6f"/>
      </symbol>
      <symbol id="sm-216">
         <name>offset</name>
         <value>0x20200d72</value>
         <object_component_ref idref="oc-af"/>
      </symbol>
      <symbol id="sm-217">
         <name>cursor_value</name>
         <value>0x2591</value>
         <object_component_ref idref="oc-74"/>
      </symbol>
      <symbol id="sm-218">
         <name>cursor_present</name>
         <value>0x2f31</value>
         <object_component_ref idref="oc-154"/>
      </symbol>
      <symbol id="sm-219">
         <name>show_curve</name>
         <value>0x1fa1</value>
         <object_component_ref idref="oc-151"/>
      </symbol>
      <symbol id="sm-21a">
         <name>pha_point</name>
         <value>0x20200690</value>
         <object_component_ref idref="oc-1e2"/>
      </symbol>
      <symbol id="sm-21b">
         <name>amp_point</name>
         <value>0x20200000</value>
         <object_component_ref idref="oc-1e3"/>
      </symbol>
      <symbol id="sm-21c">
         <name>show_scope</name>
         <value>0x36e3</value>
         <object_component_ref idref="oc-ee"/>
      </symbol>
      <symbol id="sm-21d">
         <name>coordinate_conversion</name>
         <value>0x2421</value>
         <object_component_ref idref="oc-148"/>
      </symbol>
      <symbol id="sm-233">
         <name>uart0_send_char</name>
         <value>0x3485</value>
         <object_component_ref idref="oc-114"/>
      </symbol>
      <symbol id="sm-234">
         <name>tjc_send_string</name>
         <value>0x2c49</value>
         <object_component_ref idref="oc-bc"/>
      </symbol>
      <symbol id="sm-235">
         <name>ringBuff</name>
         <value>0x20201750</value>
      </symbol>
      <symbol id="sm-236">
         <name>writeRingBuff</name>
         <value>0x2ea5</value>
         <object_component_ref idref="oc-86"/>
      </symbol>
      <symbol id="sm-243">
         <name>get_rotate_dir</name>
         <value>0x29e5</value>
         <object_component_ref idref="oc-6a"/>
      </symbol>
      <symbol id="sm-253">
         <name>delay_ms</name>
         <value>0x35bd</value>
         <object_component_ref idref="oc-153"/>
      </symbol>
      <symbol id="sm-254">
         <name>delay_times</name>
         <value>0x20200d68</value>
         <object_component_ref idref="oc-63"/>
      </symbol>
      <symbol id="sm-255">
         <name>SysTick_Handler</name>
         <value>0x1ba9</value>
         <object_component_ref idref="oc-34"/>
      </symbol>
      <symbol id="sm-256">
         <name>Tick</name>
         <value>0x20200d54</value>
         <object_component_ref idref="oc-64"/>
      </symbol>
      <symbol id="sm-257">
         <name>__TI_ATRegion0_src_addr</name>
         <value>0x0</value>
      </symbol>
      <symbol id="sm-258">
         <name>__TI_ATRegion0_trg_addr</name>
         <value>0x0</value>
      </symbol>
      <symbol id="sm-259">
         <name>__TI_ATRegion0_region_sz</name>
         <value>0x0</value>
      </symbol>
      <symbol id="sm-25a">
         <name>__TI_ATRegion1_src_addr</name>
         <value>0x0</value>
      </symbol>
      <symbol id="sm-25b">
         <name>__TI_ATRegion1_trg_addr</name>
         <value>0x0</value>
      </symbol>
      <symbol id="sm-25c">
         <name>__TI_ATRegion1_region_sz</name>
         <value>0x0</value>
      </symbol>
      <symbol id="sm-25d">
         <name>__TI_ATRegion2_src_addr</name>
         <value>0x0</value>
      </symbol>
      <symbol id="sm-25e">
         <name>__TI_ATRegion2_trg_addr</name>
         <value>0x0</value>
      </symbol>
      <symbol id="sm-25f">
         <name>__TI_ATRegion2_region_sz</name>
         <value>0x0</value>
      </symbol>
      <symbol id="sm-26a">
         <name>DL_ADC12_setClockConfig</name>
         <value>0x2f75</value>
         <object_component_ref idref="oc-19c"/>
      </symbol>
      <symbol id="sm-273">
         <name>DL_Common_delayCycles</name>
         <value>0x3c65</value>
         <object_component_ref idref="oc-177"/>
      </symbol>
      <symbol id="sm-27e">
         <name>DL_DAC12_init</name>
         <value>0x2291</value>
         <object_component_ref idref="oc-1aa"/>
      </symbol>
      <symbol id="sm-28b">
         <name>DL_UART_init</name>
         <value>0x2e15</value>
         <object_component_ref idref="oc-193"/>
      </symbol>
      <symbol id="sm-28c">
         <name>DL_UART_setClockConfig</name>
         <value>0x3b99</value>
         <object_component_ref idref="oc-18d"/>
      </symbol>
      <symbol id="sm-29d">
         <name>sprintf</name>
         <value>0x3215</value>
         <object_component_ref idref="oc-b6"/>
      </symbol>
      <symbol id="sm-2ab">
         <name>_c_int00_noargs</name>
         <value>0x3501</value>
         <object_component_ref idref="oc-5b"/>
      </symbol>
      <symbol id="sm-2ac">
         <name>__stack</name>
         <value>0x20207e00</value>
         <object_component_ref idref="oc-1a"/>
      </symbol>
      <symbol id="sm-2b8">
         <name>__TI_auto_init_nobinit_nopinit</name>
         <value>0x312d</value>
         <object_component_ref idref="oc-f6"/>
      </symbol>
      <symbol id="sm-2c0">
         <name>_system_pre_init</name>
         <value>0x3cad</value>
         <object_component_ref idref="oc-95"/>
      </symbol>
      <symbol id="sm-2cb">
         <name>__TI_zero_init</name>
         <value>0x3c11</value>
         <object_component_ref idref="oc-58"/>
      </symbol>
      <symbol id="sm-2d4">
         <name>__TI_decompress_none</name>
         <value>0x3bbd</value>
         <object_component_ref idref="oc-20"/>
      </symbol>
      <symbol id="sm-2df">
         <name>__TI_decompress_lzss</name>
         <value>0x249d</value>
         <object_component_ref idref="oc-1c"/>
      </symbol>
      <symbol id="sm-328">
         <name>__TI_printfi</name>
         <value>0xc1</value>
         <object_component_ref idref="oc-16b"/>
      </symbol>
      <symbol id="sm-331">
         <name>wcslen</name>
         <value>0x3c01</value>
         <object_component_ref idref="oc-1ff"/>
      </symbol>
      <symbol id="sm-33e">
         <name>frexp</name>
         <value>0x2a45</value>
         <object_component_ref idref="oc-24e"/>
      </symbol>
      <symbol id="sm-33f">
         <name>frexpl</name>
         <value>0x2a45</value>
         <object_component_ref idref="oc-24e"/>
      </symbol>
      <symbol id="sm-349">
         <name>scalbn</name>
         <value>0x1c89</value>
         <object_component_ref idref="oc-252"/>
      </symbol>
      <symbol id="sm-34a">
         <name>ldexp</name>
         <value>0x1c89</value>
         <object_component_ref idref="oc-252"/>
      </symbol>
      <symbol id="sm-34b">
         <name>scalbnl</name>
         <value>0x1c89</value>
         <object_component_ref idref="oc-252"/>
      </symbol>
      <symbol id="sm-34c">
         <name>ldexpl</name>
         <value>0x1c89</value>
         <object_component_ref idref="oc-252"/>
      </symbol>
      <symbol id="sm-357">
         <name>__aeabi_errno_addr</name>
         <value>0x2769</value>
         <object_component_ref idref="oc-203"/>
      </symbol>
      <symbol id="sm-358">
         <name>__aeabi_errno</name>
         <value>0x20200d58</value>
         <object_component_ref idref="oc-244"/>
      </symbol>
      <symbol id="sm-362">
         <name>abort</name>
         <value>0x3cb1</value>
         <object_component_ref idref="oc-ef"/>
      </symbol>
      <symbol id="sm-363">
         <name>C$$EXIT</name>
         <value>0x3cb0</value>
         <object_component_ref idref="oc-ef"/>
      </symbol>
      <symbol id="sm-36d">
         <name>__TI_ltoa</name>
         <value>0x2aa1</value>
         <object_component_ref idref="oc-256"/>
      </symbol>
      <symbol id="sm-379">
         <name>atoi</name>
         <value>0x3075</value>
         <object_component_ref idref="oc-1fb"/>
      </symbol>
      <symbol id="sm-383">
         <name>memccpy</name>
         <value>0x35e1</value>
         <object_component_ref idref="oc-1f4"/>
      </symbol>
      <symbol id="sm-389">
         <name>__aeabi_ctype_table_</name>
         <value>0x3cc0</value>
         <object_component_ref idref="oc-23d"/>
      </symbol>
      <symbol id="sm-38a">
         <name>__aeabi_ctype_table_C</name>
         <value>0x3cc0</value>
         <object_component_ref idref="oc-23d"/>
      </symbol>
      <symbol id="sm-3a2">
         <name>__aeabi_fadd</name>
         <value>0x1d6b</value>
         <object_component_ref idref="oc-1d6"/>
      </symbol>
      <symbol id="sm-3a3">
         <name>__addsf3</name>
         <value>0x1d6b</value>
         <object_component_ref idref="oc-1d6"/>
      </symbol>
      <symbol id="sm-3a4">
         <name>__aeabi_fsub</name>
         <value>0x1d61</value>
         <object_component_ref idref="oc-1d6"/>
      </symbol>
      <symbol id="sm-3a5">
         <name>__subsf3</name>
         <value>0x1d61</value>
         <object_component_ref idref="oc-1d6"/>
      </symbol>
      <symbol id="sm-3ab">
         <name>__aeabi_dadd</name>
         <value>0x1143</value>
         <object_component_ref idref="oc-1c3"/>
      </symbol>
      <symbol id="sm-3ac">
         <name>__adddf3</name>
         <value>0x1143</value>
         <object_component_ref idref="oc-1c3"/>
      </symbol>
      <symbol id="sm-3ad">
         <name>__aeabi_dsub</name>
         <value>0x1139</value>
         <object_component_ref idref="oc-1c3"/>
      </symbol>
      <symbol id="sm-3ae">
         <name>__subdf3</name>
         <value>0x1139</value>
         <object_component_ref idref="oc-1c3"/>
      </symbol>
      <symbol id="sm-3b7">
         <name>__aeabi_dmul</name>
         <value>0x1ac5</value>
         <object_component_ref idref="oc-1b7"/>
      </symbol>
      <symbol id="sm-3b8">
         <name>__muldf3</name>
         <value>0x1ac5</value>
         <object_component_ref idref="oc-1b7"/>
      </symbol>
      <symbol id="sm-3be">
         <name>__muldsi3</name>
         <value>0x3169</value>
         <object_component_ref idref="oc-1d0"/>
      </symbol>
      <symbol id="sm-3c4">
         <name>__aeabi_fmul</name>
         <value>0x2179</value>
         <object_component_ref idref="oc-13d"/>
      </symbol>
      <symbol id="sm-3c5">
         <name>__mulsf3</name>
         <value>0x2179</value>
         <object_component_ref idref="oc-13d"/>
      </symbol>
      <symbol id="sm-3cb">
         <name>__aeabi_fdiv</name>
         <value>0x239d</value>
         <object_component_ref idref="oc-141"/>
      </symbol>
      <symbol id="sm-3cc">
         <name>__divsf3</name>
         <value>0x239d</value>
         <object_component_ref idref="oc-141"/>
      </symbol>
      <symbol id="sm-3d2">
         <name>__aeabi_ddiv</name>
         <value>0x17cd</value>
         <object_component_ref idref="oc-1c7"/>
      </symbol>
      <symbol id="sm-3d3">
         <name>__divdf3</name>
         <value>0x17cd</value>
         <object_component_ref idref="oc-1c7"/>
      </symbol>
      <symbol id="sm-3d9">
         <name>__aeabi_f2d</name>
         <value>0x3035</value>
         <object_component_ref idref="oc-b2"/>
      </symbol>
      <symbol id="sm-3da">
         <name>__extendsfdf2</name>
         <value>0x3035</value>
         <object_component_ref idref="oc-b2"/>
      </symbol>
      <symbol id="sm-3e0">
         <name>__aeabi_d2iz</name>
         <value>0x2dc9</value>
         <object_component_ref idref="oc-1cb"/>
      </symbol>
      <symbol id="sm-3e1">
         <name>__fixdfsi</name>
         <value>0x2dc9</value>
         <object_component_ref idref="oc-1cb"/>
      </symbol>
      <symbol id="sm-3e7">
         <name>__aeabi_f2iz</name>
         <value>0x31dd</value>
         <object_component_ref idref="oc-1da"/>
      </symbol>
      <symbol id="sm-3e8">
         <name>__fixsfsi</name>
         <value>0x31dd</value>
         <object_component_ref idref="oc-1da"/>
      </symbol>
      <symbol id="sm-3ee">
         <name>__aeabi_i2d</name>
         <value>0x342d</value>
         <object_component_ref idref="oc-221"/>
      </symbol>
      <symbol id="sm-3ef">
         <name>__floatsidf</name>
         <value>0x342d</value>
         <object_component_ref idref="oc-221"/>
      </symbol>
      <symbol id="sm-3f5">
         <name>__aeabi_i2f</name>
         <value>0x30b5</value>
         <object_component_ref idref="oc-1de"/>
      </symbol>
      <symbol id="sm-3f6">
         <name>__floatsisf</name>
         <value>0x30b5</value>
         <object_component_ref idref="oc-1de"/>
      </symbol>
      <symbol id="sm-3fc">
         <name>__aeabi_ui2d</name>
         <value>0x3575</value>
         <object_component_ref idref="oc-1b3"/>
      </symbol>
      <symbol id="sm-3fd">
         <name>__floatunsidf</name>
         <value>0x3575</value>
         <object_component_ref idref="oc-1b3"/>
      </symbol>
      <symbol id="sm-403">
         <name>__aeabi_ui2f</name>
         <value>0x34d9</value>
         <object_component_ref idref="oc-139"/>
      </symbol>
      <symbol id="sm-404">
         <name>__floatunsisf</name>
         <value>0x34d9</value>
         <object_component_ref idref="oc-139"/>
      </symbol>
      <symbol id="sm-40a">
         <name>__aeabi_lmul</name>
         <value>0x3599</value>
         <object_component_ref idref="oc-208"/>
      </symbol>
      <symbol id="sm-40b">
         <name>__muldi3</name>
         <value>0x3599</value>
         <object_component_ref idref="oc-208"/>
      </symbol>
      <symbol id="sm-412">
         <name>__aeabi_d2f</name>
         <value>0x2771</value>
         <object_component_ref idref="oc-225"/>
      </symbol>
      <symbol id="sm-413">
         <name>__truncdfsf2</name>
         <value>0x2771</value>
         <object_component_ref idref="oc-225"/>
      </symbol>
      <symbol id="sm-419">
         <name>__aeabi_dcmpeq</name>
         <value>0x2921</value>
         <object_component_ref idref="oc-1bf"/>
      </symbol>
      <symbol id="sm-41a">
         <name>__aeabi_dcmplt</name>
         <value>0x2935</value>
         <object_component_ref idref="oc-1bf"/>
      </symbol>
      <symbol id="sm-41b">
         <name>__aeabi_dcmple</name>
         <value>0x2949</value>
         <object_component_ref idref="oc-1bf"/>
      </symbol>
      <symbol id="sm-41c">
         <name>__aeabi_dcmpge</name>
         <value>0x295d</value>
         <object_component_ref idref="oc-1bf"/>
      </symbol>
      <symbol id="sm-41d">
         <name>__aeabi_dcmpgt</name>
         <value>0x2971</value>
         <object_component_ref idref="oc-1bf"/>
      </symbol>
      <symbol id="sm-423">
         <name>__aeabi_idiv</name>
         <value>0x2b51</value>
         <object_component_ref idref="oc-271"/>
      </symbol>
      <symbol id="sm-424">
         <name>__aeabi_idivmod</name>
         <value>0x2b51</value>
         <object_component_ref idref="oc-271"/>
      </symbol>
      <symbol id="sm-42a">
         <name>__aeabi_memcpy</name>
         <value>0x3c9d</value>
         <object_component_ref idref="oc-4b"/>
      </symbol>
      <symbol id="sm-42b">
         <name>__aeabi_memcpy4</name>
         <value>0x3c9d</value>
         <object_component_ref idref="oc-4b"/>
      </symbol>
      <symbol id="sm-42c">
         <name>__aeabi_memcpy8</name>
         <value>0x3c9d</value>
         <object_component_ref idref="oc-4b"/>
      </symbol>
      <symbol id="sm-435">
         <name>__aeabi_memset</name>
         <value>0x3c21</value>
         <object_component_ref idref="oc-1f3"/>
      </symbol>
      <symbol id="sm-436">
         <name>__aeabi_memset4</name>
         <value>0x3c21</value>
         <object_component_ref idref="oc-1f3"/>
      </symbol>
      <symbol id="sm-437">
         <name>__aeabi_memset8</name>
         <value>0x3c21</value>
         <object_component_ref idref="oc-1f3"/>
      </symbol>
      <symbol id="sm-438">
         <name>__aeabi_memclr</name>
         <value>0x3c59</value>
         <object_component_ref idref="oc-90"/>
      </symbol>
      <symbol id="sm-439">
         <name>__aeabi_memclr4</name>
         <value>0x3c59</value>
         <object_component_ref idref="oc-90"/>
      </symbol>
      <symbol id="sm-43a">
         <name>__aeabi_memclr8</name>
         <value>0x3c59</value>
         <object_component_ref idref="oc-90"/>
      </symbol>
      <symbol id="sm-440">
         <name>__aeabi_uidiv</name>
         <value>0x2ff5</value>
         <object_component_ref idref="oc-ab"/>
      </symbol>
      <symbol id="sm-441">
         <name>__aeabi_uidivmod</name>
         <value>0x2ff5</value>
         <object_component_ref idref="oc-ab"/>
      </symbol>
      <symbol id="sm-447">
         <name>__aeabi_uldivmod</name>
         <value>0x3b4d</value>
         <object_component_ref idref="oc-20d"/>
      </symbol>
      <symbol id="sm-44d">
         <name>__udivmoddi4</name>
         <value>0x2049</value>
         <object_component_ref idref="oc-249"/>
      </symbol>
      <symbol id="sm-453">
         <name>__aeabi_llsl</name>
         <value>0x36c5</value>
         <object_component_ref idref="oc-266"/>
      </symbol>
      <symbol id="sm-454">
         <name>__ashldi3</name>
         <value>0x36c5</value>
         <object_component_ref idref="oc-266"/>
      </symbol>
      <symbol id="sm-462">
         <name>__ledf2</name>
         <value>0x2851</value>
         <object_component_ref idref="oc-229"/>
      </symbol>
      <symbol id="sm-463">
         <name>__gedf2</name>
         <value>0x26f5</value>
         <object_component_ref idref="oc-22f"/>
      </symbol>
      <symbol id="sm-464">
         <name>__cmpdf2</name>
         <value>0x2851</value>
         <object_component_ref idref="oc-229"/>
      </symbol>
      <symbol id="sm-465">
         <name>__eqdf2</name>
         <value>0x2851</value>
         <object_component_ref idref="oc-229"/>
      </symbol>
      <symbol id="sm-466">
         <name>__ltdf2</name>
         <value>0x2851</value>
         <object_component_ref idref="oc-229"/>
      </symbol>
      <symbol id="sm-467">
         <name>__nedf2</name>
         <value>0x2851</value>
         <object_component_ref idref="oc-229"/>
      </symbol>
      <symbol id="sm-468">
         <name>__gtdf2</name>
         <value>0x26f5</value>
         <object_component_ref idref="oc-22f"/>
      </symbol>
      <symbol id="sm-474">
         <name>__aeabi_idiv0</name>
         <value>0x12cb</value>
         <object_component_ref idref="oc-108"/>
      </symbol>
      <symbol id="sm-475">
         <name>__aeabi_ldiv0</name>
         <value>0x20eb</value>
         <object_component_ref idref="oc-265"/>
      </symbol>
      <symbol id="sm-47f">
         <name>TI_memcpy_small</name>
         <value>0x3bab</value>
         <object_component_ref idref="oc-d4"/>
      </symbol>
      <symbol id="sm-488">
         <name>TI_memset_small</name>
         <value>0x3c3d</value>
         <object_component_ref idref="oc-11a"/>
      </symbol>
      <symbol id="sm-489">
         <name>__TI_static_base__</name>
         <value>0x0</value>
      </symbol>
      <symbol id="sm-48d">
         <name>__mpu_init</name>
         <value>0x0</value>
      </symbol>
      <symbol id="sm-48e">
         <name>_system_post_cinit</name>
         <value>0x0</value>
      </symbol>
   </symbol_table>
   <title>Link successful</title>
</link_info>
