<?xml version="1.0" encoding="ISO-8859-1" ?>
<link_info>
   <banner>TI ARM Clang Linker PC v4.0.0.LTS</banner>
   <copyright>Copyright (c) 1996-2018 Texas Instruments Incorporated</copyright>
   <command_line>E:\ti\CCS_THEIA\ccs\tools\compiler\ti-cgt-armllvm_4.0.0.LTS\bin\tiarmlnk -IE:\ti\CCS_THEIA\ccs\tools\compiler\ti-cgt-armllvm_4.0.0.LTS\lib -o 01_RF_Amplifier.out -m01_RF_Amplifier.map -iE:/ti/SDK/mspm0_sdk_2_04_00_06/source -iE:/ti/workspace/01_RF_Amplifier -iE:/ti/workspace/01_RF_Amplifier/Debug/syscfg -iE:/ti/CCS_THEIA/ccs/tools/compiler/ti-cgt-armllvm_4.0.0.LTS/lib --diag_wrap=off --display_error_number --warn_sections --xml_link_info=01_RF_Amplifier_linkInfo.xml --rom_model ./RF_Amplifier.o ./ti_msp_dl_config.o ./startup_mspm0g350x_ticlang.o ./HARDWARE/ADC/ADC.o ./HARDWARE/BTN/BTN.o ./HARDWARE/DAC/DAC.o ./HARDWARE/FREQ_DECODER/FREQ_DECODER.o ./HARDWARE/LCD/HMI_GUI.o ./HARDWARE/LCD/PAGE_HANDLE.o ./HARDWARE/LCD/tjc_usart_hmi.o ./HARDWARE/ROTARY_ENCODER/ROTARY_ENCODER.o ./HARDWARE/TICK/Tick.o ./HARDWARE/UART/UART.o -l./device_linker.cmd -ldevice.cmd.genlibs -llibc.a --start-group -llibc++.a -llibc++abi.a -llibc.a -llibsys.a -llibsysbm.a -llibclang_rt.builtins.a -llibclang_rt.profile.a --end-group --cg_opt_level=0</command_line>
   <link_time>0x681d7804</link_time>
   <link_errors>0x0</link_errors>
   <output_file>E:\ti\workspace\01_RF_Amplifier\Debug\01_RF_Amplifier.out</output_file>
   <entry_point>
      <name>_c_int00_noargs</name>
      <address>0x3745</address>
   </entry_point>
   <input_file_list>
      <input_file id="fl-1">
         <path>E:\ti\workspace\01_RF_Amplifier\Debug\.\</path>
         <kind>object</kind>
         <file>RF_Amplifier.o</file>
         <name>RF_Amplifier.o</name>
      </input_file>
      <input_file id="fl-2">
         <path>E:\ti\workspace\01_RF_Amplifier\Debug\.\</path>
         <kind>object</kind>
         <file>ti_msp_dl_config.o</file>
         <name>ti_msp_dl_config.o</name>
      </input_file>
      <input_file id="fl-3">
         <path>E:\ti\workspace\01_RF_Amplifier\Debug\.\</path>
         <kind>object</kind>
         <file>startup_mspm0g350x_ticlang.o</file>
         <name>startup_mspm0g350x_ticlang.o</name>
      </input_file>
      <input_file id="fl-4">
         <path>E:\ti\workspace\01_RF_Amplifier\Debug\.\HARDWARE\ADC\</path>
         <kind>object</kind>
         <file>ADC.o</file>
         <name>ADC.o</name>
      </input_file>
      <input_file id="fl-5">
         <path>E:\ti\workspace\01_RF_Amplifier\Debug\.\HARDWARE\BTN\</path>
         <kind>object</kind>
         <file>BTN.o</file>
         <name>BTN.o</name>
      </input_file>
      <input_file id="fl-6">
         <path>E:\ti\workspace\01_RF_Amplifier\Debug\.\HARDWARE\DAC\</path>
         <kind>object</kind>
         <file>DAC.o</file>
         <name>DAC.o</name>
      </input_file>
      <input_file id="fl-7">
         <path>E:\ti\workspace\01_RF_Amplifier\Debug\.\HARDWARE\FREQ_DECODER\</path>
         <kind>object</kind>
         <file>FREQ_DECODER.o</file>
         <name>FREQ_DECODER.o</name>
      </input_file>
      <input_file id="fl-8">
         <path>E:\ti\workspace\01_RF_Amplifier\Debug\.\HARDWARE\LCD\</path>
         <kind>object</kind>
         <file>HMI_GUI.o</file>
         <name>HMI_GUI.o</name>
      </input_file>
      <input_file id="fl-9">
         <path>E:\ti\workspace\01_RF_Amplifier\Debug\.\HARDWARE\LCD\</path>
         <kind>object</kind>
         <file>PAGE_HANDLE.o</file>
         <name>PAGE_HANDLE.o</name>
      </input_file>
      <input_file id="fl-a">
         <path>E:\ti\workspace\01_RF_Amplifier\Debug\.\HARDWARE\LCD\</path>
         <kind>object</kind>
         <file>tjc_usart_hmi.o</file>
         <name>tjc_usart_hmi.o</name>
      </input_file>
      <input_file id="fl-b">
         <path>E:\ti\workspace\01_RF_Amplifier\Debug\.\HARDWARE\ROTARY_ENCODER\</path>
         <kind>object</kind>
         <file>ROTARY_ENCODER.o</file>
         <name>ROTARY_ENCODER.o</name>
      </input_file>
      <input_file id="fl-c">
         <path>E:\ti\workspace\01_RF_Amplifier\Debug\.\HARDWARE\TICK\</path>
         <kind>object</kind>
         <file>Tick.o</file>
         <name>Tick.o</name>
      </input_file>
      <input_file id="fl-d">
         <path>E:\ti\workspace\01_RF_Amplifier\Debug\.\HARDWARE\UART\</path>
         <kind>object</kind>
         <file>UART.o</file>
         <name>UART.o</name>
      </input_file>
      <input_file id="fl-1a">
         <path>E:\ti\workspace\01_RF_Amplifier\Debug\</path>
         <kind>object</kind>
         <file>&lt;internal&gt;</file>
         <name>&lt;internal&gt;</name>
      </input_file>
      <input_file id="fl-1b">
         <path>E:\ti\SDK\mspm0_sdk_2_04_00_06\source\ti\driverlib\lib\ticlang\m0p\mspm0g1x0x_g3x0x\</path>
         <kind>archive</kind>
         <file>driverlib.a</file>
         <name>dl_adc12.o</name>
      </input_file>
      <input_file id="fl-1c">
         <path>E:\ti\SDK\mspm0_sdk_2_04_00_06\source\ti\driverlib\lib\ticlang\m0p\mspm0g1x0x_g3x0x\</path>
         <kind>archive</kind>
         <file>driverlib.a</file>
         <name>dl_common.o</name>
      </input_file>
      <input_file id="fl-1d">
         <path>E:\ti\SDK\mspm0_sdk_2_04_00_06\source\ti\driverlib\lib\ticlang\m0p\mspm0g1x0x_g3x0x\</path>
         <kind>archive</kind>
         <file>driverlib.a</file>
         <name>dl_dac12.o</name>
      </input_file>
      <input_file id="fl-1e">
         <path>E:\ti\SDK\mspm0_sdk_2_04_00_06\source\ti\driverlib\lib\ticlang\m0p\mspm0g1x0x_g3x0x\</path>
         <kind>archive</kind>
         <file>driverlib.a</file>
         <name>dl_uart.o</name>
      </input_file>
      <input_file id="fl-33">
         <path>E:\ti\CCS_THEIA\ccs\tools\compiler\ti-cgt-armllvm_4.0.0.LTS\lib\armv6m-ti-none-eabi\c\</path>
         <kind>archive</kind>
         <file>libc.a</file>
         <name>sprintf.c.obj</name>
      </input_file>
      <input_file id="fl-34">
         <path>E:\ti\CCS_THEIA\ccs\tools\compiler\ti-cgt-armllvm_4.0.0.LTS\lib\armv6m-ti-none-eabi\c\</path>
         <kind>archive</kind>
         <file>libc.a</file>
         <name>vsnprintf.c.obj</name>
      </input_file>
      <input_file id="fl-35">
         <path>E:\ti\CCS_THEIA\ccs\tools\compiler\ti-cgt-armllvm_4.0.0.LTS\lib\armv6m-ti-none-eabi\c\</path>
         <kind>archive</kind>
         <file>libc.a</file>
         <name>boot_cortex_m.c.obj</name>
      </input_file>
      <input_file id="fl-36">
         <path>E:\ti\CCS_THEIA\ccs\tools\compiler\ti-cgt-armllvm_4.0.0.LTS\lib\armv6m-ti-none-eabi\c\</path>
         <kind>archive</kind>
         <file>libc.a</file>
         <name>mathacl_init.c.obj</name>
      </input_file>
      <input_file id="fl-37">
         <path>E:\ti\CCS_THEIA\ccs\tools\compiler\ti-cgt-armllvm_4.0.0.LTS\lib\armv6m-ti-none-eabi\c\</path>
         <kind>archive</kind>
         <file>libc.a</file>
         <name>autoinit.c.obj</name>
      </input_file>
      <input_file id="fl-38">
         <path>E:\ti\CCS_THEIA\ccs\tools\compiler\ti-cgt-armllvm_4.0.0.LTS\lib\armv6m-ti-none-eabi\c\</path>
         <kind>archive</kind>
         <file>libc.a</file>
         <name>pre_init.c.obj</name>
      </input_file>
      <input_file id="fl-39">
         <path>E:\ti\CCS_THEIA\ccs\tools\compiler\ti-cgt-armllvm_4.0.0.LTS\lib\armv6m-ti-none-eabi\c\</path>
         <kind>archive</kind>
         <file>libc.a</file>
         <name>cpy_tbl.c.obj</name>
      </input_file>
      <input_file id="fl-3a">
         <path>E:\ti\CCS_THEIA\ccs\tools\compiler\ti-cgt-armllvm_4.0.0.LTS\lib\armv6m-ti-none-eabi\c\</path>
         <kind>archive</kind>
         <file>libc.a</file>
         <name>copy_zero_init.c.obj</name>
      </input_file>
      <input_file id="fl-3b">
         <path>E:\ti\CCS_THEIA\ccs\tools\compiler\ti-cgt-armllvm_4.0.0.LTS\lib\armv6m-ti-none-eabi\c\</path>
         <kind>archive</kind>
         <file>libc.a</file>
         <name>copy_decompress_none.c.obj</name>
      </input_file>
      <input_file id="fl-3c">
         <path>E:\ti\CCS_THEIA\ccs\tools\compiler\ti-cgt-armllvm_4.0.0.LTS\lib\armv6m-ti-none-eabi\c\</path>
         <kind>archive</kind>
         <file>libc.a</file>
         <name>copy_decompress_lzss.c.obj</name>
      </input_file>
      <input_file id="fl-3d">
         <path>E:\ti\CCS_THEIA\ccs\tools\compiler\ti-cgt-armllvm_4.0.0.LTS\lib\armv6m-ti-none-eabi\c\</path>
         <kind>archive</kind>
         <file>libc.a</file>
         <name>_printfi.c.obj</name>
      </input_file>
      <input_file id="fl-3e">
         <path>E:\ti\CCS_THEIA\ccs\tools\compiler\ti-cgt-armllvm_4.0.0.LTS\lib\armv6m-ti-none-eabi\c\</path>
         <kind>archive</kind>
         <file>libc.a</file>
         <name>wcslen.c.obj</name>
      </input_file>
      <input_file id="fl-3f">
         <path>E:\ti\CCS_THEIA\ccs\tools\compiler\ti-cgt-armllvm_4.0.0.LTS\lib\armv6m-ti-none-eabi\c\</path>
         <kind>archive</kind>
         <file>libc.a</file>
         <name>s_frexp.c.obj</name>
      </input_file>
      <input_file id="fl-40">
         <path>E:\ti\CCS_THEIA\ccs\tools\compiler\ti-cgt-armllvm_4.0.0.LTS\lib\armv6m-ti-none-eabi\c\</path>
         <kind>archive</kind>
         <file>libc.a</file>
         <name>s_scalbn.c.obj</name>
      </input_file>
      <input_file id="fl-41">
         <path>E:\ti\CCS_THEIA\ccs\tools\compiler\ti-cgt-armllvm_4.0.0.LTS\lib\armv6m-ti-none-eabi\c\</path>
         <kind>archive</kind>
         <file>libc.a</file>
         <name>aeabi_portable.c.obj</name>
      </input_file>
      <input_file id="fl-42">
         <path>E:\ti\CCS_THEIA\ccs\tools\compiler\ti-cgt-armllvm_4.0.0.LTS\lib\armv6m-ti-none-eabi\c\</path>
         <kind>archive</kind>
         <file>libc.a</file>
         <name>exit.c.obj</name>
      </input_file>
      <input_file id="fl-43">
         <path>E:\ti\CCS_THEIA\ccs\tools\compiler\ti-cgt-armllvm_4.0.0.LTS\lib\armv6m-ti-none-eabi\c\</path>
         <kind>archive</kind>
         <file>libc.a</file>
         <name>_lock.c.obj</name>
      </input_file>
      <input_file id="fl-44">
         <path>E:\ti\CCS_THEIA\ccs\tools\compiler\ti-cgt-armllvm_4.0.0.LTS\lib\armv6m-ti-none-eabi\c\</path>
         <kind>archive</kind>
         <file>libc.a</file>
         <name>_ltoa.c.obj</name>
      </input_file>
      <input_file id="fl-45">
         <path>E:\ti\CCS_THEIA\ccs\tools\compiler\ti-cgt-armllvm_4.0.0.LTS\lib\armv6m-ti-none-eabi\c\</path>
         <kind>archive</kind>
         <file>libc.a</file>
         <name>args_main.c.obj</name>
      </input_file>
      <input_file id="fl-46">
         <path>E:\ti\CCS_THEIA\ccs\tools\compiler\ti-cgt-armllvm_4.0.0.LTS\lib\armv6m-ti-none-eabi\c\</path>
         <kind>archive</kind>
         <file>libc.a</file>
         <name>assert.c.obj</name>
      </input_file>
      <input_file id="fl-47">
         <path>E:\ti\CCS_THEIA\ccs\tools\compiler\ti-cgt-armllvm_4.0.0.LTS\lib\armv6m-ti-none-eabi\c\</path>
         <kind>archive</kind>
         <file>libc.a</file>
         <name>atoi.c.obj</name>
      </input_file>
      <input_file id="fl-48">
         <path>E:\ti\CCS_THEIA\ccs\tools\compiler\ti-cgt-armllvm_4.0.0.LTS\lib\armv6m-ti-none-eabi\c\</path>
         <kind>archive</kind>
         <file>libc.a</file>
         <name>defs.c.obj</name>
      </input_file>
      <input_file id="fl-49">
         <path>E:\ti\CCS_THEIA\ccs\tools\compiler\ti-cgt-armllvm_4.0.0.LTS\lib\armv6m-ti-none-eabi\c\</path>
         <kind>archive</kind>
         <file>libc.a</file>
         <name>memccpy.c.obj</name>
      </input_file>
      <input_file id="fl-4a">
         <path>E:\ti\CCS_THEIA\ccs\tools\compiler\ti-cgt-armllvm_4.0.0.LTS\lib\armv6m-ti-none-eabi\c\</path>
         <kind>archive</kind>
         <file>libc.a</file>
         <name>memory.c.obj</name>
      </input_file>
      <input_file id="fl-4b">
         <path>E:\ti\CCS_THEIA\ccs\tools\compiler\ti-cgt-armllvm_4.0.0.LTS\lib\armv6m-ti-none-eabi\c\</path>
         <kind>archive</kind>
         <file>libc.a</file>
         <name>fflush.c.obj</name>
      </input_file>
      <input_file id="fl-4c">
         <path>E:\ti\CCS_THEIA\ccs\tools\compiler\ti-cgt-armllvm_4.0.0.LTS\lib\armv6m-ti-none-eabi\c\</path>
         <kind>archive</kind>
         <file>libc.a</file>
         <name>fputs.c.obj</name>
      </input_file>
      <input_file id="fl-4d">
         <path>E:\ti\CCS_THEIA\ccs\tools\compiler\ti-cgt-armllvm_4.0.0.LTS\lib\armv6m-ti-none-eabi\c\</path>
         <kind>archive</kind>
         <file>libc.a</file>
         <name>_io_perm.c.obj</name>
      </input_file>
      <input_file id="fl-4e">
         <path>E:\ti\CCS_THEIA\ccs\tools\compiler\ti-cgt-armllvm_4.0.0.LTS\lib\armv6m-ti-none-eabi\c\</path>
         <kind>archive</kind>
         <file>libc.a</file>
         <name>setvbuf.c.obj</name>
      </input_file>
      <input_file id="fl-4f">
         <path>E:\ti\CCS_THEIA\ccs\tools\compiler\ti-cgt-armllvm_4.0.0.LTS\lib\armv6m-ti-none-eabi\c\</path>
         <kind>archive</kind>
         <file>libc.a</file>
         <name>aeabi_ctype.S.obj</name>
      </input_file>
      <input_file id="fl-50">
         <path>E:\ti\CCS_THEIA\ccs\tools\compiler\ti-cgt-armllvm_4.0.0.LTS\lib\armv6m-ti-none-eabi\c\</path>
         <kind>archive</kind>
         <file>libc.a</file>
         <name>fopen.c.obj</name>
      </input_file>
      <input_file id="fl-51">
         <path>E:\ti\CCS_THEIA\ccs\tools\compiler\ti-cgt-armllvm_4.0.0.LTS\lib\armv6m-ti-none-eabi\c\</path>
         <kind>archive</kind>
         <file>libc.a</file>
         <name>fseek.c.obj</name>
      </input_file>
      <input_file id="fl-52">
         <path>E:\ti\CCS_THEIA\ccs\tools\compiler\ti-cgt-armllvm_4.0.0.LTS\lib\armv6m-ti-none-eabi\c\</path>
         <kind>archive</kind>
         <file>libc.a</file>
         <name>fclose.c.obj</name>
      </input_file>
      <input_file id="fl-e8">
         <path>E:\ti\CCS_THEIA\ccs\tools\compiler\ti-cgt-armllvm_4.0.0.LTS\lib\armv6m-ti-none-eabi\c\</path>
         <kind>archive</kind>
         <file>libsysbm.a</file>
         <name>write.c.obj</name>
      </input_file>
      <input_file id="fl-e9">
         <path>E:\ti\CCS_THEIA\ccs\tools\compiler\ti-cgt-armllvm_4.0.0.LTS\lib\armv6m-ti-none-eabi\c\</path>
         <kind>archive</kind>
         <file>libsysbm.a</file>
         <name>host_device.c.obj</name>
      </input_file>
      <input_file id="fl-ea">
         <path>E:\ti\CCS_THEIA\ccs\tools\compiler\ti-cgt-armllvm_4.0.0.LTS\lib\armv6m-ti-none-eabi\c\</path>
         <kind>archive</kind>
         <file>libsysbm.a</file>
         <name>remove.c.obj</name>
      </input_file>
      <input_file id="fl-eb">
         <path>E:\ti\CCS_THEIA\ccs\tools\compiler\ti-cgt-armllvm_4.0.0.LTS\lib\armv6m-ti-none-eabi\c\</path>
         <kind>archive</kind>
         <file>libsysbm.a</file>
         <name>open.c.obj</name>
      </input_file>
      <input_file id="fl-ec">
         <path>E:\ti\CCS_THEIA\ccs\tools\compiler\ti-cgt-armllvm_4.0.0.LTS\lib\armv6m-ti-none-eabi\c\</path>
         <kind>archive</kind>
         <file>libsysbm.a</file>
         <name>lseek.c.obj</name>
      </input_file>
      <input_file id="fl-ed">
         <path>E:\ti\CCS_THEIA\ccs\tools\compiler\ti-cgt-armllvm_4.0.0.LTS\lib\armv6m-ti-none-eabi\c\</path>
         <kind>archive</kind>
         <file>libsysbm.a</file>
         <name>close.c.obj</name>
      </input_file>
      <input_file id="fl-ee">
         <path>E:\ti\CCS_THEIA\ccs\tools\compiler\ti-cgt-armllvm_4.0.0.LTS\lib\armv6m-ti-none-eabi\c\</path>
         <kind>archive</kind>
         <file>libsysbm.a</file>
         <name>unlink.c.obj</name>
      </input_file>
      <input_file id="fl-ef">
         <path>E:\ti\CCS_THEIA\ccs\tools\compiler\ti-cgt-armllvm_4.0.0.LTS\lib\armv6m-ti-none-eabi\c\</path>
         <kind>archive</kind>
         <file>libsysbm.a</file>
         <name>hostclose.c.obj</name>
      </input_file>
      <input_file id="fl-f0">
         <path>E:\ti\CCS_THEIA\ccs\tools\compiler\ti-cgt-armllvm_4.0.0.LTS\lib\armv6m-ti-none-eabi\c\</path>
         <kind>archive</kind>
         <file>libsysbm.a</file>
         <name>hostlseek.c.obj</name>
      </input_file>
      <input_file id="fl-f1">
         <path>E:\ti\CCS_THEIA\ccs\tools\compiler\ti-cgt-armllvm_4.0.0.LTS\lib\armv6m-ti-none-eabi\c\</path>
         <kind>archive</kind>
         <file>libsysbm.a</file>
         <name>hostopen.c.obj</name>
      </input_file>
      <input_file id="fl-f2">
         <path>E:\ti\CCS_THEIA\ccs\tools\compiler\ti-cgt-armllvm_4.0.0.LTS\lib\armv6m-ti-none-eabi\c\</path>
         <kind>archive</kind>
         <file>libsysbm.a</file>
         <name>hostread.c.obj</name>
      </input_file>
      <input_file id="fl-f3">
         <path>E:\ti\CCS_THEIA\ccs\tools\compiler\ti-cgt-armllvm_4.0.0.LTS\lib\armv6m-ti-none-eabi\c\</path>
         <kind>archive</kind>
         <file>libsysbm.a</file>
         <name>hostrename.c.obj</name>
      </input_file>
      <input_file id="fl-f4">
         <path>E:\ti\CCS_THEIA\ccs\tools\compiler\ti-cgt-armllvm_4.0.0.LTS\lib\armv6m-ti-none-eabi\c\</path>
         <kind>archive</kind>
         <file>libsysbm.a</file>
         <name>hostunlink.c.obj</name>
      </input_file>
      <input_file id="fl-f5">
         <path>E:\ti\CCS_THEIA\ccs\tools\compiler\ti-cgt-armllvm_4.0.0.LTS\lib\armv6m-ti-none-eabi\c\</path>
         <kind>archive</kind>
         <file>libsysbm.a</file>
         <name>hostwrite.c.obj</name>
      </input_file>
      <input_file id="fl-f6">
         <path>E:\ti\CCS_THEIA\ccs\tools\compiler\ti-cgt-armllvm_4.0.0.LTS\lib\armv6m-ti-none-eabi\c\</path>
         <kind>archive</kind>
         <file>libsysbm.a</file>
         <name>trgmsg.c.obj</name>
      </input_file>
      <input_file id="fl-f7">
         <path>E:\ti\CCS_THEIA\ccs\tools\compiler\ti-cgt-armllvm_4.0.0.LTS\lib\armv6m-ti-none-eabi\</path>
         <kind>archive</kind>
         <file>libclang_rt.builtins.a</file>
         <name>addsf3.S.obj</name>
      </input_file>
      <input_file id="fl-f8">
         <path>E:\ti\CCS_THEIA\ccs\tools\compiler\ti-cgt-armllvm_4.0.0.LTS\lib\armv6m-ti-none-eabi\</path>
         <kind>archive</kind>
         <file>libclang_rt.builtins.a</file>
         <name>adddf3.S.obj</name>
      </input_file>
      <input_file id="fl-f9">
         <path>E:\ti\CCS_THEIA\ccs\tools\compiler\ti-cgt-armllvm_4.0.0.LTS\lib\armv6m-ti-none-eabi\</path>
         <kind>archive</kind>
         <file>libclang_rt.builtins.a</file>
         <name>muldf3.S.obj</name>
      </input_file>
      <input_file id="fl-fa">
         <path>E:\ti\CCS_THEIA\ccs\tools\compiler\ti-cgt-armllvm_4.0.0.LTS\lib\armv6m-ti-none-eabi\</path>
         <kind>archive</kind>
         <file>libclang_rt.builtins.a</file>
         <name>muldsi3.S.obj</name>
      </input_file>
      <input_file id="fl-fb">
         <path>E:\ti\CCS_THEIA\ccs\tools\compiler\ti-cgt-armllvm_4.0.0.LTS\lib\armv6m-ti-none-eabi\</path>
         <kind>archive</kind>
         <file>libclang_rt.builtins.a</file>
         <name>mulsf3.S.obj</name>
      </input_file>
      <input_file id="fl-fc">
         <path>E:\ti\CCS_THEIA\ccs\tools\compiler\ti-cgt-armllvm_4.0.0.LTS\lib\armv6m-ti-none-eabi\</path>
         <kind>archive</kind>
         <file>libclang_rt.builtins.a</file>
         <name>divsf3.S.obj</name>
      </input_file>
      <input_file id="fl-fd">
         <path>E:\ti\CCS_THEIA\ccs\tools\compiler\ti-cgt-armllvm_4.0.0.LTS\lib\armv6m-ti-none-eabi\</path>
         <kind>archive</kind>
         <file>libclang_rt.builtins.a</file>
         <name>divdf3.S.obj</name>
      </input_file>
      <input_file id="fl-fe">
         <path>E:\ti\CCS_THEIA\ccs\tools\compiler\ti-cgt-armllvm_4.0.0.LTS\lib\armv6m-ti-none-eabi\</path>
         <kind>archive</kind>
         <file>libclang_rt.builtins.a</file>
         <name>extendsfdf2.S.obj</name>
      </input_file>
      <input_file id="fl-ff">
         <path>E:\ti\CCS_THEIA\ccs\tools\compiler\ti-cgt-armllvm_4.0.0.LTS\lib\armv6m-ti-none-eabi\</path>
         <kind>archive</kind>
         <file>libclang_rt.builtins.a</file>
         <name>fixdfsi.S.obj</name>
      </input_file>
      <input_file id="fl-100">
         <path>E:\ti\CCS_THEIA\ccs\tools\compiler\ti-cgt-armllvm_4.0.0.LTS\lib\armv6m-ti-none-eabi\</path>
         <kind>archive</kind>
         <file>libclang_rt.builtins.a</file>
         <name>fixsfsi.S.obj</name>
      </input_file>
      <input_file id="fl-101">
         <path>E:\ti\CCS_THEIA\ccs\tools\compiler\ti-cgt-armllvm_4.0.0.LTS\lib\armv6m-ti-none-eabi\</path>
         <kind>archive</kind>
         <file>libclang_rt.builtins.a</file>
         <name>floatsidf.S.obj</name>
      </input_file>
      <input_file id="fl-102">
         <path>E:\ti\CCS_THEIA\ccs\tools\compiler\ti-cgt-armllvm_4.0.0.LTS\lib\armv6m-ti-none-eabi\</path>
         <kind>archive</kind>
         <file>libclang_rt.builtins.a</file>
         <name>floatunsidf.S.obj</name>
      </input_file>
      <input_file id="fl-103">
         <path>E:\ti\CCS_THEIA\ccs\tools\compiler\ti-cgt-armllvm_4.0.0.LTS\lib\armv6m-ti-none-eabi\</path>
         <kind>archive</kind>
         <file>libclang_rt.builtins.a</file>
         <name>floatunsisf.S.obj</name>
      </input_file>
      <input_file id="fl-104">
         <path>E:\ti\CCS_THEIA\ccs\tools\compiler\ti-cgt-armllvm_4.0.0.LTS\lib\armv6m-ti-none-eabi\</path>
         <kind>archive</kind>
         <file>libclang_rt.builtins.a</file>
         <name>muldi3.S.obj</name>
      </input_file>
      <input_file id="fl-105">
         <path>E:\ti\CCS_THEIA\ccs\tools\compiler\ti-cgt-armllvm_4.0.0.LTS\lib\armv6m-ti-none-eabi\</path>
         <kind>archive</kind>
         <file>libclang_rt.builtins.a</file>
         <name>truncdfsf2.S.obj</name>
      </input_file>
      <input_file id="fl-106">
         <path>E:\ti\CCS_THEIA\ccs\tools\compiler\ti-cgt-armllvm_4.0.0.LTS\lib\armv6m-ti-none-eabi\</path>
         <kind>archive</kind>
         <file>libclang_rt.builtins.a</file>
         <name>aeabi_dcmp.S.obj</name>
      </input_file>
      <input_file id="fl-107">
         <path>E:\ti\CCS_THEIA\ccs\tools\compiler\ti-cgt-armllvm_4.0.0.LTS\lib\armv6m-ti-none-eabi\</path>
         <kind>archive</kind>
         <file>libclang_rt.builtins.a</file>
         <name>aeabi_fcmp.S.obj</name>
      </input_file>
      <input_file id="fl-108">
         <path>E:\ti\CCS_THEIA\ccs\tools\compiler\ti-cgt-armllvm_4.0.0.LTS\lib\armv6m-ti-none-eabi\</path>
         <kind>archive</kind>
         <file>libclang_rt.builtins.a</file>
         <name>aeabi_idivmod.S.obj</name>
      </input_file>
      <input_file id="fl-109">
         <path>E:\ti\CCS_THEIA\ccs\tools\compiler\ti-cgt-armllvm_4.0.0.LTS\lib\armv6m-ti-none-eabi\</path>
         <kind>archive</kind>
         <file>libclang_rt.builtins.a</file>
         <name>aeabi_memcpy.S.obj</name>
      </input_file>
      <input_file id="fl-10a">
         <path>E:\ti\CCS_THEIA\ccs\tools\compiler\ti-cgt-armllvm_4.0.0.LTS\lib\armv6m-ti-none-eabi\</path>
         <kind>archive</kind>
         <file>libclang_rt.builtins.a</file>
         <name>aeabi_memset.S.obj</name>
      </input_file>
      <input_file id="fl-10b">
         <path>E:\ti\CCS_THEIA\ccs\tools\compiler\ti-cgt-armllvm_4.0.0.LTS\lib\armv6m-ti-none-eabi\</path>
         <kind>archive</kind>
         <file>libclang_rt.builtins.a</file>
         <name>aeabi_uidivmod.S.obj</name>
      </input_file>
      <input_file id="fl-10c">
         <path>E:\ti\CCS_THEIA\ccs\tools\compiler\ti-cgt-armllvm_4.0.0.LTS\lib\armv6m-ti-none-eabi\</path>
         <kind>archive</kind>
         <file>libclang_rt.builtins.a</file>
         <name>aeabi_uldivmod.S.obj</name>
      </input_file>
      <input_file id="fl-10d">
         <path>E:\ti\CCS_THEIA\ccs\tools\compiler\ti-cgt-armllvm_4.0.0.LTS\lib\armv6m-ti-none-eabi\</path>
         <kind>archive</kind>
         <file>libclang_rt.builtins.a</file>
         <name>comparesf2.S.obj</name>
      </input_file>
      <input_file id="fl-10e">
         <path>E:\ti\CCS_THEIA\ccs\tools\compiler\ti-cgt-armllvm_4.0.0.LTS\lib\armv6m-ti-none-eabi\</path>
         <kind>archive</kind>
         <file>libclang_rt.builtins.a</file>
         <name>udivmoddi4.S.obj</name>
      </input_file>
      <input_file id="fl-10f">
         <path>E:\ti\CCS_THEIA\ccs\tools\compiler\ti-cgt-armllvm_4.0.0.LTS\lib\armv6m-ti-none-eabi\</path>
         <kind>archive</kind>
         <file>libclang_rt.builtins.a</file>
         <name>ashldi3.S.obj</name>
      </input_file>
      <input_file id="fl-110">
         <path>E:\ti\CCS_THEIA\ccs\tools\compiler\ti-cgt-armllvm_4.0.0.LTS\lib\armv6m-ti-none-eabi\</path>
         <kind>archive</kind>
         <file>libclang_rt.builtins.a</file>
         <name>comparedf2.c.obj</name>
      </input_file>
      <input_file id="fl-111">
         <path>E:\ti\CCS_THEIA\ccs\tools\compiler\ti-cgt-armllvm_4.0.0.LTS\lib\armv6m-ti-none-eabi\</path>
         <kind>archive</kind>
         <file>libclang_rt.builtins.a</file>
         <name>aeabi_div0.c.obj</name>
      </input_file>
      <input_file id="fl-112">
         <path>E:\ti\CCS_THEIA\ccs\tools\compiler\ti-cgt-armllvm_4.0.0.LTS\lib\armv6m-ti-none-eabi\c\</path>
         <kind>archive</kind>
         <file>libc.a</file>
         <name>getdevice.c.obj</name>
      </input_file>
      <input_file id="fl-113">
         <path>E:\ti\CCS_THEIA\ccs\tools\compiler\ti-cgt-armllvm_4.0.0.LTS\lib\armv6m-ti-none-eabi\c\</path>
         <kind>archive</kind>
         <file>libc.a</file>
         <name>memcpy16.S.obj</name>
      </input_file>
      <input_file id="fl-114">
         <path>E:\ti\CCS_THEIA\ccs\tools\compiler\ti-cgt-armllvm_4.0.0.LTS\lib\armv6m-ti-none-eabi\c\</path>
         <kind>archive</kind>
         <file>libc.a</file>
         <name>memset16.S.obj</name>
      </input_file>
      <input_file id="fl-115">
         <path>E:\ti\CCS_THEIA\ccs\tools\compiler\ti-cgt-armllvm_4.0.0.LTS\lib\armv6m-ti-none-eabi\c\</path>
         <kind>archive</kind>
         <file>libc.a</file>
         <name>strcmp-armv6m.S.obj</name>
      </input_file>
   </input_file_list>
   <object_component_list>
      <object_component id="oc-18">
         <name>.intvecs</name>
         <load_address>0x0</load_address>
         <readonly>true</readonly>
         <run_address>0x0</run_address>
         <size>0xc0</size>
         <alignment>0x4</alignment>
         <input_file_ref idref="fl-3"/>
      </object_component>
      <object_component id="oc-203">
         <name>.text:__TI_printfi</name>
         <load_address>0xc0</load_address>
         <readonly>true</readonly>
         <executable>true</executable>
         <run_address>0xc0</run_address>
         <size>0x9d0</size>
         <alignment>0x4</alignment>
         <input_file_ref idref="fl-3d"/>
      </object_component>
      <object_component id="oc-79">
         <name>.text.freq_fetch</name>
         <load_address>0xa90</load_address>
         <readonly>true</readonly>
         <executable>true</executable>
         <run_address>0xa90</run_address>
         <size>0x298</size>
         <alignment>0x4</alignment>
         <input_file_ref idref="fl-7"/>
      </object_component>
      <object_component id="oc-250">
         <name>.text._pconv_a</name>
         <load_address>0xd28</load_address>
         <readonly>true</readonly>
         <executable>true</executable>
         <run_address>0xd28</run_address>
         <size>0x220</size>
         <alignment>0x4</alignment>
         <input_file_ref idref="fl-3d"/>
      </object_component>
      <object_component id="oc-251">
         <name>.text._pconv_g</name>
         <load_address>0xf48</load_address>
         <readonly>true</readonly>
         <executable>true</executable>
         <run_address>0xf48</run_address>
         <size>0x1dc</size>
         <alignment>0x4</alignment>
         <input_file_ref idref="fl-3d"/>
      </object_component>
      <object_component id="oc-da">
         <name>.text.data_samplepoints_conversion</name>
         <load_address>0x1124</load_address>
         <readonly>true</readonly>
         <executable>true</executable>
         <run_address>0x1124</run_address>
         <size>0x198</size>
         <alignment>0x4</alignment>
         <input_file_ref idref="fl-4"/>
      </object_component>
      <object_component id="oc-1b2">
         <name>.text.adddf3_subdf3</name>
         <load_address>0x12bc</load_address>
         <readonly>true</readonly>
         <executable>true</executable>
         <run_address>0x12bc</run_address>
         <size>0x192</size>
         <alignment>0x4</alignment>
         <input_file_ref idref="fl-f8"/>
      </object_component>
      <object_component id="oc-f7">
         <name>.text.__aeabi_idiv0</name>
         <load_address>0x144e</load_address>
         <readonly>true</readonly>
         <executable>true</executable>
         <run_address>0x144e</run_address>
         <size>0x2</size>
         <alignment>0x2</alignment>
         <input_file_ref idref="fl-111"/>
      </object_component>
      <object_component id="oc-105">
         <name>.text.SYSCFG_DL_GPIO_init</name>
         <load_address>0x1450</load_address>
         <readonly>true</readonly>
         <executable>true</executable>
         <run_address>0x1450</run_address>
         <size>0x13c</size>
         <alignment>0x4</alignment>
         <input_file_ref idref="fl-2"/>
      </object_component>
      <object_component id="oc-283">
         <name>.text.fcvt</name>
         <load_address>0x158c</load_address>
         <readonly>true</readonly>
         <executable>true</executable>
         <run_address>0x158c</run_address>
         <size>0x13c</size>
         <alignment>0x4</alignment>
         <input_file_ref idref="fl-3d"/>
      </object_component>
      <object_component id="oc-253">
         <name>.text._pconv_e</name>
         <load_address>0x16c8</load_address>
         <readonly>true</readonly>
         <executable>true</executable>
         <run_address>0x16c8</run_address>
         <size>0x120</size>
         <alignment>0x4</alignment>
         <input_file_ref idref="fl-3d"/>
      </object_component>
      <object_component id="oc-14d">
         <name>.text.Data_Handler</name>
         <load_address>0x17e8</load_address>
         <readonly>true</readonly>
         <executable>true</executable>
         <run_address>0x17e8</run_address>
         <size>0x10c</size>
         <alignment>0x4</alignment>
         <input_file_ref idref="fl-9"/>
      </object_component>
      <object_component id="oc-1b6">
         <name>.text.__divdf3</name>
         <load_address>0x18f4</load_address>
         <readonly>true</readonly>
         <executable>true</executable>
         <run_address>0x18f4</run_address>
         <size>0x10c</size>
         <alignment>0x4</alignment>
         <input_file_ref idref="fl-fd"/>
      </object_component>
      <object_component id="oc-1e1">
         <name>.text.BTN_getData</name>
         <load_address>0x1a00</load_address>
         <readonly>true</readonly>
         <executable>true</executable>
         <run_address>0x1a00</run_address>
         <size>0x100</size>
         <alignment>0x4</alignment>
         <input_file_ref idref="fl-5"/>
      </object_component>
      <object_component id="oc-1ad">
         <name>.text.findFloat</name>
         <load_address>0x1b00</load_address>
         <readonly>true</readonly>
         <executable>true</executable>
         <run_address>0x1b00</run_address>
         <size>0xec</size>
         <alignment>0x4</alignment>
         <input_file_ref idref="fl-7"/>
      </object_component>
      <object_component id="oc-20a">
         <name>.text.__muldf3</name>
         <load_address>0x1bec</load_address>
         <readonly>true</readonly>
         <executable>true</executable>
         <run_address>0x1bec</run_address>
         <size>0xe4</size>
         <alignment>0x4</alignment>
         <input_file_ref idref="fl-f9"/>
      </object_component>
      <object_component id="oc-34">
         <name>.text.SysTick_Handler</name>
         <load_address>0x1cd0</load_address>
         <readonly>true</readonly>
         <executable>true</executable>
         <run_address>0x1cd0</run_address>
         <size>0xe0</size>
         <alignment>0x4</alignment>
         <input_file_ref idref="fl-c"/>
      </object_component>
      <object_component id="oc-276">
         <name>.text.scalbn</name>
         <load_address>0x1db0</load_address>
         <readonly>true</readonly>
         <executable>true</executable>
         <run_address>0x1db0</run_address>
         <size>0xd8</size>
         <alignment>0x4</alignment>
         <input_file_ref idref="fl-40"/>
      </object_component>
      <object_component id="oc-13b">
         <name>.text</name>
         <load_address>0x1e88</load_address>
         <readonly>true</readonly>
         <executable>true</executable>
         <run_address>0x1e88</run_address>
         <size>0xd8</size>
         <alignment>0x4</alignment>
         <input_file_ref idref="fl-f7"/>
      </object_component>
      <object_component id="oc-1e3">
         <name>.text.DAC_OUTPUT</name>
         <load_address>0x1f60</load_address>
         <readonly>true</readonly>
         <executable>true</executable>
         <run_address>0x1f60</run_address>
         <size>0xb0</size>
         <alignment>0x4</alignment>
         <input_file_ref idref="fl-6"/>
      </object_component>
      <object_component id="oc-26d">
         <name>.text</name>
         <load_address>0x2010</load_address>
         <readonly>true</readonly>
         <executable>true</executable>
         <run_address>0x2010</run_address>
         <size>0xa2</size>
         <alignment>0x4</alignment>
         <input_file_ref idref="fl-10e"/>
      </object_component>
      <object_component id="oc-285">
         <name>.text.__aeabi_ldiv0</name>
         <load_address>0x20b2</load_address>
         <readonly>true</readonly>
         <executable>true</executable>
         <run_address>0x20b2</run_address>
         <size>0x2</size>
         <alignment>0x2</alignment>
         <input_file_ref idref="fl-111"/>
      </object_component>
      <object_component id="oc-13f">
         <name>.text.coordinate_conversion</name>
         <load_address>0x20b4</load_address>
         <readonly>true</readonly>
         <executable>true</executable>
         <run_address>0x20b4</run_address>
         <size>0x98</size>
         <alignment>0x4</alignment>
         <input_file_ref idref="fl-8"/>
      </object_component>
      <object_component id="oc-109">
         <name>.text.SYSCFG_DL_ADC12_0_init</name>
         <load_address>0x214c</load_address>
         <readonly>true</readonly>
         <executable>true</executable>
         <run_address>0x214c</run_address>
         <size>0x8c</size>
         <alignment>0x4</alignment>
         <input_file_ref idref="fl-2"/>
      </object_component>
      <object_component id="oc-130">
         <name>.text.__mulsf3</name>
         <load_address>0x21d8</load_address>
         <readonly>true</readonly>
         <executable>true</executable>
         <run_address>0x21d8</run_address>
         <size>0x8c</size>
         <alignment>0x4</alignment>
         <input_file_ref idref="fl-fb"/>
      </object_component>
      <object_component id="oc-19d">
         <name>.text.DL_DAC12_init</name>
         <load_address>0x2264</load_address>
         <readonly>true</readonly>
         <executable>true</executable>
         <run_address>0x2264</run_address>
         <size>0x88</size>
         <alignment>0x4</alignment>
         <input_file_ref idref="fl-1d"/>
      </object_component>
      <object_component id="oc-17f">
         <name>.text.__NVIC_SetPriority</name>
         <load_address>0x22ec</load_address>
         <readonly>true</readonly>
         <executable>true</executable>
         <run_address>0x22ec</run_address>
         <size>0x84</size>
         <alignment>0x4</alignment>
         <input_file_ref idref="fl-2"/>
      </object_component>
      <object_component id="oc-134">
         <name>.text.__divsf3</name>
         <load_address>0x2370</load_address>
         <readonly>true</readonly>
         <executable>true</executable>
         <run_address>0x2370</run_address>
         <size>0x82</size>
         <alignment>0x4</alignment>
         <input_file_ref idref="fl-fc"/>
      </object_component>
      <object_component id="oc-1c">
         <name>.text:decompress:lzss</name>
         <load_address>0x23f4</load_address>
         <readonly>true</readonly>
         <executable>true</executable>
         <run_address>0x23f4</run_address>
         <size>0x7c</size>
         <alignment>0x4</alignment>
         <input_file_ref idref="fl-3c"/>
      </object_component>
      <object_component id="oc-104">
         <name>.text.SYSCFG_DL_initPower</name>
         <load_address>0x2470</load_address>
         <readonly>true</readonly>
         <executable>true</executable>
         <run_address>0x2470</run_address>
         <size>0x78</size>
         <alignment>0x4</alignment>
         <input_file_ref idref="fl-2"/>
      </object_component>
      <object_component id="oc-230">
         <name>.text.cursor_value</name>
         <load_address>0x24e8</load_address>
         <readonly>true</readonly>
         <executable>true</executable>
         <run_address>0x24e8</run_address>
         <size>0x78</size>
         <alignment>0x4</alignment>
         <input_file_ref idref="fl-8"/>
      </object_component>
      <object_component id="oc-121">
         <name>.text.freq2index</name>
         <load_address>0x2560</load_address>
         <readonly>true</readonly>
         <executable>true</executable>
         <run_address>0x2560</run_address>
         <size>0x78</size>
         <alignment>0x4</alignment>
         <input_file_ref idref="fl-7"/>
      </object_component>
      <object_component id="oc-218">
         <name>.text.__gedf2</name>
         <load_address>0x25d8</load_address>
         <readonly>true</readonly>
         <executable>true</executable>
         <run_address>0x25d8</run_address>
         <size>0x74</size>
         <alignment>0x4</alignment>
         <input_file_ref idref="fl-110"/>
      </object_component>
      <object_component id="oc-33">
         <name>.text.Default_Handler</name>
         <load_address>0x264c</load_address>
         <readonly>true</readonly>
         <executable>true</executable>
         <run_address>0x264c</run_address>
         <size>0x4</size>
         <alignment>0x2</alignment>
         <input_file_ref idref="fl-3"/>
      </object_component>
      <object_component id="oc-20e">
         <name>.text.__truncdfsf2</name>
         <load_address>0x2650</load_address>
         <readonly>true</readonly>
         <executable>true</executable>
         <run_address>0x2650</run_address>
         <size>0x74</size>
         <alignment>0x10</alignment>
         <input_file_ref idref="fl-105"/>
      </object_component>
      <object_component id="oc-1e6">
         <name>.text.show_curve</name>
         <load_address>0x26c4</load_address>
         <readonly>true</readonly>
         <executable>true</executable>
         <run_address>0x26c4</run_address>
         <size>0x74</size>
         <alignment>0x4</alignment>
         <input_file_ref idref="fl-8"/>
      </object_component>
      <object_component id="oc-14e">
         <name>.text.BTN_act</name>
         <load_address>0x2738</load_address>
         <readonly>true</readonly>
         <executable>true</executable>
         <run_address>0x2738</run_address>
         <size>0x6c</size>
         <alignment>0x4</alignment>
         <input_file_ref idref="fl-5"/>
      </object_component>
      <object_component id="oc-1da">
         <name>.text.deleteRingBuff</name>
         <load_address>0x27a4</load_address>
         <readonly>true</readonly>
         <executable>true</executable>
         <run_address>0x27a4</run_address>
         <size>0x6c</size>
         <alignment>0x4</alignment>
         <input_file_ref idref="fl-a"/>
      </object_component>
      <object_component id="oc-212">
         <name>.text.__ledf2</name>
         <load_address>0x2810</load_address>
         <readonly>true</readonly>
         <executable>true</executable>
         <run_address>0x2810</run_address>
         <size>0x68</size>
         <alignment>0x4</alignment>
         <input_file_ref idref="fl-110"/>
      </object_component>
      <object_component id="oc-282">
         <name>.text._mcpy</name>
         <load_address>0x2878</load_address>
         <readonly>true</readonly>
         <executable>true</executable>
         <run_address>0x2878</run_address>
         <size>0x66</size>
         <alignment>0x2</alignment>
         <input_file_ref idref="fl-3d"/>
      </object_component>
      <object_component id="oc-1ae">
         <name>.text.__aeabi_dcmp</name>
         <load_address>0x28e0</load_address>
         <readonly>true</readonly>
         <executable>true</executable>
         <run_address>0x28e0</run_address>
         <size>0x62</size>
         <alignment>0x4</alignment>
         <input_file_ref idref="fl-106"/>
      </object_component>
      <object_component id="oc-127">
         <name>.text.__aeabi_fcmp</name>
         <load_address>0x2944</load_address>
         <readonly>true</readonly>
         <executable>true</executable>
         <run_address>0x2944</run_address>
         <size>0x62</size>
         <alignment>0x4</alignment>
         <input_file_ref idref="fl-107"/>
      </object_component>
      <object_component id="oc-195">
         <name>.text.DL_ADC12_initSeqSample</name>
         <load_address>0x29a8</load_address>
         <readonly>true</readonly>
         <executable>true</executable>
         <run_address>0x29a8</run_address>
         <size>0x60</size>
         <alignment>0x4</alignment>
         <input_file_ref idref="fl-2"/>
      </object_component>
      <object_component id="oc-72">
         <name>.text.get_rotate_dir</name>
         <load_address>0x2a08</load_address>
         <readonly>true</readonly>
         <executable>true</executable>
         <run_address>0x2a08</run_address>
         <size>0x60</size>
         <alignment>0x4</alignment>
         <input_file_ref idref="fl-b"/>
      </object_component>
      <object_component id="oc-272">
         <name>.text.frexp</name>
         <load_address>0x2a68</load_address>
         <readonly>true</readonly>
         <executable>true</executable>
         <run_address>0x2a68</run_address>
         <size>0x5c</size>
         <alignment>0x4</alignment>
         <input_file_ref idref="fl-3f"/>
      </object_component>
      <object_component id="oc-1d7">
         <name>.text.instant_show_curve</name>
         <load_address>0x2ac4</load_address>
         <readonly>true</readonly>
         <executable>true</executable>
         <run_address>0x2ac4</run_address>
         <size>0x5c</size>
         <alignment>0x4</alignment>
         <input_file_ref idref="fl-8"/>
      </object_component>
      <object_component id="oc-27a">
         <name>.text.__TI_ltoa</name>
         <load_address>0x2b20</load_address>
         <readonly>true</readonly>
         <executable>true</executable>
         <run_address>0x2b20</run_address>
         <size>0x58</size>
         <alignment>0x2</alignment>
         <input_file_ref idref="fl-44"/>
      </object_component>
      <object_component id="oc-252">
         <name>.text._pconv_f</name>
         <load_address>0x2b78</load_address>
         <readonly>true</readonly>
         <executable>true</executable>
         <run_address>0x2b78</run_address>
         <size>0x58</size>
         <alignment>0x2</alignment>
         <input_file_ref idref="fl-3d"/>
      </object_component>
      <object_component id="oc-9d">
         <name>.text.main</name>
         <load_address>0x2bd0</load_address>
         <readonly>true</readonly>
         <executable>true</executable>
         <run_address>0x2bd0</run_address>
         <size>0x58</size>
         <alignment>0x4</alignment>
         <input_file_ref idref="fl-1"/>
      </object_component>
      <object_component id="oc-1e8">
         <name>.text.show_cursor</name>
         <load_address>0x2c28</load_address>
         <readonly>true</readonly>
         <executable>true</executable>
         <run_address>0x2c28</run_address>
         <size>0x58</size>
         <alignment>0x4</alignment>
         <input_file_ref idref="fl-8"/>
      </object_component>
      <object_component id="oc-291">
         <name>.text.__aeabi_idivmod</name>
         <load_address>0x2c80</load_address>
         <readonly>true</readonly>
         <executable>true</executable>
         <run_address>0x2c80</run_address>
         <size>0x56</size>
         <alignment>0x4</alignment>
         <input_file_ref idref="fl-108"/>
      </object_component>
      <object_component id="oc-280">
         <name>.text._ecpy</name>
         <load_address>0x2cd6</load_address>
         <readonly>true</readonly>
         <executable>true</executable>
         <run_address>0x2cd6</run_address>
         <size>0x52</size>
         <alignment>0x2</alignment>
         <input_file_ref idref="fl-3d"/>
      </object_component>
      <object_component id="oc-39">
         <name>.text.GROUP1_IRQHandler</name>
         <load_address>0x2d28</load_address>
         <readonly>true</readonly>
         <executable>true</executable>
         <run_address>0x2d28</run_address>
         <size>0x50</size>
         <alignment>0x4</alignment>
         <input_file_ref idref="fl-1"/>
      </object_component>
      <object_component id="oc-19c">
         <name>.text.SysTick_Config</name>
         <load_address>0x2d78</load_address>
         <readonly>true</readonly>
         <executable>true</executable>
         <run_address>0x2d78</run_address>
         <size>0x50</size>
         <alignment>0x4</alignment>
         <input_file_ref idref="fl-2"/>
      </object_component>
      <object_component id="oc-115">
         <name>.text.tjc_send_string</name>
         <load_address>0x2dc8</load_address>
         <readonly>true</readonly>
         <executable>true</executable>
         <run_address>0x2dc8</run_address>
         <size>0x50</size>
         <alignment>0x2</alignment>
         <input_file_ref idref="fl-a"/>
      </object_component>
      <object_component id="oc-d5">
         <name>.text.DAC_OUTPUT0</name>
         <load_address>0x2e18</load_address>
         <readonly>true</readonly>
         <executable>true</executable>
         <run_address>0x2e18</run_address>
         <size>0x4c</size>
         <alignment>0x4</alignment>
         <input_file_ref idref="fl-6"/>
      </object_component>
      <object_component id="oc-188">
         <name>.text.DL_UART_setBaudRateDivisor</name>
         <load_address>0x2e64</load_address>
         <readonly>true</readonly>
         <executable>true</executable>
         <run_address>0x2e64</run_address>
         <size>0x4c</size>
         <alignment>0x4</alignment>
         <input_file_ref idref="fl-2"/>
      </object_component>
      <object_component id="oc-db">
         <name>.text.Page_Handler</name>
         <load_address>0x2eb0</load_address>
         <readonly>true</readonly>
         <executable>true</executable>
         <run_address>0x2eb0</run_address>
         <size>0x4c</size>
         <alignment>0x4</alignment>
         <input_file_ref idref="fl-9"/>
      </object_component>
      <object_component id="oc-1e7">
         <name>.text.cursor_move</name>
         <load_address>0x2efc</load_address>
         <readonly>true</readonly>
         <executable>true</executable>
         <run_address>0x2efc</run_address>
         <size>0x4c</size>
         <alignment>0x4</alignment>
         <input_file_ref idref="fl-8"/>
      </object_component>
      <object_component id="oc-196">
         <name>.text.DL_ADC12_configConversionMem</name>
         <load_address>0x2f48</load_address>
         <readonly>true</readonly>
         <executable>true</executable>
         <run_address>0x2f48</run_address>
         <size>0x4a</size>
         <alignment>0x2</alignment>
         <input_file_ref idref="fl-2"/>
      </object_component>
      <object_component id="oc-1ba">
         <name>.text.__fixdfsi</name>
         <load_address>0x2f94</load_address>
         <readonly>true</readonly>
         <executable>true</executable>
         <run_address>0x2f94</run_address>
         <size>0x4a</size>
         <alignment>0x4</alignment>
         <input_file_ref idref="fl-ff"/>
      </object_component>
      <object_component id="oc-186">
         <name>.text.DL_UART_init</name>
         <load_address>0x2fe0</load_address>
         <readonly>true</readonly>
         <executable>true</executable>
         <run_address>0x2fe0</run_address>
         <size>0x48</size>
         <alignment>0x4</alignment>
         <input_file_ref idref="fl-1e"/>
      </object_component>
      <object_component id="oc-107">
         <name>.text.SYSCFG_DL_UART_0_init</name>
         <load_address>0x3028</load_address>
         <readonly>true</readonly>
         <executable>true</executable>
         <run_address>0x3028</run_address>
         <size>0x48</size>
         <alignment>0x4</alignment>
         <input_file_ref idref="fl-2"/>
      </object_component>
      <object_component id="oc-87">
         <name>.text.writeRingBuff</name>
         <load_address>0x3070</load_address>
         <readonly>true</readonly>
         <executable>true</executable>
         <run_address>0x3070</run_address>
         <size>0x48</size>
         <alignment>0x4</alignment>
         <input_file_ref idref="fl-a"/>
      </object_component>
      <object_component id="oc-150">
         <name>.text.static_show_scope</name>
         <load_address>0x30b8</load_address>
         <readonly>true</readonly>
         <executable>true</executable>
         <run_address>0x30b8</run_address>
         <size>0x44</size>
         <alignment>0x4</alignment>
         <input_file_ref idref="fl-8"/>
      </object_component>
      <object_component id="oc-18f">
         <name>.text.DL_ADC12_setClockConfig</name>
         <load_address>0x30fc</load_address>
         <readonly>true</readonly>
         <executable>true</executable>
         <run_address>0x30fc</run_address>
         <size>0x40</size>
         <alignment>0x4</alignment>
         <input_file_ref idref="fl-1b"/>
      </object_component>
      <object_component id="oc-108">
         <name>.text.SYSCFG_DL_UART_1_init</name>
         <load_address>0x313c</load_address>
         <readonly>true</readonly>
         <executable>true</executable>
         <run_address>0x313c</run_address>
         <size>0x40</size>
         <alignment>0x4</alignment>
         <input_file_ref idref="fl-2"/>
      </object_component>
      <object_component id="oc-b8">
         <name>.text.__aeabi_uidivmod</name>
         <load_address>0x317c</load_address>
         <readonly>true</readonly>
         <executable>true</executable>
         <run_address>0x317c</run_address>
         <size>0x40</size>
         <alignment>0x4</alignment>
         <input_file_ref idref="fl-10b"/>
      </object_component>
      <object_component id="oc-123">
         <name>.text.__extendsfdf2</name>
         <load_address>0x31bc</load_address>
         <readonly>true</readonly>
         <executable>true</executable>
         <run_address>0x31bc</run_address>
         <size>0x40</size>
         <alignment>0x4</alignment>
         <input_file_ref idref="fl-fe"/>
      </object_component>
      <object_component id="oc-23a">
         <name>.text.atoi</name>
         <load_address>0x31fc</load_address>
         <readonly>true</readonly>
         <executable>true</executable>
         <run_address>0x31fc</run_address>
         <size>0x40</size>
         <alignment>0x4</alignment>
         <input_file_ref idref="fl-47"/>
      </object_component>
      <object_component id="oc-1c5">
         <name>.text.__gtsf2</name>
         <load_address>0x323c</load_address>
         <readonly>true</readonly>
         <executable>true</executable>
         <run_address>0x323c</run_address>
         <size>0x3c</size>
         <alignment>0x4</alignment>
         <input_file_ref idref="fl-10d"/>
      </object_component>
      <object_component id="oc-225">
         <name>.text.draw_line</name>
         <load_address>0x3278</load_address>
         <readonly>true</readonly>
         <executable>true</executable>
         <run_address>0x3278</run_address>
         <size>0x3c</size>
         <alignment>0x4</alignment>
         <input_file_ref idref="fl-8"/>
      </object_component>
      <object_component id="oc-e5">
         <name>.text:__TI_auto_init_nobinit_nopinit</name>
         <load_address>0x32b4</load_address>
         <readonly>true</readonly>
         <executable>true</executable>
         <run_address>0x32b4</run_address>
         <size>0x3c</size>
         <alignment>0x4</alignment>
         <input_file_ref idref="fl-37"/>
      </object_component>
      <object_component id="oc-1c0">
         <name>.text.__eqsf2</name>
         <load_address>0x32f0</load_address>
         <readonly>true</readonly>
         <executable>true</executable>
         <run_address>0x32f0</run_address>
         <size>0x3a</size>
         <alignment>0x4</alignment>
         <input_file_ref idref="fl-10d"/>
      </object_component>
      <object_component id="oc-1c8">
         <name>.text.__muldsi3</name>
         <load_address>0x332c</load_address>
         <readonly>true</readonly>
         <executable>true</executable>
         <run_address>0x332c</run_address>
         <size>0x3a</size>
         <alignment>0x4</alignment>
         <input_file_ref idref="fl-fa"/>
      </object_component>
      <object_component id="oc-1d0">
         <name>.text.__fixsfsi</name>
         <load_address>0x3368</load_address>
         <readonly>true</readonly>
         <executable>true</executable>
         <run_address>0x3368</run_address>
         <size>0x38</size>
         <alignment>0x4</alignment>
         <input_file_ref idref="fl-100"/>
      </object_component>
      <object_component id="oc-10f">
         <name>.text.sprintf</name>
         <load_address>0x33a0</load_address>
         <readonly>true</readonly>
         <executable>true</executable>
         <run_address>0x33a0</run_address>
         <size>0x38</size>
         <alignment>0x4</alignment>
         <input_file_ref idref="fl-33"/>
      </object_component>
      <object_component id="oc-171">
         <name>.text.DL_GPIO_initDigitalInputFeatures</name>
         <load_address>0x33d8</load_address>
         <readonly>true</readonly>
         <executable>true</executable>
         <run_address>0x33d8</run_address>
         <size>0x34</size>
         <alignment>0x4</alignment>
         <input_file_ref idref="fl-2"/>
      </object_component>
      <object_component id="oc-11d">
         <name>.text.__NVIC_DisableIRQ</name>
         <load_address>0x340c</load_address>
         <readonly>true</readonly>
         <executable>true</executable>
         <run_address>0x340c</run_address>
         <size>0x34</size>
         <alignment>0x4</alignment>
         <input_file_ref idref="fl-4"/>
      </object_component>
      <object_component id="oc-1d6">
         <name>.text.clr_scr</name>
         <load_address>0x3440</load_address>
         <readonly>true</readonly>
         <executable>true</executable>
         <run_address>0x3440</run_address>
         <size>0x34</size>
         <alignment>0x4</alignment>
         <input_file_ref idref="fl-8"/>
      </object_component>
      <object_component id="oc-224">
         <name>.text.draw_dot</name>
         <load_address>0x3474</load_address>
         <readonly>true</readonly>
         <executable>true</executable>
         <run_address>0x3474</run_address>
         <size>0x34</size>
         <alignment>0x4</alignment>
         <input_file_ref idref="fl-8"/>
      </object_component>
      <object_component id="oc-12b">
         <name>.text.DL_ADC12_getMemResult</name>
         <load_address>0x34a8</load_address>
         <readonly>true</readonly>
         <executable>true</executable>
         <run_address>0x34a8</run_address>
         <size>0x30</size>
         <alignment>0x4</alignment>
         <input_file_ref idref="fl-4"/>
      </object_component>
      <object_component id="oc-106">
         <name>.text.SYSCFG_DL_SYSCTL_init</name>
         <load_address>0x34d8</load_address>
         <readonly>true</readonly>
         <executable>true</executable>
         <run_address>0x34d8</run_address>
         <size>0x30</size>
         <alignment>0x2</alignment>
         <input_file_ref idref="fl-2"/>
      </object_component>
      <object_component id="oc-43">
         <name>.text.UART2_IRQHandler</name>
         <load_address>0x3508</load_address>
         <readonly>true</readonly>
         <executable>true</executable>
         <run_address>0x3508</run_address>
         <size>0x30</size>
         <alignment>0x4</alignment>
         <input_file_ref idref="fl-d"/>
      </object_component>
      <object_component id="oc-281">
         <name>.text._fcpy</name>
         <load_address>0x3538</load_address>
         <readonly>true</readonly>
         <executable>true</executable>
         <run_address>0x3538</run_address>
         <size>0x30</size>
         <alignment>0x2</alignment>
         <input_file_ref idref="fl-3d"/>
      </object_component>
      <object_component id="oc-1d9">
         <name>.text.read1BFromRingBuff</name>
         <load_address>0x3568</load_address>
         <readonly>true</readonly>
         <executable>true</executable>
         <run_address>0x3568</run_address>
         <size>0x30</size>
         <alignment>0x4</alignment>
         <input_file_ref idref="fl-a"/>
      </object_component>
      <object_component id="oc-3e">
         <name>.text.ADC0_IRQHandler</name>
         <load_address>0x3598</load_address>
         <readonly>true</readonly>
         <executable>true</executable>
         <run_address>0x3598</run_address>
         <size>0x2c</size>
         <alignment>0x4</alignment>
         <input_file_ref idref="fl-4"/>
      </object_component>
      <object_component id="oc-d2">
         <name>.text.__NVIC_ClearPendingIRQ</name>
         <load_address>0x35c4</load_address>
         <readonly>true</readonly>
         <executable>true</executable>
         <run_address>0x35c4</run_address>
         <size>0x2c</size>
         <alignment>0x4</alignment>
         <input_file_ref idref="fl-1"/>
      </object_component>
      <object_component id="oc-144">
         <name>.text.__NVIC_EnableIRQ</name>
         <load_address>0x35f0</load_address>
         <readonly>true</readonly>
         <executable>true</executable>
         <run_address>0x35f0</run_address>
         <size>0x2c</size>
         <alignment>0x4</alignment>
         <input_file_ref idref="fl-4"/>
      </object_component>
      <object_component id="oc-d4">
         <name>.text.__NVIC_EnableIRQ</name>
         <load_address>0x361c</load_address>
         <readonly>true</readonly>
         <executable>true</executable>
         <run_address>0x361c</run_address>
         <size>0x2c</size>
         <alignment>0x4</alignment>
         <input_file_ref idref="fl-1"/>
      </object_component>
      <object_component id="oc-206">
         <name>.text.__floatsidf</name>
         <load_address>0x3648</load_address>
         <readonly>true</readonly>
         <executable>true</executable>
         <run_address>0x3648</run_address>
         <size>0x2c</size>
         <alignment>0x4</alignment>
         <input_file_ref idref="fl-101"/>
      </object_component>
      <object_component id="oc-1be">
         <name>.text.sendData</name>
         <load_address>0x3674</load_address>
         <readonly>true</readonly>
         <executable>true</executable>
         <run_address>0x3674</run_address>
         <size>0x2c</size>
         <alignment>0x4</alignment>
         <input_file_ref idref="fl-d"/>
      </object_component>
      <object_component id="oc-1aa">
         <name>.text.uart0_send_char</name>
         <load_address>0x36a0</load_address>
         <readonly>true</readonly>
         <executable>true</executable>
         <run_address>0x36a0</run_address>
         <size>0x2c</size>
         <alignment>0x4</alignment>
         <input_file_ref idref="fl-a"/>
      </object_component>
      <object_component id="oc-1f5">
         <name>.text.DL_Common_updateReg</name>
         <load_address>0x36cc</load_address>
         <readonly>true</readonly>
         <executable>true</executable>
         <run_address>0x36cc</run_address>
         <size>0x28</size>
         <alignment>0x2</alignment>
         <input_file_ref idref="fl-2"/>
      </object_component>
      <object_component id="oc-12c">
         <name>.text.__floatunsisf</name>
         <load_address>0x36f4</load_address>
         <readonly>true</readonly>
         <executable>true</executable>
         <run_address>0x36f4</run_address>
         <size>0x28</size>
         <alignment>0x4</alignment>
         <input_file_ref idref="fl-103"/>
      </object_component>
      <object_component id="oc-13a">
         <name>.text.sendNum</name>
         <load_address>0x371c</load_address>
         <readonly>true</readonly>
         <executable>true</executable>
         <run_address>0x371c</run_address>
         <size>0x28</size>
         <alignment>0x4</alignment>
         <input_file_ref idref="fl-d"/>
      </object_component>
      <object_component id="oc-63">
         <name>.text:_c_int00_noargs</name>
         <load_address>0x3744</load_address>
         <readonly>true</readonly>
         <executable>true</executable>
         <run_address>0x3744</run_address>
         <size>0x28</size>
         <alignment>0x4</alignment>
         <input_file_ref idref="fl-35"/>
      </object_component>
      <object_component id="oc-122">
         <name>.text.sendString</name>
         <load_address>0x376c</load_address>
         <readonly>true</readonly>
         <executable>true</executable>
         <run_address>0x376c</run_address>
         <size>0x26</size>
         <alignment>0x2</alignment>
         <input_file_ref idref="fl-d"/>
      </object_component>
      <object_component id="oc-cd">
         <name>.text.SYSCFG_DL_init</name>
         <load_address>0x3792</load_address>
         <readonly>true</readonly>
         <executable>true</executable>
         <run_address>0x3792</run_address>
         <size>0x24</size>
         <alignment>0x2</alignment>
         <input_file_ref idref="fl-2"/>
      </object_component>
      <object_component id="oc-228">
         <name>.text.__floatunsidf</name>
         <load_address>0x37b8</load_address>
         <readonly>true</readonly>
         <executable>true</executable>
         <run_address>0x37b8</run_address>
         <size>0x24</size>
         <alignment>0x4</alignment>
         <input_file_ref idref="fl-102"/>
      </object_component>
      <object_component id="oc-247">
         <name>.text.__muldi3</name>
         <load_address>0x37dc</load_address>
         <readonly>true</readonly>
         <executable>true</executable>
         <run_address>0x37dc</run_address>
         <size>0x24</size>
         <alignment>0x4</alignment>
         <input_file_ref idref="fl-104"/>
      </object_component>
      <object_component id="oc-233">
         <name>.text.memccpy</name>
         <load_address>0x3800</load_address>
         <readonly>true</readonly>
         <executable>true</executable>
         <run_address>0x3800</run_address>
         <size>0x22</size>
         <alignment>0x2</alignment>
         <input_file_ref idref="fl-49"/>
      </object_component>
      <object_component id="oc-16f">
         <name>.text.DL_GPIO_initPeripheralInputFunction</name>
         <load_address>0x3824</load_address>
         <readonly>true</readonly>
         <executable>true</executable>
         <run_address>0x3824</run_address>
         <size>0x20</size>
         <alignment>0x4</alignment>
         <input_file_ref idref="fl-2"/>
      </object_component>
      <object_component id="oc-17e">
         <name>.text.DL_SYSCTL_setMFPCLKSource</name>
         <load_address>0x3844</load_address>
         <readonly>true</readonly>
         <executable>true</executable>
         <run_address>0x3844</run_address>
         <size>0x20</size>
         <alignment>0x4</alignment>
         <input_file_ref idref="fl-2"/>
      </object_component>
      <object_component id="oc-10b">
         <name>.text.SYSCFG_DL_DAC12_init</name>
         <load_address>0x3864</load_address>
         <readonly>true</readonly>
         <executable>true</executable>
         <run_address>0x3864</run_address>
         <size>0x20</size>
         <alignment>0x4</alignment>
         <input_file_ref idref="fl-2"/>
      </object_component>
      <object_component id="oc-139">
         <name>.text.vol2deg</name>
         <load_address>0x3884</load_address>
         <readonly>true</readonly>
         <executable>true</executable>
         <run_address>0x3884</run_address>
         <size>0x20</size>
         <alignment>0x4</alignment>
         <input_file_ref idref="fl-7"/>
      </object_component>
      <object_component id="oc-138">
         <name>.text.vol2gain</name>
         <load_address>0x38a4</load_address>
         <readonly>true</readonly>
         <executable>true</executable>
         <run_address>0x38a4</run_address>
         <size>0x20</size>
         <alignment>0x4</alignment>
         <input_file_ref idref="fl-7"/>
      </object_component>
      <object_component id="oc-187">
         <name>.text.DL_UART_setOversampling</name>
         <load_address>0x38c4</load_address>
         <readonly>true</readonly>
         <executable>true</executable>
         <run_address>0x38c4</run_address>
         <size>0x1e</size>
         <alignment>0x2</alignment>
         <input_file_ref idref="fl-2"/>
      </object_component>
      <object_component id="oc-286">
         <name>.text.__ashldi3</name>
         <load_address>0x38e4</load_address>
         <readonly>true</readonly>
         <executable>true</executable>
         <run_address>0x38e4</run_address>
         <size>0x1e</size>
         <alignment>0x4</alignment>
         <input_file_ref idref="fl-10f"/>
      </object_component>
      <object_component id="oc-198">
         <name>.text.DL_ADC12_clearInterruptStatus</name>
         <load_address>0x3904</load_address>
         <readonly>true</readonly>
         <executable>true</executable>
         <run_address>0x3904</run_address>
         <size>0x1c</size>
         <alignment>0x4</alignment>
         <input_file_ref idref="fl-2"/>
      </object_component>
      <object_component id="oc-199">
         <name>.text.DL_ADC12_enableInterrupt</name>
         <load_address>0x3920</load_address>
         <readonly>true</readonly>
         <executable>true</executable>
         <run_address>0x3920</run_address>
         <size>0x1c</size>
         <alignment>0x4</alignment>
         <input_file_ref idref="fl-2"/>
      </object_component>
      <object_component id="oc-11f">
         <name>.text.DL_ADC12_startConversion</name>
         <load_address>0x393c</load_address>
         <readonly>true</readonly>
         <executable>true</executable>
         <run_address>0x393c</run_address>
         <size>0x1c</size>
         <alignment>0x4</alignment>
         <input_file_ref idref="fl-4"/>
      </object_component>
      <object_component id="oc-10e">
         <name>.text.DL_DAC12_output12</name>
         <load_address>0x3958</load_address>
         <readonly>true</readonly>
         <executable>true</executable>
         <run_address>0x3958</run_address>
         <size>0x1c</size>
         <alignment>0x4</alignment>
         <input_file_ref idref="fl-6"/>
      </object_component>
      <object_component id="oc-77">
         <name>.text.DL_GPIO_clearInterruptStatus</name>
         <load_address>0x3974</load_address>
         <readonly>true</readonly>
         <executable>true</executable>
         <run_address>0x3974</run_address>
         <size>0x1c</size>
         <alignment>0x4</alignment>
         <input_file_ref idref="fl-1"/>
      </object_component>
      <object_component id="oc-176">
         <name>.text.DL_GPIO_clearInterruptStatus</name>
         <load_address>0x3990</load_address>
         <readonly>true</readonly>
         <executable>true</executable>
         <run_address>0x3990</run_address>
         <size>0x1c</size>
         <alignment>0x4</alignment>
         <input_file_ref idref="fl-2"/>
      </object_component>
      <object_component id="oc-177">
         <name>.text.DL_GPIO_enableInterrupt</name>
         <load_address>0x39ac</load_address>
         <readonly>true</readonly>
         <executable>true</executable>
         <run_address>0x39ac</run_address>
         <size>0x1c</size>
         <alignment>0x4</alignment>
         <input_file_ref idref="fl-2"/>
      </object_component>
      <object_component id="oc-172">
         <name>.text.DL_GPIO_initDigitalInput</name>
         <load_address>0x39c8</load_address>
         <readonly>true</readonly>
         <executable>true</executable>
         <run_address>0x39c8</run_address>
         <size>0x1c</size>
         <alignment>0x4</alignment>
         <input_file_ref idref="fl-2"/>
      </object_component>
      <object_component id="oc-16e">
         <name>.text.DL_GPIO_initPeripheralOutputFunction</name>
         <load_address>0x39e4</load_address>
         <readonly>true</readonly>
         <executable>true</executable>
         <run_address>0x39e4</run_address>
         <size>0x1c</size>
         <alignment>0x4</alignment>
         <input_file_ref idref="fl-2"/>
      </object_component>
      <object_component id="oc-175">
         <name>.text.DL_GPIO_setLowerPinsPolarity</name>
         <load_address>0x3a00</load_address>
         <readonly>true</readonly>
         <executable>true</executable>
         <run_address>0x3a00</run_address>
         <size>0x1c</size>
         <alignment>0x4</alignment>
         <input_file_ref idref="fl-2"/>
      </object_component>
      <object_component id="oc-71">
         <name>.text.DL_Interrupt_getPendingGroup</name>
         <load_address>0x3a1c</load_address>
         <readonly>true</readonly>
         <executable>true</executable>
         <run_address>0x3a1c</run_address>
         <size>0x1c</size>
         <alignment>0x4</alignment>
         <input_file_ref idref="fl-1"/>
      </object_component>
      <object_component id="oc-17a">
         <name>.text.DL_SYSCTL_setSYSOSCFreq</name>
         <load_address>0x3a38</load_address>
         <readonly>true</readonly>
         <executable>true</executable>
         <run_address>0x3a38</run_address>
         <size>0x1c</size>
         <alignment>0x4</alignment>
         <input_file_ref idref="fl-2"/>
      </object_component>
      <object_component id="oc-189">
         <name>.text.DL_UART_enableInterrupt</name>
         <load_address>0x3a54</load_address>
         <readonly>true</readonly>
         <executable>true</executable>
         <run_address>0x3a54</run_address>
         <size>0x1c</size>
         <alignment>0x4</alignment>
         <input_file_ref idref="fl-2"/>
      </object_component>
      <object_component id="oc-143">
         <name>.text.instant_show_scope_without_cursor</name>
         <load_address>0x3a70</load_address>
         <readonly>true</readonly>
         <executable>true</executable>
         <run_address>0x3a70</run_address>
         <size>0x1c</size>
         <alignment>0x4</alignment>
         <input_file_ref idref="fl-8"/>
      </object_component>
      <object_component id="oc-168">
         <name>.text.DL_ADC12_enablePower</name>
         <load_address>0x3a8c</load_address>
         <readonly>true</readonly>
         <executable>true</executable>
         <run_address>0x3a8c</run_address>
         <size>0x18</size>
         <alignment>0x4</alignment>
         <input_file_ref idref="fl-2"/>
      </object_component>
      <object_component id="oc-164">
         <name>.text.DL_ADC12_reset</name>
         <load_address>0x3aa4</load_address>
         <readonly>true</readonly>
         <executable>true</executable>
         <run_address>0x3aa4</run_address>
         <size>0x18</size>
         <alignment>0x4</alignment>
         <input_file_ref idref="fl-2"/>
      </object_component>
      <object_component id="oc-197">
         <name>.text.DL_ADC12_setSampleTime0</name>
         <load_address>0x3abc</load_address>
         <readonly>true</readonly>
         <executable>true</executable>
         <run_address>0x3abc</run_address>
         <size>0x18</size>
         <alignment>0x4</alignment>
         <input_file_ref idref="fl-2"/>
      </object_component>
      <object_component id="oc-169">
         <name>.text.DL_DAC12_enablePower</name>
         <load_address>0x3ad4</load_address>
         <readonly>true</readonly>
         <executable>true</executable>
         <run_address>0x3ad4</run_address>
         <size>0x18</size>
         <alignment>0x4</alignment>
         <input_file_ref idref="fl-2"/>
      </object_component>
      <object_component id="oc-165">
         <name>.text.DL_DAC12_reset</name>
         <load_address>0x3aec</load_address>
         <readonly>true</readonly>
         <executable>true</executable>
         <run_address>0x3aec</run_address>
         <size>0x18</size>
         <alignment>0x4</alignment>
         <input_file_ref idref="fl-2"/>
      </object_component>
      <object_component id="oc-174">
         <name>.text.DL_GPIO_enableOutput</name>
         <load_address>0x3b04</load_address>
         <readonly>true</readonly>
         <executable>true</executable>
         <run_address>0x3b04</run_address>
         <size>0x18</size>
         <alignment>0x4</alignment>
         <input_file_ref idref="fl-2"/>
      </object_component>
      <object_component id="oc-166">
         <name>.text.DL_GPIO_enablePower</name>
         <load_address>0x3b1c</load_address>
         <readonly>true</readonly>
         <executable>true</executable>
         <run_address>0x3b1c</run_address>
         <size>0x18</size>
         <alignment>0x4</alignment>
         <input_file_ref idref="fl-2"/>
      </object_component>
      <object_component id="oc-170">
         <name>.text.DL_GPIO_initDigitalOutput</name>
         <load_address>0x3b34</load_address>
         <readonly>true</readonly>
         <executable>true</executable>
         <run_address>0x3b34</run_address>
         <size>0x18</size>
         <alignment>0x4</alignment>
         <input_file_ref idref="fl-2"/>
      </object_component>
      <object_component id="oc-162">
         <name>.text.DL_GPIO_reset</name>
         <load_address>0x3b4c</load_address>
         <readonly>true</readonly>
         <executable>true</executable>
         <run_address>0x3b4c</run_address>
         <size>0x18</size>
         <alignment>0x4</alignment>
         <input_file_ref idref="fl-2"/>
      </object_component>
      <object_component id="oc-178">
         <name>.text.DL_GPIO_setUpperPinsPolarity</name>
         <load_address>0x3b64</load_address>
         <readonly>true</readonly>
         <executable>true</executable>
         <run_address>0x3b64</run_address>
         <size>0x18</size>
         <alignment>0x2</alignment>
         <input_file_ref idref="fl-2"/>
      </object_component>
      <object_component id="oc-81">
         <name>.text.DL_GPIO_togglePins</name>
         <load_address>0x3b7c</load_address>
         <readonly>true</readonly>
         <executable>true</executable>
         <run_address>0x3b7c</run_address>
         <size>0x18</size>
         <alignment>0x4</alignment>
         <input_file_ref idref="fl-4"/>
      </object_component>
      <object_component id="oc-1e2">
         <name>.text.DL_GPIO_togglePins</name>
         <load_address>0x3b94</load_address>
         <readonly>true</readonly>
         <executable>true</executable>
         <run_address>0x3b94</run_address>
         <size>0x18</size>
         <alignment>0x4</alignment>
         <input_file_ref idref="fl-5"/>
      </object_component>
      <object_component id="oc-78">
         <name>.text.DL_GPIO_togglePins</name>
         <load_address>0x3bac</load_address>
         <readonly>true</readonly>
         <executable>true</executable>
         <run_address>0x3bac</run_address>
         <size>0x18</size>
         <alignment>0x4</alignment>
         <input_file_ref idref="fl-1"/>
      </object_component>
      <object_component id="oc-179">
         <name>.text.DL_SYSCTL_setBORThreshold</name>
         <load_address>0x3bc4</load_address>
         <readonly>true</readonly>
         <executable>true</executable>
         <run_address>0x3bc4</run_address>
         <size>0x18</size>
         <alignment>0x4</alignment>
         <input_file_ref idref="fl-2"/>
      </object_component>
      <object_component id="oc-167">
         <name>.text.DL_UART_enablePower</name>
         <load_address>0x3bdc</load_address>
         <readonly>true</readonly>
         <executable>true</executable>
         <run_address>0x3bdc</run_address>
         <size>0x18</size>
         <alignment>0x4</alignment>
         <input_file_ref idref="fl-2"/>
      </object_component>
      <object_component id="oc-21d">
         <name>.text.DL_UART_isBusy</name>
         <load_address>0x3bf4</load_address>
         <readonly>true</readonly>
         <executable>true</executable>
         <run_address>0x3bf4</run_address>
         <size>0x18</size>
         <alignment>0x4</alignment>
         <input_file_ref idref="fl-d"/>
      </object_component>
      <object_component id="oc-204">
         <name>.text.DL_UART_isBusy</name>
         <load_address>0x3c0c</load_address>
         <readonly>true</readonly>
         <executable>true</executable>
         <run_address>0x3c0c</run_address>
         <size>0x18</size>
         <alignment>0x4</alignment>
         <input_file_ref idref="fl-a"/>
      </object_component>
      <object_component id="oc-163">
         <name>.text.DL_UART_reset</name>
         <load_address>0x3c24</load_address>
         <readonly>true</readonly>
         <executable>true</executable>
         <run_address>0x3c24</run_address>
         <size>0x18</size>
         <alignment>0x4</alignment>
         <input_file_ref idref="fl-2"/>
      </object_component>
      <object_component id="oc-1a6">
         <name>.text._outs</name>
         <load_address>0x3c3c</load_address>
         <readonly>true</readonly>
         <executable>true</executable>
         <run_address>0x3c3c</run_address>
         <size>0x18</size>
         <alignment>0x2</alignment>
         <input_file_ref idref="fl-33"/>
      </object_component>
      <object_component id="oc-11e">
         <name>.text.DL_ADC12_enableConversions</name>
         <load_address>0x3c54</load_address>
         <readonly>true</readonly>
         <executable>true</executable>
         <run_address>0x3c54</run_address>
         <size>0x16</size>
         <alignment>0x2</alignment>
         <input_file_ref idref="fl-4"/>
      </object_component>
      <object_component id="oc-19a">
         <name>.text.DL_ADC12_enableConversions</name>
         <load_address>0x3c6a</load_address>
         <readonly>true</readonly>
         <executable>true</executable>
         <run_address>0x3c6a</run_address>
         <size>0x16</size>
         <alignment>0x2</alignment>
         <input_file_ref idref="fl-2"/>
      </object_component>
      <object_component id="oc-d3">
         <name>.text.DL_DAC12_enable</name>
         <load_address>0x3c80</load_address>
         <readonly>true</readonly>
         <executable>true</executable>
         <run_address>0x3c80</run_address>
         <size>0x16</size>
         <alignment>0x2</alignment>
[...]
         <object_component_ref idref="oc-1da"/>
      </symbol>
      <symbol id="sm-247">
         <name>read1BFromRingBuff</name>
         <value>0x3569</value>
         <object_component_ref idref="oc-1d9"/>
      </symbol>
      <symbol id="sm-248">
         <name>getRingBuffLength</name>
         <value>0x3ead</value>
         <object_component_ref idref="oc-1d8"/>
      </symbol>
      <symbol id="sm-255">
         <name>get_rotate_dir</name>
         <value>0x2a09</value>
         <object_component_ref idref="oc-72"/>
      </symbol>
      <symbol id="sm-262">
         <name>delay_times</name>
         <value>0x20200be8</value>
         <object_component_ref idref="oc-6b"/>
      </symbol>
      <symbol id="sm-263">
         <name>SysTick_Handler</name>
         <value>0x1cd1</value>
         <object_component_ref idref="oc-34"/>
      </symbol>
      <symbol id="sm-264">
         <name>Tick</name>
         <value>0x20200bd4</value>
         <object_component_ref idref="oc-6c"/>
      </symbol>
      <symbol id="sm-285">
         <name>sendData</name>
         <value>0x3675</value>
         <object_component_ref idref="oc-1be"/>
      </symbol>
      <symbol id="sm-286">
         <name>sendString</name>
         <value>0x376d</value>
         <object_component_ref idref="oc-122"/>
      </symbol>
      <symbol id="sm-287">
         <name>sendNum</name>
         <value>0x371d</value>
         <object_component_ref idref="oc-13a"/>
      </symbol>
      <symbol id="sm-288">
         <name>UART2_IRQHandler</name>
         <value>0x3509</value>
         <object_component_ref idref="oc-43"/>
      </symbol>
      <symbol id="sm-289">
         <name>__TI_ATRegion0_src_addr</name>
         <value>0x0</value>
      </symbol>
      <symbol id="sm-28a">
         <name>__TI_ATRegion0_trg_addr</name>
         <value>0x0</value>
      </symbol>
      <symbol id="sm-28b">
         <name>__TI_ATRegion0_region_sz</name>
         <value>0x0</value>
      </symbol>
      <symbol id="sm-28c">
         <name>__TI_ATRegion1_src_addr</name>
         <value>0x0</value>
      </symbol>
      <symbol id="sm-28d">
         <name>__TI_ATRegion1_trg_addr</name>
         <value>0x0</value>
      </symbol>
      <symbol id="sm-28e">
         <name>__TI_ATRegion1_region_sz</name>
         <value>0x0</value>
      </symbol>
      <symbol id="sm-28f">
         <name>__TI_ATRegion2_src_addr</name>
         <value>0x0</value>
      </symbol>
      <symbol id="sm-290">
         <name>__TI_ATRegion2_trg_addr</name>
         <value>0x0</value>
      </symbol>
      <symbol id="sm-291">
         <name>__TI_ATRegion2_region_sz</name>
         <value>0x0</value>
      </symbol>
      <symbol id="sm-29c">
         <name>DL_ADC12_setClockConfig</name>
         <value>0x30fd</value>
         <object_component_ref idref="oc-18f"/>
      </symbol>
      <symbol id="sm-2a5">
         <name>DL_Common_delayCycles</name>
         <value>0x3eb9</value>
         <object_component_ref idref="oc-16a"/>
      </symbol>
      <symbol id="sm-2b0">
         <name>DL_DAC12_init</name>
         <value>0x2265</value>
         <object_component_ref idref="oc-19d"/>
      </symbol>
      <symbol id="sm-2bd">
         <name>DL_UART_init</name>
         <value>0x2fe1</value>
         <object_component_ref idref="oc-186"/>
      </symbol>
      <symbol id="sm-2be">
         <name>DL_UART_setClockConfig</name>
         <value>0x3dd1</value>
         <object_component_ref idref="oc-180"/>
      </symbol>
      <symbol id="sm-2cf">
         <name>sprintf</name>
         <value>0x33a1</value>
         <object_component_ref idref="oc-10f"/>
      </symbol>
      <symbol id="sm-2db">
         <name>_c_int00_noargs</name>
         <value>0x3745</value>
         <object_component_ref idref="oc-63"/>
      </symbol>
      <symbol id="sm-2dc">
         <name>__stack</name>
         <value>0x20207e00</value>
         <object_component_ref idref="oc-1a"/>
      </symbol>
      <symbol id="sm-2e8">
         <name>__TI_auto_init_nobinit_nopinit</name>
         <value>0x32b5</value>
         <object_component_ref idref="oc-e5"/>
      </symbol>
      <symbol id="sm-2f0">
         <name>_system_pre_init</name>
         <value>0x3f05</value>
         <object_component_ref idref="oc-99"/>
      </symbol>
      <symbol id="sm-2fb">
         <name>__TI_zero_init</name>
         <value>0x3e59</value>
         <object_component_ref idref="oc-60"/>
      </symbol>
      <symbol id="sm-304">
         <name>__TI_decompress_none</name>
         <value>0x3df5</value>
         <object_component_ref idref="oc-20"/>
      </symbol>
      <symbol id="sm-30f">
         <name>__TI_decompress_lzss</name>
         <value>0x23f5</value>
         <object_component_ref idref="oc-1c"/>
      </symbol>
      <symbol id="sm-358">
         <name>__TI_printfi</name>
         <value>0xc1</value>
         <object_component_ref idref="oc-203"/>
      </symbol>
      <symbol id="sm-361">
         <name>wcslen</name>
         <value>0x3e49</value>
         <object_component_ref idref="oc-23e"/>
      </symbol>
      <symbol id="sm-36b">
         <name>frexp</name>
         <value>0x2a69</value>
         <object_component_ref idref="oc-272"/>
      </symbol>
      <symbol id="sm-36c">
         <name>frexpl</name>
         <value>0x2a69</value>
         <object_component_ref idref="oc-272"/>
      </symbol>
      <symbol id="sm-376">
         <name>scalbn</name>
         <value>0x1db1</value>
         <object_component_ref idref="oc-276"/>
      </symbol>
      <symbol id="sm-377">
         <name>ldexp</name>
         <value>0x1db1</value>
         <object_component_ref idref="oc-276"/>
      </symbol>
      <symbol id="sm-378">
         <name>scalbnl</name>
         <value>0x1db1</value>
         <object_component_ref idref="oc-276"/>
      </symbol>
      <symbol id="sm-379">
         <name>ldexpl</name>
         <value>0x1db1</value>
         <object_component_ref idref="oc-276"/>
      </symbol>
      <symbol id="sm-384">
         <name>__aeabi_errno_addr</name>
         <value>0x3ef1</value>
         <object_component_ref idref="oc-242"/>
      </symbol>
      <symbol id="sm-385">
         <name>__aeabi_errno</name>
         <value>0x20200bd8</value>
         <object_component_ref idref="oc-268"/>
      </symbol>
      <symbol id="sm-38f">
         <name>abort</name>
         <value>0x3f09</value>
         <object_component_ref idref="oc-de"/>
      </symbol>
      <symbol id="sm-390">
         <name>C$$EXIT</name>
         <value>0x3f08</value>
         <object_component_ref idref="oc-de"/>
      </symbol>
      <symbol id="sm-39a">
         <name>__TI_ltoa</name>
         <value>0x2b21</value>
         <object_component_ref idref="oc-27a"/>
      </symbol>
      <symbol id="sm-3a6">
         <name>atoi</name>
         <value>0x31fd</value>
         <object_component_ref idref="oc-23a"/>
      </symbol>
      <symbol id="sm-3b0">
         <name>memccpy</name>
         <value>0x3801</value>
         <object_component_ref idref="oc-233"/>
      </symbol>
      <symbol id="sm-3b6">
         <name>__aeabi_ctype_table_</name>
         <value>0x3f10</value>
         <object_component_ref idref="oc-261"/>
      </symbol>
      <symbol id="sm-3b7">
         <name>__aeabi_ctype_table_C</name>
         <value>0x3f10</value>
         <object_component_ref idref="oc-261"/>
      </symbol>
      <symbol id="sm-3cf">
         <name>__aeabi_fadd</name>
         <value>0x1e93</value>
         <object_component_ref idref="oc-13b"/>
      </symbol>
      <symbol id="sm-3d0">
         <name>__addsf3</name>
         <value>0x1e93</value>
         <object_component_ref idref="oc-13b"/>
      </symbol>
      <symbol id="sm-3d1">
         <name>__aeabi_fsub</name>
         <value>0x1e89</value>
         <object_component_ref idref="oc-13b"/>
      </symbol>
      <symbol id="sm-3d2">
         <name>__subsf3</name>
         <value>0x1e89</value>
         <object_component_ref idref="oc-13b"/>
      </symbol>
      <symbol id="sm-3d8">
         <name>__aeabi_dadd</name>
         <value>0x12c7</value>
         <object_component_ref idref="oc-1b2"/>
      </symbol>
      <symbol id="sm-3d9">
         <name>__adddf3</name>
         <value>0x12c7</value>
         <object_component_ref idref="oc-1b2"/>
      </symbol>
      <symbol id="sm-3da">
         <name>__aeabi_dsub</name>
         <value>0x12bd</value>
         <object_component_ref idref="oc-1b2"/>
      </symbol>
      <symbol id="sm-3db">
         <name>__subdf3</name>
         <value>0x12bd</value>
         <object_component_ref idref="oc-1b2"/>
      </symbol>
      <symbol id="sm-3e4">
         <name>__aeabi_dmul</name>
         <value>0x1bed</value>
         <object_component_ref idref="oc-20a"/>
      </symbol>
      <symbol id="sm-3e5">
         <name>__muldf3</name>
         <value>0x1bed</value>
         <object_component_ref idref="oc-20a"/>
      </symbol>
      <symbol id="sm-3eb">
         <name>__muldsi3</name>
         <value>0x332d</value>
         <object_component_ref idref="oc-1c8"/>
      </symbol>
      <symbol id="sm-3f1">
         <name>__aeabi_fmul</name>
         <value>0x21d9</value>
         <object_component_ref idref="oc-130"/>
      </symbol>
      <symbol id="sm-3f2">
         <name>__mulsf3</name>
         <value>0x21d9</value>
         <object_component_ref idref="oc-130"/>
      </symbol>
      <symbol id="sm-3f8">
         <name>__aeabi_fdiv</name>
         <value>0x2371</value>
         <object_component_ref idref="oc-134"/>
      </symbol>
      <symbol id="sm-3f9">
         <name>__divsf3</name>
         <value>0x2371</value>
         <object_component_ref idref="oc-134"/>
      </symbol>
      <symbol id="sm-3ff">
         <name>__aeabi_ddiv</name>
         <value>0x18f5</value>
         <object_component_ref idref="oc-1b6"/>
      </symbol>
      <symbol id="sm-400">
         <name>__divdf3</name>
         <value>0x18f5</value>
         <object_component_ref idref="oc-1b6"/>
      </symbol>
      <symbol id="sm-406">
         <name>__aeabi_f2d</name>
         <value>0x31bd</value>
         <object_component_ref idref="oc-123"/>
      </symbol>
      <symbol id="sm-407">
         <name>__extendsfdf2</name>
         <value>0x31bd</value>
         <object_component_ref idref="oc-123"/>
      </symbol>
      <symbol id="sm-40d">
         <name>__aeabi_d2iz</name>
         <value>0x2f95</value>
         <object_component_ref idref="oc-1ba"/>
      </symbol>
      <symbol id="sm-40e">
         <name>__fixdfsi</name>
         <value>0x2f95</value>
         <object_component_ref idref="oc-1ba"/>
      </symbol>
      <symbol id="sm-414">
         <name>__aeabi_f2iz</name>
         <value>0x3369</value>
         <object_component_ref idref="oc-1d0"/>
      </symbol>
      <symbol id="sm-415">
         <name>__fixsfsi</name>
         <value>0x3369</value>
         <object_component_ref idref="oc-1d0"/>
      </symbol>
      <symbol id="sm-41b">
         <name>__aeabi_i2d</name>
         <value>0x3649</value>
         <object_component_ref idref="oc-206"/>
      </symbol>
      <symbol id="sm-41c">
         <name>__floatsidf</name>
         <value>0x3649</value>
         <object_component_ref idref="oc-206"/>
      </symbol>
      <symbol id="sm-422">
         <name>__aeabi_ui2d</name>
         <value>0x37b9</value>
         <object_component_ref idref="oc-228"/>
      </symbol>
      <symbol id="sm-423">
         <name>__floatunsidf</name>
         <value>0x37b9</value>
         <object_component_ref idref="oc-228"/>
      </symbol>
      <symbol id="sm-429">
         <name>__aeabi_ui2f</name>
         <value>0x36f5</value>
         <object_component_ref idref="oc-12c"/>
      </symbol>
      <symbol id="sm-42a">
         <name>__floatunsisf</name>
         <value>0x36f5</value>
         <object_component_ref idref="oc-12c"/>
      </symbol>
      <symbol id="sm-430">
         <name>__aeabi_lmul</name>
         <value>0x37dd</value>
         <object_component_ref idref="oc-247"/>
      </symbol>
      <symbol id="sm-431">
         <name>__muldi3</name>
         <value>0x37dd</value>
         <object_component_ref idref="oc-247"/>
      </symbol>
      <symbol id="sm-438">
         <name>__aeabi_d2f</name>
         <value>0x2651</value>
         <object_component_ref idref="oc-20e"/>
      </symbol>
      <symbol id="sm-439">
         <name>__truncdfsf2</name>
         <value>0x2651</value>
         <object_component_ref idref="oc-20e"/>
      </symbol>
      <symbol id="sm-43f">
         <name>__aeabi_dcmpeq</name>
         <value>0x28e1</value>
         <object_component_ref idref="oc-1ae"/>
      </symbol>
      <symbol id="sm-440">
         <name>__aeabi_dcmplt</name>
         <value>0x28f5</value>
         <object_component_ref idref="oc-1ae"/>
      </symbol>
      <symbol id="sm-441">
         <name>__aeabi_dcmple</name>
         <value>0x2909</value>
         <object_component_ref idref="oc-1ae"/>
      </symbol>
      <symbol id="sm-442">
         <name>__aeabi_dcmpge</name>
         <value>0x291d</value>
         <object_component_ref idref="oc-1ae"/>
      </symbol>
      <symbol id="sm-443">
         <name>__aeabi_dcmpgt</name>
         <value>0x2931</value>
         <object_component_ref idref="oc-1ae"/>
      </symbol>
      <symbol id="sm-449">
         <name>__aeabi_fcmpeq</name>
         <value>0x2945</value>
         <object_component_ref idref="oc-127"/>
      </symbol>
      <symbol id="sm-44a">
         <name>__aeabi_fcmplt</name>
         <value>0x2959</value>
         <object_component_ref idref="oc-127"/>
      </symbol>
      <symbol id="sm-44b">
         <name>__aeabi_fcmple</name>
         <value>0x296d</value>
         <object_component_ref idref="oc-127"/>
      </symbol>
      <symbol id="sm-44c">
         <name>__aeabi_fcmpge</name>
         <value>0x2981</value>
         <object_component_ref idref="oc-127"/>
      </symbol>
      <symbol id="sm-44d">
         <name>__aeabi_fcmpgt</name>
         <value>0x2995</value>
         <object_component_ref idref="oc-127"/>
      </symbol>
      <symbol id="sm-453">
         <name>__aeabi_idiv</name>
         <value>0x2c81</value>
         <object_component_ref idref="oc-291"/>
      </symbol>
      <symbol id="sm-454">
         <name>__aeabi_idivmod</name>
         <value>0x2c81</value>
         <object_component_ref idref="oc-291"/>
      </symbol>
      <symbol id="sm-45a">
         <name>__aeabi_memcpy</name>
         <value>0x3ef9</value>
         <object_component_ref idref="oc-53"/>
      </symbol>
      <symbol id="sm-45b">
         <name>__aeabi_memcpy4</name>
         <value>0x3ef9</value>
         <object_component_ref idref="oc-53"/>
      </symbol>
      <symbol id="sm-45c">
         <name>__aeabi_memcpy8</name>
         <value>0x3ef9</value>
         <object_component_ref idref="oc-53"/>
      </symbol>
      <symbol id="sm-465">
         <name>__aeabi_memset</name>
         <value>0x3e69</value>
         <object_component_ref idref="oc-232"/>
      </symbol>
      <symbol id="sm-466">
         <name>__aeabi_memset4</name>
         <value>0x3e69</value>
         <object_component_ref idref="oc-232"/>
      </symbol>
      <symbol id="sm-467">
         <name>__aeabi_memset8</name>
         <value>0x3e69</value>
         <object_component_ref idref="oc-232"/>
      </symbol>
      <symbol id="sm-468">
         <name>__aeabi_memclr</name>
         <value>0x3ea1</value>
         <object_component_ref idref="oc-94"/>
      </symbol>
      <symbol id="sm-469">
         <name>__aeabi_memclr4</name>
         <value>0x3ea1</value>
         <object_component_ref idref="oc-94"/>
      </symbol>
      <symbol id="sm-46a">
         <name>__aeabi_memclr8</name>
         <value>0x3ea1</value>
         <object_component_ref idref="oc-94"/>
      </symbol>
      <symbol id="sm-470">
         <name>__aeabi_uidiv</name>
         <value>0x317d</value>
         <object_component_ref idref="oc-b8"/>
      </symbol>
      <symbol id="sm-471">
         <name>__aeabi_uidivmod</name>
         <value>0x317d</value>
         <object_component_ref idref="oc-b8"/>
      </symbol>
      <symbol id="sm-477">
         <name>__aeabi_uldivmod</name>
         <value>0x3d85</value>
         <object_component_ref idref="oc-24c"/>
      </symbol>
      <symbol id="sm-480">
         <name>__eqsf2</name>
         <value>0x32f1</value>
         <object_component_ref idref="oc-1c0"/>
      </symbol>
      <symbol id="sm-481">
         <name>__lesf2</name>
         <value>0x32f1</value>
         <object_component_ref idref="oc-1c0"/>
      </symbol>
      <symbol id="sm-482">
         <name>__ltsf2</name>
         <value>0x32f1</value>
         <object_component_ref idref="oc-1c0"/>
      </symbol>
      <symbol id="sm-483">
         <name>__nesf2</name>
         <value>0x32f1</value>
         <object_component_ref idref="oc-1c0"/>
      </symbol>
      <symbol id="sm-484">
         <name>__cmpsf2</name>
         <value>0x32f1</value>
         <object_component_ref idref="oc-1c0"/>
      </symbol>
      <symbol id="sm-485">
         <name>__gtsf2</name>
         <value>0x323d</value>
         <object_component_ref idref="oc-1c5"/>
      </symbol>
      <symbol id="sm-486">
         <name>__gesf2</name>
         <value>0x323d</value>
         <object_component_ref idref="oc-1c5"/>
      </symbol>
      <symbol id="sm-48c">
         <name>__udivmoddi4</name>
         <value>0x2011</value>
         <object_component_ref idref="oc-26d"/>
      </symbol>
      <symbol id="sm-492">
         <name>__aeabi_llsl</name>
         <value>0x38e5</value>
         <object_component_ref idref="oc-286"/>
      </symbol>
      <symbol id="sm-493">
         <name>__ashldi3</name>
         <value>0x38e5</value>
         <object_component_ref idref="oc-286"/>
      </symbol>
      <symbol id="sm-4a1">
         <name>__ledf2</name>
         <value>0x2811</value>
         <object_component_ref idref="oc-212"/>
      </symbol>
      <symbol id="sm-4a2">
         <name>__gedf2</name>
         <value>0x25d9</value>
         <object_component_ref idref="oc-218"/>
      </symbol>
      <symbol id="sm-4a3">
         <name>__cmpdf2</name>
         <value>0x2811</value>
         <object_component_ref idref="oc-212"/>
      </symbol>
      <symbol id="sm-4a4">
         <name>__eqdf2</name>
         <value>0x2811</value>
         <object_component_ref idref="oc-212"/>
      </symbol>
      <symbol id="sm-4a5">
         <name>__ltdf2</name>
         <value>0x2811</value>
         <object_component_ref idref="oc-212"/>
      </symbol>
      <symbol id="sm-4a6">
         <name>__nedf2</name>
         <value>0x2811</value>
         <object_component_ref idref="oc-212"/>
      </symbol>
      <symbol id="sm-4a7">
         <name>__gtdf2</name>
         <value>0x25d9</value>
         <object_component_ref idref="oc-218"/>
      </symbol>
      <symbol id="sm-4b3">
         <name>__aeabi_idiv0</name>
         <value>0x144f</value>
         <object_component_ref idref="oc-f7"/>
      </symbol>
      <symbol id="sm-4b4">
         <name>__aeabi_ldiv0</name>
         <value>0x20b3</value>
         <object_component_ref idref="oc-285"/>
      </symbol>
      <symbol id="sm-4be">
         <name>TI_memcpy_small</name>
         <value>0x3de3</value>
         <object_component_ref idref="oc-c3"/>
      </symbol>
      <symbol id="sm-4c7">
         <name>TI_memset_small</name>
         <value>0x3e85</value>
         <object_component_ref idref="oc-fe"/>
      </symbol>
      <symbol id="sm-4c8">
         <name>__TI_static_base__</name>
         <value>0x0</value>
      </symbol>
      <symbol id="sm-4cc">
         <name>__mpu_init</name>
         <value>0x0</value>
      </symbol>
      <symbol id="sm-4cd">
         <name>_system_post_cinit</name>
         <value>0x0</value>
      </symbol>
   </symbol_table>
   <title>Link successful</title>
</link_info>
